Archive member included to satisfy reference by file (symbol)

lib/libql_app_peripheral.a(led_cfg_demo.c.obj)
                              components/ql-application/init/CMakeFiles/APPIMAGE_APP.dir/ql_init.c.obj (ql_ledcfg_app_init)
lib/libql_app_peripheral.a(ql_pin_cfg.c.obj)
                              components/ql-application/init/CMakeFiles/APPIMAGE_APP.dir/ql_init.c.obj (ql_pin_cfg_map)
lib/libql_app_power.a(power_demo.c.obj)
                              components/ql-application/init/CMakeFiles/APPIMAGE_APP.dir/ql_init.c.obj (ql_power_app_init)
lib/libql_app_Longi4G.a(LongiMain.c.obj)
                              components/ql-application/init/CMakeFiles/APPIMAGE_APP.dir/ql_init.c.obj (ql_Longi4G_app_init)
lib/libql_app_Longi4G.a(uart_longi.c.obj)
                              lib/libql_app_Longi4G.a(LongiMain.c.obj) (meterlen)
lib/libql_app_Longi4G.a(embed_nor_flash.c.obj)
                              lib/libql_app_Longi4G.a(LongiMain.c.obj) (FLashCheck)
lib/libql_app_Longi4G.a(crc.c.obj)
                              lib/libql_app_Longi4G.a(embed_nor_flash.c.obj) (CrcBlockCalc)
lib/libql_app_Longi4G.a(DLMSProtocol.c.obj)
                              lib/libql_app_Longi4G.a(LongiMain.c.obj) (DLMS_ReadMeterId)
lib/libql_app_Longi4G.a(DLMScrc.c.obj)
                              lib/libql_app_Longi4G.a(DLMSProtocol.c.obj) (DLMSCrcCalc)
lib/libql_app_Longi4G.a(socket_demo.c.obj)
                              lib/libql_app_Longi4G.a(DLMSProtocol.c.obj) (ql_socket_app_init)
lib/libql_app_Longi4G.a(sms_demo.c.obj)
                              lib/libql_app_Longi4G.a(DLMSProtocol.c.obj) (ql_sms_app_init)
lib/libql_app_Longi4G.a(gpio_int_demo.c.obj)
                              lib/libql_app_Longi4G.a(LongiMain.c.obj) (ql_gpioint_app_init)
lib/libql_app_Longi4G.a(DlmsPush.c.obj)
                              lib/libql_app_Longi4G.a(LongiMain.c.obj) (PushHandler)
lib/libql_app_Longi4G.a(Wrapper.c.obj)
                              lib/libql_app_Longi4G.a(socket_demo.c.obj) (ExtractWrapper)
..\..\components\newlib\armca5\libc.a(lib_a-atoi.o)
                              lib/libql_app_Longi4G.a(socket_demo.c.obj) (atoi)
..\..\components\newlib\armca5\libc.a(lib_a-memcmp.o)
                              lib/libql_app_Longi4G.a(embed_nor_flash.c.obj) (memcmp)
..\..\components\newlib\armca5\libc.a(lib_a-memcpy-stub.o)
                              lib/libql_app_Longi4G.a(LongiMain.c.obj) (memcpy)
..\..\components\newlib\armca5\libc.a(lib_a-memset.o)
                              lib/libql_app_Longi4G.a(LongiMain.c.obj) (memset)
..\..\components\newlib\armca5\libc.a(lib_a-sprintf.o)
                              lib/libql_app_Longi4G.a(DLMSProtocol.c.obj) (sprintf)
..\..\components\newlib\armca5\libc.a(lib_a-strcat.o)
                              lib/libql_app_Longi4G.a(sms_demo.c.obj) (strcat)
..\..\components\newlib\armca5\libc.a(lib_a-strcpy.o)
                              lib/libql_app_Longi4G.a(LongiMain.c.obj) (strcpy)
..\..\components\newlib\armca5\libc.a(lib_a-strlen.o)
                              lib/libql_app_Longi4G.a(LongiMain.c.obj) (strlen)
..\..\components\newlib\armca5\libc.a(lib_a-strnstr.o)
                              lib/libql_app_Longi4G.a(sms_demo.c.obj) (strnstr)
..\..\components\newlib\armca5\libc.a(lib_a-strstr.o)
                              lib/libql_app_Longi4G.a(sms_demo.c.obj) (strstr)
..\..\components\newlib\armca5\libc.a(lib_a-strtol.o)
                              ..\..\components\newlib\armca5\libc.a(lib_a-atoi.o) (_strtol_r)
..\..\components\newlib\armca5\libc.a(lib_a-svfprintf.o)
                              ..\..\components\newlib\armca5\libc.a(lib_a-sprintf.o) (_svfprintf_r)
..\..\components\newlib\armca5\libc.a(lib_a-ctype_.o)
                              ..\..\components\newlib\armca5\libc.a(lib_a-strtol.o) (_ctype_)
..\..\components\newlib\armca5\libc.a(lib_a-dtoa.o)
                              ..\..\components\newlib\armca5\libc.a(lib_a-svfprintf.o) (_dtoa_r)
..\..\components\newlib\armca5\libc.a(lib_a-localeconv.o)
                              ..\..\components\newlib\armca5\libc.a(lib_a-svfprintf.o) (_localeconv_r)
..\..\components\newlib\armca5\libc.a(lib_a-locale.o)
                              ..\..\components\newlib\armca5\libc.a(lib_a-localeconv.o) (__global_locale)
..\..\components\newlib\armca5\libc.a(lib_a-mbtowc_r.o)
                              ..\..\components\newlib\armca5\libc.a(lib_a-locale.o) (__ascii_mbtowc)
..\..\components\newlib\armca5\libc.a(lib_a-memchr.o)
                              ..\..\components\newlib\armca5\libc.a(lib_a-strnstr.o) (memchr)
..\..\components\newlib\armca5\libc.a(lib_a-memmem.o)
                              ..\..\components\newlib\armca5\libc.a(lib_a-strnstr.o) (memmem)
..\..\components\newlib\armca5\libc.a(lib_a-mprec.o)
                              ..\..\components\newlib\armca5\libc.a(lib_a-dtoa.o) (_Balloc)
..\..\components\newlib\armca5\libc.a(lib_a-s_frexp.o)
[...]
Memory Configuration

Name             Origin             Length             Attributes
flash            0x60250000         0x00110000         xr
ram              0x80fa0000         0x00020000         xrw
*default*        0x00000000         0xffffffff

Linker script and memory map

LOAD lib/core_stub.o
LOAD components/ql-application/init/CMakeFiles/APPIMAGE_APP.dir/ql_init.c.obj
LOAD ../../components/newlib/armca5/libc.a
LOAD ../../components/newlib/armca5/libm.a
LOAD ../../prebuilts/win32/gcc-arm-none-eabi/bin/../lib/gcc/arm-none-eabi/7.2.1/thumb/v7-ar/fpv3/hard/libgcc.a
LOAD lib/libql_app_nw.a
LOAD lib/libql_app_peripheral.a
LOAD lib/libql_app_osi.a
LOAD lib/libql_app_dev.a
LOAD lib/libql_app_sim.a
LOAD lib/libql_app_power.a
LOAD lib/libql_app_ftp.a
LOAD lib/libql_app_http.a
LOAD lib/libql_app_mqtt.a
LOAD lib/libql_app_ssl.a
LOAD lib/libql_app_ping.a
LOAD lib/libql_app_ntp.a
LOAD lib/libql_app_lbs.a
LOAD lib/libql_app_socket.a
LOAD lib/libql_app_Longi4G.a
LOAD lib/libql_app_audio.a
LOAD lib/libql_app_tts.a
LOAD ../../components/newlib/armca5/libql_api_tts.a
LOAD ../../components/newlib/armca5/libm.a
LOAD lib/libql_app_wifi_scan.a
LOAD lib/libql_app_bt.a
LOAD lib/libql_app_bt_hfp.a
LOAD lib/libql_app_ble_gatt.a
LOAD lib/libql_app_gnss.a
LOAD lib/libql_app_lcd.a
LOAD lib/libql_app_lvgl.a
LOAD lib/libql_app_camera.a
LOAD lib/libql_app_file.a
LOAD lib/libql_app_sms.a
LOAD lib/libql_app_voice_call.a
LOAD lib/libql_app_spi.a
LOAD lib/libql_app_spi_nor_flash.a
LOAD lib/libql_app_spi6_ext_nor_flash.a
LOAD lib/libql_app_spi_nand_flash.a
LOAD lib/libql_app_decoder.a
LOAD ../../components/newlib/armca5/libql_api_decoder.a
LOAD ../../components/newlib/armca5/libm.a
LOAD lib/libql_app_rtc.a
LOAD lib/libql_ali_linkSDK.a
LOAD lib/libql_qcloud_iot.a
LOAD lib/libql_app_http_fota.a
LOAD lib/libql_app_ftp_fota.a
LOAD lib/libql_app_i2c.a
LOAD lib/libql_app_sdmmc.a
LOAD lib/libql_app_mxml.a
LOAD lib/libql_app_hilinksdk.a
LOAD lib/libql_app_hilinksdk.a
LOAD lib/ql_hilinksdk.a
START GROUP
LOAD ..\..\components\newlib\armca5\libc.a
LOAD ..\..\components\newlib\armca5\libm.a
LOAD ..\..\prebuilts\win32\gcc-arm-none-eabi\lib\gcc\arm-none-eabi\7.2.1\thumb\v7-ar\fpv3\hard\libgcc.a
LOAD ..\..\components\ql-application\HiLinkSDK\lib\tl8251\lib\debug\libhilinkbtsdk.a
LOAD ..\..\components\ql-application\HiLinkSDK\lib\WiFi\ota\debug\libhilinkota.a
LOAD ..\..\components\ql-application\HiLinkSDK\lib\WiFi\softap\debug\libhilinkdevicesdk.a
END GROUP
LOAD ../../components/newlib/armca5/libm.a
LOAD lib/libql_app_bt.a
LOAD lib/liblvgl.a
LOAD lib/libql_app_peripheral.a
LOAD lib/libql_app_hilinksdk.a
LOAD ../../components/newlib/armca5/libql_newlib.a
LOAD ../../components/newlib/armca5/libc.a
LOAD ../../components/newlib/armca5/libm.a
LOAD ../../prebuilts/win32/gcc-arm-none-eabi/bin/../lib/gcc/arm-none-eabi/7.2.1/thumb/v7-ar/fpv3/hard/libgcc.a
                0x00000000                PROVIDE (appimg_get_param, 0x0)
                0x00000000                PROVIDE (appimg_set_param, 0x0)
                0x60250000                . = ORIGIN (flash)
                0x60250000                __flash_start = .

.imageheader    0x60250000       0x80
                0x60250000        0x4 LONG 0x41505032
                0x60250004        0x4 LONG 0x0
                0x60250008        0x4 LONG 0x0
 *(.rodata.core_stub.header)
 .rodata.core_stub.header
                0x6025000c       0x14 lib/core_stub.o
                0x6025000c                gAppImageCoreHeader
                0x60250020        0x4 LONG 0x2
                0x60250024        0x4 LONG 0x80 (__corestub_load_start - __flash_start)
                0x60250028        0x4 LONG 0x2a0 (__corestub_end - __corestub_start)
                0x6025002c        0x4 LONG 0x80fa0000 __corestub_start
                0x60250030        0x4 LONG 0x4
                0x60250034        0x4 LONG 0x6a0 (__text_load_start - __flash_start)
                0x60250038        0x4 LONG 0x82f8 (__text_end - __text_start)
                0x6025003c        0x4 LONG 0x602506a0 __text_start
                0x60250040        0x4 LONG 0x4
                0x60250044        0x4 LONG 0x89c0 (__init_array_load_start - __flash_start)
                0x60250048        0x4 LONG 0x0 (__init_array_end - __init_array_start)
                0x6025004c        0x4 LONG 0x602589c0 __init_array_start
                0x60250050        0x4 LONG 0x1
                0x60250054        0x4 LONG 0x320 (__data_load_start - __flash_start)
                0x60250058        0x4 LONG 0x374 (__data_end - __data_start)
                0x6025005c        0x4 LONG 0x80fa02a0 __data_start
                0x60250060        0x4 LONG 0x3
                0x60250064        0x4 LONG 0x0
                0x60250068        0x4 LONG 0x1a1e (__bss_end - __bss_start)
                0x6025006c        0x4 LONG 0x80fa0620 __bss_start
                0x60250070        0x4 LONG 0x0
                0x60250074        0x4 LONG 0x0
                0x60250078        0x4 LONG 0x0
                0x6025007c        0x4 LONG 0x0
                0x00000001                ASSERT ((SIZEOF (.imageheader) == 0x80), invalid app image header)
                0x80fa0000                . = ORIGIN (ram)
                0x80fa0000                __ram_start = .

.corestub       0x80fa0000      0x2a0 load address 0x60250080
                0x80fa0000                __corestub_start = .
 *(.text.core_stub.*)
 .text.core_stub.__getreent
                0x80fa0000        0x8 lib/core_stub.o
                0x80fa0000                __getreent
 .text.core_stub.calloc
                0x80fa0008        0x8 lib/core_stub.o
                0x80fa0008                calloc
 .text.core_stub.free
                0x80fa0010        0x8 lib/core_stub.o
                0x80fa0010                free
 .text.core_stub.ip4addr_aton
                0x80fa0018        0x8 lib/core_stub.o
                0x80fa0018                ip4addr_aton
 .text.core_stub.ip4addr_ntoa
                0x80fa0020        0x8 lib/core_stub.o
                0x80fa0020                ip4addr_ntoa
 .text.core_stub.ip4addr_ntoa_r
                0x80fa0028        0x8 lib/core_stub.o
                0x80fa0028                ip4addr_ntoa_r
 .text.core_stub.lwip_bind
                0x80fa0030        0x8 lib/core_stub.o
                0x80fa0030                lwip_bind
 .text.core_stub.lwip_close
                0x80fa0038        0x8 lib/core_stub.o
                0x80fa0038                lwip_close
 .text.core_stub.lwip_connect
                0x80fa0040        0x8 lib/core_stub.o
                0x80fa0040                lwip_connect
 .text.core_stub.lwip_fcntl
                0x80fa0048        0x8 lib/core_stub.o
                0x80fa0048                lwip_fcntl
 .text.core_stub.lwip_freeaddrinfo
                0x80fa0050        0x8 lib/core_stub.o
                0x80fa0050                lwip_freeaddrinfo
 .text.core_stub.lwip_get_error
                0x80fa0058        0x8 lib/core_stub.o
                0x80fa0058                lwip_get_error
 .text.core_stub.lwip_getaddrinfo
                0x80fa0060        0x8 lib/core_stub.o
                0x80fa0060                lwip_getaddrinfo
 .text.core_stub.lwip_getsockopt
                0x80fa0068        0x8 lib/core_stub.o
                0x80fa0068                lwip_getsockopt
 .text.core_stub.lwip_htons
                0x80fa0070        0x8 lib/core_stub.o
                0x80fa0070                lwip_htons
 .text.core_stub.lwip_read
                0x80fa0078        0x8 lib/core_stub.o
                0x80fa0078                lwip_read
 .text.core_stub.lwip_select
                0x80fa0080        0x8 lib/core_stub.o
                0x80fa0080                lwip_select
 .text.core_stub.lwip_shutdown
                0x80fa0088        0x8 lib/core_stub.o
                0x80fa0088                lwip_shutdown
 .text.core_stub.lwip_socket
                0x80fa0090        0x8 lib/core_stub.o
                0x80fa0090                lwip_socket
 .text.core_stub.lwip_write
                0x80fa0098        0x8 lib/core_stub.o
                0x80fa0098                lwip_write
 .text.core_stub.malloc
                0x80fa00a0        0x8 lib/core_stub.o
                0x80fa00a0                malloc
 .text.core_stub.osiTracePrintf
                0x80fa00a8        0x8 lib/core_stub.o
                0x80fa00a8                osiTracePrintf
 .text.core_stub.ql_autosleep_enable
                0x80fa00b0        0x8 lib/core_stub.o
                0x80fa00b0                ql_autosleep_enable
 .text.core_stub.ql_dev_cfg_wdt
                0x80fa00b8        0x8 lib/core_stub.o
                0x80fa00b8                ql_dev_cfg_wdt
 .text.core_stub.ql_embed_nor_flash_erase
                0x80fa00c0        0x8 lib/core_stub.o
                0x80fa00c0                ql_embed_nor_flash_erase
 .text.core_stub.ql_embed_nor_flash_read
                0x80fa00c8        0x8 lib/core_stub.o
                0x80fa00c8                ql_embed_nor_flash_read
 .text.core_stub.ql_embed_nor_flash_write
                0x80fa00d0        0x8 lib/core_stub.o
                0x80fa00d0                ql_embed_nor_flash_write
 .text.core_stub.ql_event_try_wait
                0x80fa00d8        0x8 lib/core_stub.o
                0x80fa00d8                ql_event_try_wait
 .text.core_stub.ql_get_data_call_info
                0x80fa00e0        0x8 lib/core_stub.o
                0x80fa00e0                ql_get_data_call_info
 .text.core_stub.ql_gpio_get_level
                0x80fa00e8        0x8 lib/core_stub.o
                0x80fa00e8                ql_gpio_get_level
 .text.core_stub.ql_gpio_init
                0x80fa00f0        0x8 lib/core_stub.o
                0x80fa00f0                ql_gpio_init
 .text.core_stub.ql_gpio_set_direction
                0x80fa00f8        0x8 lib/core_stub.o
                0x80fa00f8                ql_gpio_set_direction
 .text.core_stub.ql_gpio_set_level
                0x80fa0100        0x8 lib/core_stub.o
                0x80fa0100                ql_gpio_set_level
 .text.core_stub.ql_gpio_set_pull
                0x80fa0108        0x8 lib/core_stub.o
                0x80fa0108                ql_gpio_set_pull
 .text.core_stub.ql_int_disable
                0x80fa0110        0x8 lib/core_stub.o
                0x80fa0110                ql_int_disable
 .text.core_stub.ql_int_enable
                0x80fa0118        0x8 lib/core_stub.o
                0x80fa0118                ql_int_enable
 .text.core_stub.ql_int_register
                0x80fa0120        0x8 lib/core_stub.o
                0x80fa0120                ql_int_register
 .text.core_stub.ql_int_unregister
                0x80fa0128        0x8 lib/core_stub.o
                0x80fa0128                ql_int_unregister
 .text.core_stub.ql_ledcfg_callback_register
                0x80fa0130        0x8 lib/core_stub.o
                0x80fa0130                ql_ledcfg_callback_register
 .text.core_stub.ql_lpm_wakelock_unlock
                0x80fa0138        0x8 lib/core_stub.o
                0x80fa0138                ql_lpm_wakelock_unlock
 .text.core_stub.ql_network_register_wait
                0x80fa0140        0x8 lib/core_stub.o
                0x80fa0140                ql_network_register_wait
 .text.core_stub.ql_nw_get_data_count
                0x80fa0148        0x8 lib/core_stub.o
                0x80fa0148                ql_nw_get_data_count
 .text.core_stub.ql_nw_get_reg_status
                0x80fa0150        0x8 lib/core_stub.o
                0x80fa0150                ql_nw_get_reg_status
 .text.core_stub.ql_pin_set_func
                0x80fa0158        0x8 lib/core_stub.o
                0x80fa0158                ql_pin_set_func
 .text.core_stub.ql_power_down
                0x80fa0160        0x8 lib/core_stub.o
                0x80fa0160                ql_power_down
 .text.core_stub.ql_power_reset
                0x80fa0168        0x8 lib/core_stub.o
                0x80fa0168                ql_power_reset
 .text.core_stub.ql_pwm_lpg_enable
                0x80fa0170        0x8 lib/core_stub.o
                0x80fa0170                ql_pwm_lpg_enable
 .text.core_stub.ql_pwm_open
                0x80fa0178        0x8 lib/core_stub.o
                0x80fa0178                ql_pwm_open
 .text.core_stub.ql_rtos_event_send
                0x80fa0180        0x8 lib/core_stub.o
                0x80fa0180                ql_rtos_event_send
 .text.core_stub.ql_rtos_queue_create
                0x80fa0188        0x8 lib/core_stub.o
                0x80fa0188                ql_rtos_queue_create
 .text.core_stub.ql_rtos_queue_release
                0x80fa0190        0x8 lib/core_stub.o
                0x80fa0190                ql_rtos_queue_release
 .text.core_stub.ql_rtos_queue_wait
                0x80fa0198        0x8 lib/core_stub.o
                0x80fa0198                ql_rtos_queue_wait
 .text.core_stub.ql_rtos_semaphore_create
                0x80fa01a0        0x8 lib/core_stub.o
                0x80fa01a0                ql_rtos_semaphore_create
 .text.core_stub.ql_rtos_semaphore_release
                0x80fa01a8        0x8 lib/core_stub.o
                0x80fa01a8                ql_rtos_semaphore_release
 .text.core_stub.ql_rtos_task_create
                0x80fa01b0        0x8 lib/core_stub.o
                0x80fa01b0                ql_rtos_task_create
 .text.core_stub.ql_rtos_task_delete
                0x80fa01b8        0x8 lib/core_stub.o
                0x80fa01b8                ql_rtos_task_delete
 .text.core_stub.ql_rtos_task_sleep_ms
                0x80fa01c0        0x8 lib/core_stub.o
                0x80fa01c0                ql_rtos_task_sleep_ms
 .text.core_stub.ql_rtos_task_sleep_s
                0x80fa01c8        0x8 lib/core_stub.o
                0x80fa01c8                ql_rtos_task_sleep_s
 .text.core_stub.ql_rtos_timer_create
                0x80fa01d0        0x8 lib/core_stub.o
                0x80fa01d0                ql_rtos_timer_create
 .text.core_stub.ql_rtos_timer_start
                0x80fa01d8        0x8 lib/core_stub.o
                0x80fa01d8                ql_rtos_timer_start
 .text.core_stub.ql_rtos_timer_stop
                0x80fa01e0        0x8 lib/core_stub.o
                0x80fa01e0                ql_rtos_timer_stop
 .text.core_stub.ql_set_data_call_asyn_mode
                0x80fa01e8        0x8 lib/core_stub.o
                0x80fa01e8                ql_set_data_call_asyn_mode
 .text.core_stub.ql_sleep_register_cb
                0x80fa01f0        0x8 lib/core_stub.o
                0x80fa01f0                ql_sleep_register_cb
 .text.core_stub.ql_sms_callback_register
                0x80fa01f8        0x8 lib/core_stub.o
                0x80fa01f8                ql_sms_callback_register
 .text.core_stub.ql_sms_delete_msg_ex
                0x80fa0200        0x8 lib/core_stub.o
                0x80fa0200                ql_sms_delete_msg_ex
 .text.core_stub.ql_sms_get_center_address
                0x80fa0208        0x8 lib/core_stub.o
                0x80fa0208                ql_sms_get_center_address
 .text.core_stub.ql_sms_get_storage
                0x80fa0210        0x8 lib/core_stub.o
                0x80fa0210                ql_sms_get_storage
 .text.core_stub.ql_sms_get_storage_info
                0x80fa0218        0x8 lib/core_stub.o
                0x80fa0218                ql_sms_get_storage_info
 .text.core_stub.ql_sms_read_msg_ex
                0x80fa0220        0x8 lib/core_stub.o
                0x80fa0220                ql_sms_read_msg_ex
 .text.core_stub.ql_sms_send_msg
                0x80fa0228        0x8 lib/core_stub.o
                0x80fa0228                ql_sms_send_msg
 .text.core_stub.ql_sms_set_code_mode
                0x80fa0230        0x8 lib/core_stub.o
                0x80fa0230                ql_sms_set_code_mode
 .text.core_stub.ql_sms_set_storage
                0x80fa0238        0x8 lib/core_stub.o
                0x80fa0238                ql_sms_set_storage
 .text.core_stub.ql_start_data_call
                0x80fa0240        0x8 lib/core_stub.o
                0x80fa0240                ql_start_data_call
 .text.core_stub.ql_stop_data_call
                0x80fa0248        0x8 lib/core_stub.o
                0x80fa0248                ql_stop_data_call
 .text.core_stub.ql_uart_get_dcbconfig
                0x80fa0250        0x8 lib/core_stub.o
                0x80fa0250                ql_uart_get_dcbconfig
 .text.core_stub.ql_uart_get_tx_fifo_status
                0x80fa0258        0x8 lib/core_stub.o
                0x80fa0258                ql_uart_get_tx_fifo_status
 .text.core_stub.ql_uart_open
                0x80fa0260        0x8 lib/core_stub.o
                0x80fa0260                ql_uart_open
 .text.core_stub.ql_uart_read
                0x80fa0268        0x8 lib/core_stub.o
                0x80fa0268                ql_uart_read
 .text.core_stub.ql_uart_register_cb
                0x80fa0270        0x8 lib/core_stub.o
                0x80fa0270                ql_uart_register_cb
 .text.core_stub.ql_uart_set_dcbconfig
                0x80fa0278        0x8 lib/core_stub.o
                0x80fa0278                ql_uart_set_dcbconfig
 .text.core_stub.ql_uart_write
                0x80fa0280        0x8 lib/core_stub.o
                0x80fa0280                ql_uart_write
 .text.core_stub.ql_usb_bind_hotplug_cb
                0x80fa0288        0x8 lib/core_stub.o
                0x80fa0288                ql_usb_bind_hotplug_cb
 .text.core_stub.ql_wakeup_register_cb
                0x80fa0290        0x8 lib/core_stub.o
                0x80fa0290                ql_wakeup_register_cb
 .text.core_stub.realloc
                0x80fa0298        0x8 lib/core_stub.o
                0x80fa0298                realloc
                0x80fa02a0                __corestub_end = .
                0x80fa02a0                . = ALIGN (0x20)
                0x60250080                __corestub_load_start = LOADADDR (.corestub)

.data           0x80fa02a0      0x380 load address 0x60250320
                0x80fa02a0                __data_start = .
 *(.data .data.* .gnu.linkonce.d.*)
 .data.blinkcntr
                0x80fa02a0        0x2 lib/libql_app_Longi4G.a(LongiMain.c.obj)
                0x80fa02a0                blinkcntr
 .data.FCS16Table
                0x80fa02a2      0x200 lib/libql_app_Longi4G.a(DLMScrc.c.obj)
                0x80fa02a2                FCS16Table
 *fill*         0x80fa04a2        0x2 
 .data.socket_fd
                0x80fa04a4        0x4 lib/libql_app_Longi4G.a(socket_demo.c.obj)
                0x80fa04a4                socket_fd
 .data.__global_locale
                0x80fa04a8      0x16c ..\..\components\newlib\armca5\libc.a(lib_a-locale.o)
                0x80fa04a8                __global_locale
                0x80fa0614                __data_end = .
                0x80fa0620                . = ALIGN (0x20)
 *fill*         0x80fa0614        0xc 
                0x60250320                __data_load_start = LOADADDR (.data)

.igot.plt       0x602506a0        0x0
 .igot.plt      0x602506a0        0x0 lib/core_stub.o

.bss            0x80fa0620     0x1a20
                0x80fa0620                __bss_start = .
 *(.bss .bss.* COMMON .scommon .sbss .sbss.* .sbss2 .sbss2.* .gnu.linkonce.b.*)
 .bss.ledcfg_task
                0x80fa0620        0x4 lib/libql_app_peripheral.a(led_cfg_demo.c.obj)
                0x80fa0620                ledcfg_task
 .bss.power_task
                0x80fa0624        0x4 lib/libql_app_power.a(power_demo.c.obj)
                0x80fa0624                power_task
 COMMON         0x80fa0628        0x8 lib/libql_app_power.a(power_demo.c.obj)
                0x80fa0628                wake_lock_1
                0x80fa062c                wake_lock_2
 .bss.Gsm_debounce_timer
                0x80fa0630        0x4 lib/libql_app_Longi4G.a(LongiMain.c.obj)
                0x80fa0630                Gsm_debounce_timer
 .bss.Push_timer
                0x80fa0634        0x4 lib/libql_app_Longi4G.a(LongiMain.c.obj)
                0x80fa0634                Push_timer
 .bss.Push_timer_event
                0x80fa0638        0x1 lib/libql_app_Longi4G.a(LongiMain.c.obj)
                0x80fa0638                Push_timer_event
 *fill*         0x80fa0639        0x3 
 .bss.Uart_debounce_timer
                0x80fa063c        0x4 lib/libql_app_Longi4G.a(LongiMain.c.obj)
                0x80fa063c                Uart_debounce_timer
 .bss.blinkFlag
                0x80fa0640        0x2 lib/libql_app_Longi4G.a(LongiMain.c.obj)
                0x80fa0640                blinkFlag
 .bss.leds_state
                0x80fa0642        0x1 lib/libql_app_Longi4G.a(LongiMain.c.obj)
 .bss.meter_event_in
                0x80fa0643        0x1 lib/libql_app_Longi4G.a(LongiMain.c.obj)
                0x80fa0643                meter_event_in
 COMMON         0x80fa0644       0xc0 lib/libql_app_Longi4G.a(LongiMain.c.obj)
                0x80fa0644                Gsm_timer_event
                0x80fa0648                DebugUartqueue
                0x80fa064c                RepeaterConfig
                0x80fa06fc                MeterTimer
                0x80fa0700                MeterUartqueue
 COMMON         0x80fa0704      0x402 lib/libql_app_Longi4G.a(uart_longi.c.obj)
                0x80fa0704                MeterDatain
                0x80fa0b04                meterlen
 .bss.flashconfig
                0x80fa0b06       0xaf lib/libql_app_Longi4G.a(embed_nor_flash.c.obj)
 *fill*         0x80fa0bb5        0x1 
 .bss.dlmscrc   0x80fa0bb6        0x2 lib/libql_app_Longi4G.a(DLMSProtocol.c.obj)
                0x80fa0bb6                dlmscrc
 .bss.tmpcrc    0x80fa0bb8        0x2 lib/libql_app_Longi4G.a(DLMSProtocol.c.obj)
                0x80fa0bb8                tmpcrc
 COMMON         0x80fa0bba      0xc03 lib/libql_app_Longi4G.a(DLMSProtocol.c.obj)
                0x80fa0bba                DataoutLen
                0x80fa0bbc                DLMS_Protocol_State
                0x80fa0bbd                DataOut
                0x80fa0fbd                meter_bufferTransmit
                0x80fa13bd                tmpdataout
 *fill*         0x80fa17bd        0x3 
 .bss.connected
                0x80fa17c0        0x4 lib/libql_app_Longi4G.a(socket_demo.c.obj)
                0x80fa17c0                connected
 .bss.recv_buf  0x80fa17c4      0x400 lib/libql_app_Longi4G.a(socket_demo.c.obj)
 .bss.recv_len  0x80fa1bc4        0x4 lib/libql_app_Longi4G.a(socket_demo.c.obj)
 .bss.socket_demo_task
                0x80fa1bc8        0x4 lib/libql_app_Longi4G.a(socket_demo.c.obj)
 COMMON         0x80fa1bcc      0x400 lib/libql_app_Longi4G.a(socket_demo.c.obj)
                0x80fa1bcc                str
 .bss.ConfigChanged
                0x80fa1fcc        0x1 lib/libql_app_Longi4G.a(sms_demo.c.obj)
                0x80fa1fcc                ConfigChanged
 *fill*         0x80fa1fcd        0x3 
 .bss.sms_init_sem
                0x80fa1fd0        0x4 lib/libql_app_Longi4G.a(sms_demo.c.obj)
                0x80fa1fd0                sms_init_sem
 .bss.sms_list_sem
                0x80fa1fd4        0x4 lib/libql_app_Longi4G.a(sms_demo.c.obj)
                0x80fa1fd4                sms_list_sem
 .bss.sms_message_rx_event
                0x80fa1fd8        0x1 lib/libql_app_Longi4G.a(sms_demo.c.obj)
                0x80fa1fd8                sms_message_rx_event
 *fill*         0x80fa1fd9        0x3 
 .bss.sms_task  0x80fa1fdc        0x4 lib/libql_app_Longi4G.a(sms_demo.c.obj)
                0x80fa1fdc                sms_task
 COMMON         0x80fa1fe0       0x57 lib/libql_app_Longi4G.a(sms_demo.c.obj)
                0x80fa1fe0                new_msg_index
                0x80fa1fe2                oa_Tel
 *fill*         0x80fa2037        0x1 
 .bss.gpioint_task
                0x80fa2038        0x4 lib/libql_app_Longi4G.a(gpio_int_demo.c.obj)
 .bss.last_gasp
                0x80fa203c        0x1 lib/libql_app_Longi4G.a(gpio_int_demo.c.obj)
                0x80fa203c                last_gasp
 .bss.scedule_state
                0x80fa203d        0x1 lib/libql_app_Longi4G.a(DlmsPush.c.obj)
                0x80fa203e                __bss_end = .
                0x80fa2040                . = ALIGN (0x20)
 *fill*         0x80fa203e        0x2 
                0x602506a0                . = ((LOADADDR (.corestub) + SIZEOF (.corestub)) + SIZEOF (.data))

.text           0x602506a0     0x8300
                0x602506a0                __text_start = .
 *(.text .text.* .gnu.linkonce.t.* .rdata .rodata .rodata.* .gnu.linkonce.r.* .glue_7 .glue_7t .vfp11_veneer .v4_bx)
 .glue_7        0x602506a0        0x0 linker stubs
 .glue_7t       0x602506a0        0x0 linker stubs
 .vfp11_veneer  0x602506a0        0x0 linker stubs
 .v4_bx         0x602506a0        0x0 linker stubs
 .text.ql_init_demo_thread
                0x602506a0       0x44 components/ql-application/init/CMakeFiles/APPIMAGE_APP.dir/ql_init.c.obj
 .text.ql_pin_cfg_init
                0x602506e4       0x6c components/ql-application/init/CMakeFiles/APPIMAGE_APP.dir/ql_init.c.obj
                0x602506e4                ql_pin_cfg_init
 .text.appimg_enter
                0x60250750       0x98 components/ql-application/init/CMakeFiles/APPIMAGE_APP.dir/ql_init.c.obj
                0x60250750                appimg_enter
 .text.appimg_exit
                0x602507e8       0x1c components/ql-application/init/CMakeFiles/APPIMAGE_APP.dir/ql_init.c.obj
                0x602507e8                appimg_exit
 .rodata.__FUNCTION__.16296
                0x60250804       0x10 components/ql-application/init/CMakeFiles/APPIMAGE_APP.dir/ql_init.c.obj
 .rodata.__FUNCTION__.16303
                0x60250814       0x14 components/ql-application/init/CMakeFiles/APPIMAGE_APP.dir/ql_init.c.obj
 .rodata.__FUNCTION__.16309
                0x60250828        0xd components/ql-application/init/CMakeFiles/APPIMAGE_APP.dir/ql_init.c.obj
 .rodata.__FUNCTION__.16313
                0x60250835        0xc components/ql-application/init/CMakeFiles/APPIMAGE_APP.dir/ql_init.c.obj
 .rodata.appimg_enter.str1.1
                0x60250841       0x4e components/ql-application/init/CMakeFiles/APPIMAGE_APP.dir/ql_init.c.obj
 .rodata.appimg_exit.str1.1
                0x6025088f       0x15 components/ql-application/init/CMakeFiles/APPIMAGE_APP.dir/ql_init.c.obj
 .rodata.ql_init_demo_thread.str1.1
                0x602508a4       0x29 components/ql-application/init/CMakeFiles/APPIMAGE_APP.dir/ql_init.c.obj
 .rodata.ql_pin_cfg_init.str1.1
                0x602508cd       0x14 components/ql-application/init/CMakeFiles/APPIMAGE_APP.dir/ql_init.c.obj
 *fill*         0x602508e1        0x3 
 .text.ql_ledcfg_demo_thread
                0x602508e4      0x134 lib/libql_app_peripheral.a(led_cfg_demo.c.obj)
 .text._ledcfg_demo_cb
                0x60250a18       0x58 lib/libql_app_peripheral.a(led_cfg_demo.c.obj)
 .text.ql_ledcfg_app_init
                0x60250a70       0x50 lib/libql_app_peripheral.a(led_cfg_demo.c.obj)
                0x60250a70                ql_ledcfg_app_init
 .rodata.__FUNCTION__.8003
                0x60250ac0       0x10 lib/libql_app_peripheral.a(led_cfg_demo.c.obj)
 .rodata.__FUNCTION__.8007
                0x60250ad0       0x16 lib/libql_app_peripheral.a(led_cfg_demo.c.obj)
 .rodata.__FUNCTION__.8031
                0x60250ae6       0x13 lib/libql_app_peripheral.a(led_cfg_demo.c.obj)
 .rodata._ledcfg_demo_cb.str1.1
                0x60250af9       0x4e lib/libql_app_peripheral.a(led_cfg_demo.c.obj)
 .rodata.ql_ledcfg_app_init.str1.1
                0x60250b47       0x38 lib/libql_app_peripheral.a(led_cfg_demo.c.obj)
 .rodata.ql_ledcfg_demo_thread.str1.1
                0x60250b7f      0x128 lib/libql_app_peripheral.a(led_cfg_demo.c.obj)
 .rodata.ql_pin_cfg_map
                0x60250ca7      0x17a lib/libql_app_peripheral.a(ql_pin_cfg.c.obj)
                0x60250ca7                ql_pin_cfg_map
 *fill*         0x60250e21        0x1 
 .text.ql_exit_sleep_cb
                0x60250e22        0x8 lib/libql_app_power.a(power_demo.c.obj)
                0x60250e22                ql_exit_sleep_cb
 .text.ql_enter_sleep_cb
                0x60250e2a       0x1e lib/libql_app_power.a(power_demo.c.obj)
                0x60250e2a                ql_enter_sleep_cb
 .text.ql_power_demo_thread
                0x60250e48      0x118 lib/libql_app_power.a(power_demo.c.obj)
 .text.usb_hotplug_cb
                0x60250f60       0x30 lib/libql_app_power.a(power_demo.c.obj)
                0x60250f60                usb_hotplug_cb
 .text.ql_power_app_init
                0x60250f90       0x50 lib/libql_app_power.a(power_demo.c.obj)
                0x60250f90                ql_power_app_init
 .rodata.__FUNCTION__.8157
                0x60250fe0        0xf lib/libql_app_power.a(power_demo.c.obj)
 .rodata.__FUNCTION__.8164
                0x60250fef       0x15 lib/libql_app_power.a(power_demo.c.obj)
 .rodata.__FUNCTION__.8186
                0x60251004       0x12 lib/libql_app_power.a(power_demo.c.obj)
 .rodata.ql_power_app_init.str1.1
                0x60251016       0x32 lib/libql_app_power.a(power_demo.c.obj)
 .rodata.ql_power_demo_thread.str1.1
                0x60251048       0x92 lib/libql_app_power.a(power_demo.c.obj)
 .rodata.usb_hotplug_cb.str1.1
                0x602510da       0x26 lib/libql_app_power.a(power_demo.c.obj)
 .text._ql_gsm_timer_callback
                0x60251100       0x1c lib/libql_app_Longi4G.a(LongiMain.c.obj)
 .text._ql_uart_timer_callback
                0x6025111c       0x1c lib/libql_app_Longi4G.a(LongiMain.c.obj)
 .text._ql_Push_timer_callback
                0x60251138       0x20 lib/libql_app_Longi4G.a(LongiMain.c.obj)
 .text.ql_Longi4G_thread
                0x60251158      0x144 lib/libql_app_Longi4G.a(LongiMain.c.obj)
 .text.EnterDefaultConfig
                0x6025129c       0x80 lib/libql_app_Longi4G.a(LongiMain.c.obj)
                0x6025129c                EnterDefaultConfig
 .text.printgsmconfig
                0x6025131c       0xc8 lib/libql_app_Longi4G.a(LongiMain.c.obj)
                0x6025131c                printgsmconfig
 .text.ql_Longi4G_app_init
                0x602513e4      0x1e8 lib/libql_app_Longi4G.a(LongiMain.c.obj)
                0x602513e4                ql_Longi4G_app_init
 .rodata.EnterDefaultConfig.str1.1
                0x602515cc       0x1c lib/libql_app_Longi4G.a(LongiMain.c.obj)
 .rodata.__FUNCTION__.8355
                0x602515e8       0x14 lib/libql_app_Longi4G.a(LongiMain.c.obj)
 .rodata.printgsmconfig.str1.1
                0x602515fc       0x25 lib/libql_app_Longi4G.a(LongiMain.c.obj)
 .rodata.ql_Longi4G_app_init.str1.1
                0x60251621       0xf7 lib/libql_app_Longi4G.a(LongiMain.c.obj)
 .text.ql_debug_uart_notify_cb
                0x60251718       0xf4 lib/libql_app_Longi4G.a(uart_longi.c.obj)
                0x60251718                ql_debug_uart_notify_cb
 .text.ql_uart_meter_notify_cb
                0x6025180c       0xf0 lib/libql_app_Longi4G.a(uart_longi.c.obj)
                0x6025180c                ql_uart_meter_notify_cb
 .text.ql_meter_uart_thread
                0x602518fc      0x120 lib/libql_app_Longi4G.a(uart_longi.c.obj)
 .text.ql_debug_uart_thread
                0x60251a1c      0x144 lib/libql_app_Longi4G.a(uart_longi.c.obj)
 .text.ql_longi_uart_app_init
                0x60251b60       0x74 lib/libql_app_Longi4G.a(uart_longi.c.obj)
                0x60251b60                ql_longi_uart_app_init
 .text.Send2DebugUart
                0x60251bd4       0x22 lib/libql_app_Longi4G.a(uart_longi.c.obj)
                0x60251bd4                Send2DebugUart
 *fill*         0x60251bf6        0x2 
 .text.SendData2Meter
                0x60251bf8       0x64 lib/libql_app_Longi4G.a(uart_longi.c.obj)
                0x60251bf8                SendData2Meter
 .rodata.SendData2Meter.str1.1
                0x60251c5c       0x18 lib/libql_app_Longi4G.a(uart_longi.c.obj)
 .rodata.__FUNCTION__.8169
                0x60251c74       0x18 lib/libql_app_Longi4G.a(uart_longi.c.obj)
 .rodata.__FUNCTION__.8185
                0x60251c8c       0x18 lib/libql_app_Longi4G.a(uart_longi.c.obj)
 .rodata.__FUNCTION__.8202
                0x60251ca4       0x15 lib/libql_app_Longi4G.a(uart_longi.c.obj)
 .rodata.__FUNCTION__.8212
                0x60251cb9       0x15 lib/libql_app_Longi4G.a(uart_longi.c.obj)
 .rodata.__FUNCTION__.8222
                0x60251cce       0x17 lib/libql_app_Longi4G.a(uart_longi.c.obj)
 .rodata.ql_debug_uart_notify_cb.str1.1
                0x60251ce5       0x76 lib/libql_app_Longi4G.a(uart_longi.c.obj)
 .rodata.ql_debug_uart_thread.str1.1
                0x60251d5b       0x13 lib/libql_app_Longi4G.a(uart_longi.c.obj)
 .rodata.ql_longi_uart_app_init.str1.1
                0x60251d6e       0x35 lib/libql_app_Longi4G.a(uart_longi.c.obj)
 .rodata.ql_meter_uart_thread.str1.1
                0x60251da3       0x91 lib/libql_app_Longi4G.a(uart_longi.c.obj)
 .text.FLashCheck
                0x60251e34       0x90 lib/libql_app_Longi4G.a(embed_nor_flash.c.obj)
                0x60251e34                FLashCheck
 .text.WriteInternalFlashConfig
                0x60251ec4       0xf8 lib/libql_app_Longi4G.a(embed_nor_flash.c.obj)
                0x60251ec4                WriteInternalFlashConfig
 .rodata.FLashCheck.str1.1
                0x60251fbc       0x37 lib/libql_app_Longi4G.a(embed_nor_flash.c.obj)
 .rodata.WriteInternalFlashConfig.str1.1
                0x60251ff3       0x9f lib/libql_app_Longi4G.a(embed_nor_flash.c.obj)
 .rodata.__FUNCTION__.7997
                0x60252092       0x19 lib/libql_app_Longi4G.a(embed_nor_flash.c.obj)
 *fill*         0x602520ab        0x1 
 .text.crcCalc  0x602520ac       0x2a lib/libql_app_Longi4G.a(crc.c.obj)
                0x602520ac                crcCalc
 .text.CrcBlockCalc
                0x602520d6       0x18 lib/libql_app_Longi4G.a(crc.c.obj)
                0x602520d6                CrcBlockCalc
 *fill*         0x602520ee        0x2 
 .text.SendReadMeter2Meter
                0x602520f0       0x40 lib/libql_app_Longi4G.a(DLMSProtocol.c.obj)
                0x602520f0                SendReadMeter2Meter
 .text.DLMS_ReadMeterId
                0x60252130       0x1c lib/libql_app_Longi4G.a(DLMSProtocol.c.obj)
                0x60252130                DLMS_ReadMeterId
 .text.SendReadParam_msg
                0x6025214c       0x44 lib/libql_app_Longi4G.a(DLMSProtocol.c.obj)
                0x6025214c                SendReadParam_msg
 .text.ExtractMeterNum
                0x60252190       0xd8 lib/libql_app_Longi4G.a(DLMSProtocol.c.obj)
                0x60252190                ExtractMeterNum
 .text.BuildLongiMeterMsg
                0x60252268       0x58 lib/libql_app_Longi4G.a(DLMSProtocol.c.obj)
                0x60252268                BuildLongiMeterMsg
 .text.ParseLongiMeterMsg
                0x602522c0      0x150 lib/libql_app_Longi4G.a(DLMSProtocol.c.obj)
                0x602522c0                ParseLongiMeterMsg
 .text.Meter_Handler
                0x60252410      0x11c lib/libql_app_Longi4G.a(DLMSProtocol.c.obj)
                0x60252410                Meter_Handler
 .rodata.ExtractMeterNum.str1.1
                0x6025252c       0x17 lib/libql_app_Longi4G.a(DLMSProtocol.c.obj)
 .rodata.Meter_Handler.str1.1
                0x60252543       0x33 lib/libql_app_Longi4G.a(DLMSProtocol.c.obj)
 .rodata.ParseLongiMeterMsg.str1.1
                0x60252576       0x87 lib/libql_app_Longi4G.a(DLMSProtocol.c.obj)
 .rodata.SendReadMeter2Meter.str1.1
                0x602525fd       0x16 lib/libql_app_Longi4G.a(DLMSProtocol.c.obj)
 .rodata.SendReadParam_msg.str1.1
                0x60252613       0x19 lib/libql_app_Longi4G.a(DLMSProtocol.c.obj)
 .rodata.readmeterid_msg
                0x6025262c       0x13 lib/libql_app_Longi4G.a(DLMSProtocol.c.obj)
                0x6025262c                readmeterid_msg
 .rodata.readparam_msg
                0x6025263f       0x15 lib/libql_app_Longi4G.a(DLMSProtocol.c.obj)
                0x6025263f                readparam_msg
 .text.DLMSCrcCalc
                0x60252654       0x30 lib/libql_app_Longi4G.a(DLMScrc.c.obj)
                0x60252654                DLMSCrcCalc
 *fill*         0x60252684        0x4 
 .text.socket_app_thread
                0x60252688      0x88c lib/libql_app_Longi4G.a(socket_demo.c.obj)
 .text.ql_socket_app_init
                0x60252f14       0x50 lib/libql_app_Longi4G.a(socket_demo.c.obj)
                0x60252f14                ql_socket_app_init
 .text.SendData2Modem
                0x60252f64       0x50 lib/libql_app_Longi4G.a(socket_demo.c.obj)
                0x60252f64                SendData2Modem
 .rodata.SendData2Modem.str1.1
                0x60252fb4       0x20 lib/libql_app_Longi4G.a(socket_demo.c.obj)
 .rodata.ql_socket_app_init.str1.1
                0x60252fd4       0x27 lib/libql_app_Longi4G.a(socket_demo.c.obj)
 .rodata.socket_app_thread.str1.1
                0x60252ffb      0x3b0 lib/libql_app_Longi4G.a(socket_demo.c.obj)
 *fill*         0x602533ab        0x1 
 .text.user_sms_event_callback
                0x602533ac      0x1b4 lib/libql_app_Longi4G.a(sms_demo.c.obj)
                0x602533ac                user_sms_event_callback
 .text.ql_sms_app_init
                0x60253560       0x90 lib/libql_app_Longi4G.a(sms_demo.c.obj)
                0x60253560                ql_sms_app_init
 .text.PrintSMSError
                0x602535f0       0x2c lib/libql_app_Longi4G.a(sms_demo.c.obj)
                0x602535f0                PrintSMSError
 .text.ReadConfigFromSMS
                0x6025361c      0x10c lib/libql_app_Longi4G.a(sms_demo.c.obj)
                0x6025361c                ReadConfigFromSMS
 .text.PrepareAckConfig
                0x60253728       0x34 lib/libql_app_Longi4G.a(sms_demo.c.obj)
                0x60253728                PrepareAckConfig
 .text.PrepareMeterIdAck
                0x6025375c       0x54 lib/libql_app_Longi4G.a(sms_demo.c.obj)
                0x6025375c                PrepareMeterIdAck
 .text.sms_demo_task
                0x602537b0      0x37c lib/libql_app_Longi4G.a(sms_demo.c.obj)
                0x602537b0                sms_demo_task
 .rodata.PrepareAckConfig.str1.1
                0x60253b2c        0xc lib/libql_app_Longi4G.a(sms_demo.c.obj)
 .rodata.PrepareMeterIdAck.str1.1
                0x60253b38        0x9 lib/libql_app_Longi4G.a(sms_demo.c.obj)
                                  0xe (size before relaxing)
 .rodata.PrintSMSError.str1.1
                0x60253b41       0x18 lib/libql_app_Longi4G.a(sms_demo.c.obj)
 .rodata.ReadConfigFromSMS.str1.1
                0x60253b59        0xc lib/libql_app_Longi4G.a(sms_demo.c.obj)
 .rodata.SMS_IN_HEADER
                0x60253b65        0x7 lib/libql_app_Longi4G.a(sms_demo.c.obj)
                0x60253b65                SMS_IN_HEADER
 .rodata.__FUNCTION__.14052
                0x60253b6c       0x18 lib/libql_app_Longi4G.a(sms_demo.c.obj)
 .rodata.__FUNCTION__.14076
                0x60253b84        0xe lib/libql_app_Longi4G.a(sms_demo.c.obj)
 .rodata.__FUNCTION__.14083
                0x60253b92       0x10 lib/libql_app_Longi4G.a(sms_demo.c.obj)
 .rodata.ql_sms_app_init.str1.1
                0x60253ba2       0x60 lib/libql_app_Longi4G.a(sms_demo.c.obj)
 .rodata.sms_demo_task.str1.1
                0x60253c02      0x258 lib/libql_app_Longi4G.a(sms_demo.c.obj)
 .rodata.user_sms_event_callback.str1.1
                0x60253e5a      0x1a2 lib/libql_app_Longi4G.a(sms_demo.c.obj)
 .text.ql_gpioint_demo_thread
                0x60253ffc       0x70 lib/libql_app_Longi4G.a(gpio_int_demo.c.obj)
 .text._gpioint_callback01
                0x6025406c       0x24 lib/libql_app_Longi4G.a(gpio_int_demo.c.obj)
 .text.ql_gpioint_app_init
                0x60254090       0x50 lib/libql_app_Longi4G.a(gpio_int_demo.c.obj)
                0x60254090                ql_gpioint_app_init
 .rodata.__FUNCTION__.8000
                0x602540e0       0x14 lib/libql_app_Longi4G.a(gpio_int_demo.c.obj)
 .rodata.ql_gpioint_app_init.str1.1
                0x602540f4       0x37 lib/libql_app_Longi4G.a(gpio_int_demo.c.obj)
 *fill*         0x6025412b        0x1 
 .text.SendReadPushData
                0x6025412c       0x10 lib/libql_app_Longi4G.a(DlmsPush.c.obj)
                0x6025412c                SendReadPushData
 .text.SendPushAck
                0x6025413c       0x10 lib/libql_app_Longi4G.a(DlmsPush.c.obj)
                0x6025413c                SendPushAck
 .text.SendSync_msg
                0x6025414c       0x10 lib/libql_app_Longi4G.a(DlmsPush.c.obj)
                0x6025414c                SendSync_msg
 .text.ParsePushResp
                0x6025415c       0x50 lib/libql_app_Longi4G.a(DlmsPush.c.obj)
                0x6025415c                ParsePushResp
 .text.PushHandler
                0x602541ac       0x6c lib/libql_app_Longi4G.a(DlmsPush.c.obj)
                0x602541ac                PushHandler
 .rodata.event_data_header
                0x60254218        0x6 lib/libql_app_Longi4G.a(DlmsPush.c.obj)
                0x60254218                event_data_header
 .rodata.push_data_ack
                0x6025421e       0x15 lib/libql_app_Longi4G.a(DlmsPush.c.obj)
                0x6025421e                push_data_ack
 .rodata.read_push_data_2_meter
                0x60254233       0x13 lib/libql_app_Longi4G.a(DlmsPush.c.obj)
                0x60254233                read_push_data_2_meter
 .rodata.sync_msg_2_meter
                0x60254246       0xa6 lib/libql_app_Longi4G.a(DlmsPush.c.obj)
                0x60254246                sync_msg_2_meter
 .text.ExtractWrapper
                0x602542ec       0x98 lib/libql_app_Longi4G.a(Wrapper.c.obj)
                0x602542ec                ExtractWrapper
 .text.SendWrapper2Server
                0x60254384       0x3a lib/libql_app_Longi4G.a(Wrapper.c.obj)
                0x60254384                SendWrapper2Server
 *fill*         0x602543be        0x2 
 .text.SendHeartBit2Server
                0x602543c0       0xa8 lib/libql_app_Longi4G.a(Wrapper.c.obj)
                0x602543c0                SendHeartBit2Server
 .text.SendLogin2Server
                0x60254468       0xa8 lib/libql_app_Longi4G.a(Wrapper.c.obj)
                0x60254468                SendLogin2Server
 .text.sendlastgasp
                0x60254510       0xc4 lib/libql_app_Longi4G.a(Wrapper.c.obj)
                0x60254510                sendlastgasp
 .rodata.ExtractWrapper.str1.1
                0x602545d4       0x23 lib/libql_app_Longi4G.a(Wrapper.c.obj)
 .rodata.sendlastgasp.str1.1
                0x602545f7       0x17 lib/libql_app_Longi4G.a(Wrapper.c.obj)
 .text.atoi     0x6025460e        0x8 ..\..\components\newlib\armca5\libc.a(lib_a-atoi.o)
                0x6025460e                atoi
 *fill*         0x60254616        0x2 
 .text.memcmp   0x60254618       0x5c ..\..\components\newlib\armca5\libc.a(lib_a-memcmp.o)
                0x60254618                memcmp
 .text.memcpy   0x60254674       0xc8 ..\..\components\newlib\armca5\libc.a(lib_a-memcpy-stub.o)
                0x60254674                memcpy
 .text.memset   0x6025473c       0xa8 ..\..\components\newlib\armca5\libc.a(lib_a-memset.o)
                0x6025473c                memset
 .text.sprintf  0x602547e4       0x40 ..\..\components\newlib\armca5\libc.a(lib_a-sprintf.o)
                0x602547e4                sprintf
 .text.strcat   0x60254824       0x40 ..\..\components\newlib\armca5\libc.a(lib_a-strcat.o)
                0x60254824                strcat
 .text.strcpy   0x60254864       0xc4 ..\..\components\newlib\armca5\libc.a(lib_a-strcpy.o)
                0x60254864                strcpy
 *fill*         0x60254928       0x18 
 .text          0x60254940       0xdc ..\..\components\newlib\armca5\libc.a(lib_a-strlen.o)
                0x60254940                strlen
 .text.strnstr  0x60254a1c       0x3c ..\..\components\newlib\armca5\libc.a(lib_a-strnstr.o)
                0x60254a1c                strnstr
 .text.two_way_long_needle
                0x60254a58      0x2b4 ..\..\components\newlib\armca5\libc.a(lib_a-strstr.o)
 .text.strstr   0x60254d0c      0x190 ..\..\components\newlib\armca5\libc.a(lib_a-strstr.o)
                0x60254d0c                strstr
 .text._strtol_l.isra.0
                0x60254e9c       0xec ..\..\components\newlib\armca5\libc.a(lib_a-strtol.o)
 .text.strtol   0x60254f88       0x1a ..\..\components\newlib\armca5\libc.a(lib_a-strtol.o)
                0x60254f88                strtol
 .rodata._svfprintf_r.str1.1
                0x60254fa2       0x39 ..\..\components\newlib\armca5\libc.a(lib_a-svfprintf.o)
                                 0x3b (size before relaxing)
 *fill*         0x60254fdb        0x5 
 .text._svfprintf_r
                0x60254fe0     0x1314 ..\..\components\newlib\armca5\libc.a(lib_a-svfprintf.o)
                0x60254fe0                _svfprintf_r
 .rodata.blanks.8611
                0x602562f4       0x10 ..\..\components\newlib\armca5\libc.a(lib_a-svfprintf.o)
 .rodata.zeroes.8612
                0x60256304       0x10 ..\..\components\newlib\armca5\libc.a(lib_a-svfprintf.o)
 .rodata._ctype_
                0x60256314      0x101 ..\..\components\newlib\armca5\libc.a(lib_a-ctype_.o)
                0x60256314                _ctype_
 *fill*         0x60256415        0x1 
 .text.quorem   0x60256416      0x126 ..\..\components\newlib\armca5\libc.a(lib_a-dtoa.o)
 .rodata._dtoa_r.str1.1
                0x6025653c        0xd ..\..\components\newlib\armca5\libc.a(lib_a-dtoa.o)
                                  0xf (size before relaxing)
 *fill*         0x60256549        0x7 
 .text._dtoa_r  0x60256550      0xa50 ..\..\components\newlib\armca5\libc.a(lib_a-dtoa.o)
                0x60256550                _dtoa_r
 .text._localeconv_r
                0x60256fa0        0x8 ..\..\components\newlib\armca5\libc.a(lib_a-localeconv.o)
                0x60256fa0                _localeconv_r
 .rodata._setlocale_r.str1.1
                0x60256fa8        0x8 ..\..\components\newlib\armca5\libc.a(lib_a-locale.o)
                                  0x9 (size before relaxing)
 .rodata.str1.1
                0x60256fb0        0x2 ..\..\components\newlib\armca5\libc.a(lib_a-locale.o)
 .text.__ascii_mbtowc
                0x60256fb2       0x24 ..\..\components\newlib\armca5\libc.a(lib_a-mbtowc_r.o)
                0x60256fb2                __ascii_mbtowc
 *fill*         0x60256fd6        0xa 
 .text          0x60256fe0       0xe8 ..\..\components\newlib\armca5\libc.a(lib_a-memchr.o)
                0x60256fe0                memchr
 .text.critical_factorization
                0x602570c8       0xbc ..\..\components\newlib\armca5\libc.a(lib_a-memmem.o)
 .text.two_way_long_needle
                0x60257184      0x1bc ..\..\components\newlib\armca5\libc.a(lib_a-memmem.o)
 .text.memmem   0x60257340      0x1b0 ..\..\components\newlib\armca5\libc.a(lib_a-memmem.o)
                0x60257340                memmem
 .text._Balloc  0x602574f0       0x48 ..\..\components\newlib\armca5\libc.a(lib_a-mprec.o)
                0x602574f0                _Balloc
 .text._Bfree   0x60257538       0x12 ..\..\components\newlib\armca5\libc.a(lib_a-mprec.o)
                0x60257538                _Bfree
 .text.__multadd
                0x6025754a       0x7c ..\..\components\newlib\armca5\libc.a(lib_a-mprec.o)
                0x6025754a                __multadd
 .text.__hi0bits
                0x602575c6       0x40 ..\..\components\newlib\armca5\libc.a(lib_a-mprec.o)
                0x602575c6                __hi0bits
 .text.__lo0bits
                0x60257606       0x5c ..\..\components\newlib\armca5\libc.a(lib_a-mprec.o)
                0x60257606                __lo0bits
 .text.__i2b    0x60257662       0x12 ..\..\components\newlib\armca5\libc.a(lib_a-mprec.o)
                0x60257662                __i2b
 .text.__multiply
                0x60257674      0x136 ..\..\components\newlib\armca5\libc.a(lib_a-mprec.o)
                0x60257674                __multiply
 *fill*         0x602577aa        0x2 
 .text.__pow5mult
                0x602577ac       0x80 ..\..\components\newlib\armca5\libc.a(lib_a-mprec.o)
                0x602577ac                __pow5mult
 .text.__lshift
                0x6025782c       0xbe ..\..\components\newlib\armca5\libc.a(lib_a-mprec.o)
                0x6025782c                __lshift
 .text.__mcmp   0x602578ea       0x36 ..\..\components\newlib\armca5\libc.a(lib_a-mprec.o)
                0x602578ea                __mcmp
 .text.__mdiff  0x60257920       0xec ..\..\components\newlib\armca5\libc.a(lib_a-mprec.o)
                0x60257920                __mdiff
 .text.__d2b    0x60257a0c       0xa4 ..\..\components\newlib\armca5\libc.a(lib_a-mprec.o)
                0x60257a0c                __d2b
 .rodata.__mprec_bigtens
                0x60257ab0       0x28 ..\..\components\newlib\armca5\libc.a(lib_a-mprec.o)
                0x60257ab0                __mprec_bigtens
 .rodata.__mprec_tens
                0x60257ad8       0xc8 ..\..\components\newlib\armca5\libc.a(lib_a-mprec.o)
                0x60257ad8                __mprec_tens
 .rodata.p05.7384
                0x60257ba0        0xc ..\..\components\newlib\armca5\libc.a(lib_a-mprec.o)
 *fill*         0x60257bac        0x4 
 .text.frexp    0x60257bb0       0x70 ..\..\components\newlib\armca5\libc.a(lib_a-s_frexp.o)
                0x60257bb0                frexp
 .text.strchr   0x60257c20       0xd0 ..\..\components\newlib\armca5\libc.a(lib_a-strchr.o)
                0x60257c20                strchr
 .text.strncpy  0x60257cf0       0x74 ..\..\components\newlib\armca5\libc.a(lib_a-strncpy.o)
                0x60257cf0                strncpy
 .text.strnlen  0x60257d64       0x2c ..\..\components\newlib\armca5\libc.a(lib_a-strnlen.o)
                0x60257d64                strnlen
 .text.__ssprint_r
                0x60257d90       0xea ..\..\components\newlib\armca5\libc.a(lib_a-svfiprintf.o)
                0x60257d90                __ssprint_r
 .text.__ascii_wctomb
                0x60257e7a       0x1a ..\..\components\newlib\armca5\libc.a(lib_a-wctomb_r.o)
                0x60257e7a                __ascii_wctomb
 .text.memmove  0x60257e94       0xd4 ..\..\components\newlib\armca5\libc.a(lib_a-memmove.o)
                0x60257e94                memmove
 .text          0x60257f68      0x278 ..\..\prebuilts\win32\gcc-arm-none-eabi\lib\gcc\arm-none-eabi\7.2.1\thumb\v7-ar\fpv3\hard\libgcc.a(_udivsi3.o)
                0x60257f68                __aeabi_uidiv
                0x60257f68                __udivsi3
                0x602581c4                __aeabi_uidivmod
 .text          0x602581e0      0x2b0 ..\..\prebuilts\win32\gcc-arm-none-eabi\lib\gcc\arm-none-eabi\7.2.1\thumb\v7-ar\fpv3\hard\libgcc.a(_divsi3.o)
                0x602581e0                __divsi3
                0x602581e0                __aeabi_idiv
                0x60258474                __aeabi_idivmod
 .text          0x60258490        0x4 ..\..\prebuilts\win32\gcc-arm-none-eabi\lib\gcc\arm-none-eabi\7.2.1\thumb\v7-ar\fpv3\hard\libgcc.a(_dvmd_tls.o)
                0x60258490                __aeabi_idiv0
                0x60258490                __aeabi_ldiv0
 .text          0x60258494       0xa0 ..\..\prebuilts\win32\gcc-arm-none-eabi\lib\gcc\arm-none-eabi\7.2.1\thumb\v7-ar\fpv3\hard\libgcc.a(_aeabi_ldivmod.o)
                0x60258494                __aeabi_ldivmod
 .text          0x60258534       0x30 ..\..\prebuilts\win32\gcc-arm-none-eabi\lib\gcc\arm-none-eabi\7.2.1\thumb\v7-ar\fpv3\hard\libgcc.a(_aeabi_uldivmod.o)
                0x60258534                __aeabi_uldivmod
 .text          0x60258564      0x144 ..\..\prebuilts\win32\gcc-arm-none-eabi\lib\gcc\arm-none-eabi\7.2.1\thumb\v7-ar\fpv3\hard\libgcc.a(_udivmoddi4.o)
                0x60258564                __udivmoddi4
 .text.__stub   0x602586a8      0x2f0 linker stubs
                0x60258998                __text_end = .
                0x602589a0                . = ALIGN (0x20)
 *fill*         0x60258998        0x8 
                0x602506a0                __text_load_start = LOADADDR (.text)

.iplt           0x602589a0        0x0
 .iplt          0x602589a0        0x0 lib/core_stub.o

.rel.dyn        0x602589a0        0x0
 .rel.iplt      0x602589a0        0x0 lib/core_stub.o

.ARM.exidx      0x602589a0        0x8
 .ARM.exidx     0x602589a0        0x8 ..\..\prebuilts\win32\gcc-arm-none-eabi\lib\gcc\arm-none-eabi\7.2.1\thumb\v7-ar\fpv3\hard\libgcc.a(_udivmoddi4.o)

.init_array     0x602589c0        0x0
                0x602589c0                __init_array_start = .
 *(.init_array*)
                0x602589c0                __init_array_end = .
                0x602589c0                . = ALIGN (0x20)
                0x602589c0                __init_array_load_start = LOADADDR (.init_array)
                0x602589c0                __flash_end = (ADDR (.init_array) + SIZEOF (.init_array))
                0x80fa2040                __ram_end = (ADDR (.bss) + SIZEOF (.bss))
                0x00000001                ASSERT ((__flash_end <= (ORIGIN (flash) + LENGTH (flash))), FLASH overflow)
                0x00000001                ASSERT ((__ram_end <= (ORIGIN (ram) + LENGTH (ram))), RAM overflow)

.comment        0x00000000       0xf7
 *(.comment)
 .comment       0x00000000       0x7e components/ql-application/init/CMakeFiles/APPIMAGE_APP.dir/ql_init.c.obj
                                 0x7f (size before relaxing)
 .comment       0x0000007e       0x7f lib/libql_app_peripheral.a(led_cfg_demo.c.obj)
 .comment       0x0000007e       0x7f lib/libql_app_peripheral.a(ql_pin_cfg.c.obj)
 .comment       0x0000007e       0x7f lib/libql_app_power.a(power_demo.c.obj)
 .comment       0x0000007e       0x7f lib/libql_app_Longi4G.a(LongiMain.c.obj)
 .comment       0x0000007e       0x7f lib/libql_app_Longi4G.a(uart_longi.c.obj)
 .comment       0x0000007e       0x7f lib/libql_app_Longi4G.a(embed_nor_flash.c.obj)
 .comment       0x0000007e       0x7f lib/libql_app_Longi4G.a(crc.c.obj)
 .comment       0x0000007e       0x7f lib/libql_app_Longi4G.a(DLMSProtocol.c.obj)
 .comment       0x0000007e       0x7f lib/libql_app_Longi4G.a(DLMScrc.c.obj)
 .comment       0x0000007e       0x7f lib/libql_app_Longi4G.a(socket_demo.c.obj)
 .comment       0x0000007e       0x7f lib/libql_app_Longi4G.a(sms_demo.c.obj)
 .comment       0x0000007e       0x7f lib/libql_app_Longi4G.a(gpio_int_demo.c.obj)
 .comment       0x0000007e       0x7f lib/libql_app_Longi4G.a(DlmsPush.c.obj)
 .comment       0x0000007e       0x7f lib/libql_app_Longi4G.a(Wrapper.c.obj)
 .comment       0x0000007e       0x79 ..\..\components\newlib\armca5\libc.a(lib_a-atoi.o)
                                 0x7a (size before relaxing)
 .comment       0x000000f7       0x7a ..\..\components\newlib\armca5\libc.a(lib_a-memcmp.o)
 .comment       0x000000f7       0x7a ..\..\components\newlib\armca5\libc.a(lib_a-memcpy-stub.o)
 .comment       0x000000f7       0x7a ..\..\components\newlib\armca5\libc.a(lib_a-memset.o)
 .comment       0x000000f7       0x7a ..\..\components\newlib\armca5\libc.a(lib_a-sprintf.o)
 .comment       0x000000f7       0x7a ..\..\components\newlib\armca5\libc.a(lib_a-strcat.o)
 .comment       0x000000f7       0x7a ..\..\components\newlib\armca5\libc.a(lib_a-strcpy.o)
 .comment       0x000000f7       0x7a ..\..\components\newlib\armca5\libc.a(lib_a-strnstr.o)
 .comment       0x000000f7       0x7a ..\..\components\newlib\armca5\libc.a(lib_a-strstr.o)
 .comment       0x000000f7       0x7a ..\..\components\newlib\armca5\libc.a(lib_a-strtol.o)
 .comment       0x000000f7       0x7a ..\..\components\newlib\armca5\libc.a(lib_a-svfprintf.o)
 .comment       0x000000f7       0x7a ..\..\components\newlib\armca5\libc.a(lib_a-ctype_.o)
 .comment       0x000000f7       0x7a ..\..\components\newlib\armca5\libc.a(lib_a-dtoa.o)
 .comment       0x000000f7       0x7a ..\..\components\newlib\armca5\libc.a(lib_a-localeconv.o)
 .comment       0x000000f7       0x7a ..\..\components\newlib\armca5\libc.a(lib_a-locale.o)
 .comment       0x000000f7       0x7a ..\..\components\newlib\armca5\libc.a(lib_a-mbtowc_r.o)
 .comment       0x000000f7       0x7a ..\..\components\newlib\armca5\libc.a(lib_a-memmem.o)
 .comment       0x000000f7       0x7a ..\..\components\newlib\armca5\libc.a(lib_a-mprec.o)
 .comment       0x000000f7       0x7a ..\..\components\newlib\armca5\libc.a(lib_a-s_frexp.o)
 .comment       0x000000f7       0x7a ..\..\components\newlib\armca5\libc.a(lib_a-strchr.o)
 .comment       0x000000f7       0x7a ..\..\components\newlib\armca5\libc.a(lib_a-strncpy.o)
 .comment       0x000000f7       0x7a ..\..\components\newlib\armca5\libc.a(lib_a-strnlen.o)
 .comment       0x000000f7       0x7a ..\..\components\newlib\armca5\libc.a(lib_a-svfiprintf.o)
 .comment       0x000000f7       0x7a ..\..\components\newlib\armca5\libc.a(lib_a-wctomb_r.o)
 .comment       0x000000f7       0x7a ..\..\components\newlib\armca5\libc.a(lib_a-memmove.o)

.ARM.attributes
                0x00000000       0x3b
 .ARM.attributes
                0x00000000       0x2b lib/core_stub.o
 .ARM.attributes
                0x0000002b       0x3d components/ql-application/init/CMakeFiles/APPIMAGE_APP.dir/ql_init.c.obj
 .ARM.attributes
                0x00000068       0x3d lib/libql_app_peripheral.a(led_cfg_demo.c.obj)
 .ARM.attributes
                0x000000a5       0x3d lib/libql_app_peripheral.a(ql_pin_cfg.c.obj)
 .ARM.attributes
                0x000000e2       0x3d lib/libql_app_power.a(power_demo.c.obj)
 .ARM.attributes
                0x0000011f       0x3d lib/libql_app_Longi4G.a(LongiMain.c.obj)
 .ARM.attributes
                0x0000015c       0x3d lib/libql_app_Longi4G.a(uart_longi.c.obj)
 .ARM.attributes
                0x00000199       0x3d lib/libql_app_Longi4G.a(embed_nor_flash.c.obj)
 .ARM.attributes
                0x000001d6       0x3d lib/libql_app_Longi4G.a(crc.c.obj)
 .ARM.attributes
                0x00000213       0x3d lib/libql_app_Longi4G.a(DLMSProtocol.c.obj)
 .ARM.attributes
                0x00000250       0x3d lib/libql_app_Longi4G.a(DLMScrc.c.obj)
 .ARM.attributes
                0x0000028d       0x3d lib/libql_app_Longi4G.a(socket_demo.c.obj)
 .ARM.attributes
                0x000002ca       0x3d lib/libql_app_Longi4G.a(sms_demo.c.obj)
 .ARM.attributes
                0x00000307       0x3d lib/libql_app_Longi4G.a(gpio_int_demo.c.obj)
 .ARM.attributes
                0x00000344       0x3d lib/libql_app_Longi4G.a(DlmsPush.c.obj)
 .ARM.attributes
                0x00000381       0x3d lib/libql_app_Longi4G.a(Wrapper.c.obj)
 .ARM.attributes
                0x000003be       0x37 ..\..\components\newlib\armca5\libc.a(lib_a-atoi.o)
 .ARM.attributes
                0x000003f5       0x37 ..\..\components\newlib\armca5\libc.a(lib_a-memcmp.o)
 .ARM.attributes
                0x0000042c       0x37 ..\..\components\newlib\armca5\libc.a(lib_a-memcpy-stub.o)
 .ARM.attributes
                0x00000463       0x37 ..\..\components\newlib\armca5\libc.a(lib_a-memset.o)
 .ARM.attributes
                0x0000049a       0x37 ..\..\components\newlib\armca5\libc.a(lib_a-sprintf.o)
 .ARM.attributes
                0x000004d1       0x37 ..\..\components\newlib\armca5\libc.a(lib_a-strcat.o)
 .ARM.attributes
                0x00000508       0x37 ..\..\components\newlib\armca5\libc.a(lib_a-strcpy.o)
 .ARM.attributes
                0x0000053f       0x1d ..\..\components\newlib\armca5\libc.a(lib_a-strlen.o)
 .ARM.attributes
                0x0000055c       0x37 ..\..\components\newlib\armca5\libc.a(lib_a-strnstr.o)
 .ARM.attributes
                0x00000593       0x37 ..\..\components\newlib\armca5\libc.a(lib_a-strstr.o)
 .ARM.attributes
                0x000005ca       0x37 ..\..\components\newlib\armca5\libc.a(lib_a-strtol.o)
 .ARM.attributes
                0x00000601       0x37 ..\..\components\newlib\armca5\libc.a(lib_a-svfprintf.o)
 .ARM.attributes
                0x00000638       0x3d ..\..\components\newlib\armca5\libc.a(lib_a-ctype_.o)
 .ARM.attributes
                0x00000675       0x37 ..\..\components\newlib\armca5\libc.a(lib_a-dtoa.o)
 .ARM.attributes
                0x000006ac       0x37 ..\..\components\newlib\armca5\libc.a(lib_a-localeconv.o)
 .ARM.attributes
                0x000006e3       0x37 ..\..\components\newlib\armca5\libc.a(lib_a-locale.o)
 .ARM.attributes
                0x0000071a       0x37 ..\..\components\newlib\armca5\libc.a(lib_a-mbtowc_r.o)
 .ARM.attributes
                0x00000751       0x21 ..\..\components\newlib\armca5\libc.a(lib_a-memchr.o)
 .ARM.attributes
                0x00000772       0x37 ..\..\components\newlib\armca5\libc.a(lib_a-memmem.o)
 .ARM.attributes
                0x000007a9       0x37 ..\..\components\newlib\armca5\libc.a(lib_a-mprec.o)
 .ARM.attributes
                0x000007e0       0x37 ..\..\components\newlib\armca5\libc.a(lib_a-s_frexp.o)
 .ARM.attributes
                0x00000817       0x37 ..\..\components\newlib\armca5\libc.a(lib_a-strchr.o)
 .ARM.attributes
                0x0000084e       0x37 ..\..\components\newlib\armca5\libc.a(lib_a-strncpy.o)
 .ARM.attributes
                0x00000885       0x37 ..\..\components\newlib\armca5\libc.a(lib_a-strnlen.o)
 .ARM.attributes
                0x000008bc       0x37 ..\..\components\newlib\armca5\libc.a(lib_a-svfiprintf.o)
 .ARM.attributes
                0x000008f3       0x37 ..\..\components\newlib\armca5\libc.a(lib_a-wctomb_r.o)
 .ARM.attributes
                0x0000092a       0x37 ..\..\components\newlib\armca5\libc.a(lib_a-memmove.o)
 .ARM.attributes
                0x00000961       0x1b ..\..\prebuilts\win32\gcc-arm-none-eabi\lib\gcc\arm-none-eabi\7.2.1\thumb\v7-ar\fpv3\hard\libgcc.a(_udivsi3.o)
 .ARM.attributes
                0x0000097c       0x1b ..\..\prebuilts\win32\gcc-arm-none-eabi\lib\gcc\arm-none-eabi\7.2.1\thumb\v7-ar\fpv3\hard\libgcc.a(_divsi3.o)
 .ARM.attributes
                0x00000997       0x1b ..\..\prebuilts\win32\gcc-arm-none-eabi\lib\gcc\arm-none-eabi\7.2.1\thumb\v7-ar\fpv3\hard\libgcc.a(_dvmd_tls.o)
 .ARM.attributes
                0x000009b2       0x1b ..\..\prebuilts\win32\gcc-arm-none-eabi\lib\gcc\arm-none-eabi\7.2.1\thumb\v7-ar\fpv3\hard\libgcc.a(_aeabi_ldivmod.o)
 .ARM.attributes
                0x000009cd       0x1b ..\..\prebuilts\win32\gcc-arm-none-eabi\lib\gcc\arm-none-eabi\7.2.1\thumb\v7-ar\fpv3\hard\libgcc.a(_aeabi_uldivmod.o)
 .ARM.attributes
                0x000009e8       0x2d ..\..\prebuilts\win32\gcc-arm-none-eabi\lib\gcc\arm-none-eabi\7.2.1\thumb\v7-ar\fpv3\hard\libgcc.a(_udivmoddi4.o)

/DISCARD/
 *(.dynstr*)
 *(.dynamic*)
 *(.plt*)
 *(.interp*)
 *(.gnu*)
OUTPUT(hex\examples\APPIMAGE_APP.elf elf32-littlearm)

.debug_info     0x00000000    0x1692a
 .debug_info    0x00000000     0x240f components/ql-application/init/CMakeFiles/APPIMAGE_APP.dir/ql_init.c.obj
 .debug_info    0x0000240f     0x1b09 lib/libql_app_peripheral.a(led_cfg_demo.c.obj)
 .debug_info    0x00003f18      0xc96 lib/libql_app_peripheral.a(ql_pin_cfg.c.obj)
 .debug_info    0x00004bae     0x1d8c lib/libql_app_power.a(power_demo.c.obj)
 .debug_info    0x0000693a     0x1cfb lib/libql_app_Longi4G.a(LongiMain.c.obj)
 .debug_info    0x00008635     0x255a lib/libql_app_Longi4G.a(uart_longi.c.obj)
 .debug_info    0x0000ab8f     0x1140 lib/libql_app_Longi4G.a(embed_nor_flash.c.obj)
 .debug_info    0x0000bccf      0x13e lib/libql_app_Longi4G.a(crc.c.obj)
 .debug_info    0x0000be0d     0x188f lib/libql_app_Longi4G.a(DLMSProtocol.c.obj)
 .debug_info    0x0000d69c      0x119 lib/libql_app_Longi4G.a(DLMScrc.c.obj)
 .debug_info    0x0000d7b5     0x3174 lib/libql_app_Longi4G.a(socket_demo.c.obj)
 .debug_info    0x00010929     0x2a8b lib/libql_app_Longi4G.a(sms_demo.c.obj)
 .debug_info    0x000133b4     0x12d7 lib/libql_app_Longi4G.a(gpio_int_demo.c.obj)
 .debug_info    0x0001468b     0x1002 lib/libql_app_Longi4G.a(DlmsPush.c.obj)
 .debug_info    0x0001568d     0x129d lib/libql_app_Longi4G.a(Wrapper.c.obj)

.debug_abbrev   0x00000000     0x2bef
 .debug_abbrev  0x00000000      0x37f components/ql-application/init/CMakeFiles/APPIMAGE_APP.dir/ql_init.c.obj
 .debug_abbrev  0x0000037f      0x325 lib/libql_app_peripheral.a(led_cfg_demo.c.obj)
 .debug_abbrev  0x000006a4      0x1c0 lib/libql_app_peripheral.a(ql_pin_cfg.c.obj)
 .debug_abbrev  0x00000864      0x360 lib/libql_app_power.a(power_demo.c.obj)
 .debug_abbrev  0x00000bc4      0x389 lib/libql_app_Longi4G.a(LongiMain.c.obj)
 .debug_abbrev  0x00000f4d      0x37f lib/libql_app_Longi4G.a(uart_longi.c.obj)
 .debug_abbrev  0x000012cc      0x2aa lib/libql_app_Longi4G.a(embed_nor_flash.c.obj)
 .debug_abbrev  0x00001576       0xbd lib/libql_app_Longi4G.a(crc.c.obj)
 .debug_abbrev  0x00001633      0x40a lib/libql_app_Longi4G.a(DLMSProtocol.c.obj)
 .debug_abbrev  0x00001a3d       0xc2 lib/libql_app_Longi4G.a(DLMScrc.c.obj)
 .debug_abbrev  0x00001aff      0x440 lib/libql_app_Longi4G.a(socket_demo.c.obj)
 .debug_abbrev  0x00001f3f      0x3e0 lib/libql_app_Longi4G.a(sms_demo.c.obj)
 .debug_abbrev  0x0000231f      0x2c9 lib/libql_app_Longi4G.a(gpio_int_demo.c.obj)
 .debug_abbrev  0x000025e8      0x32d lib/libql_app_Longi4G.a(DlmsPush.c.obj)
 .debug_abbrev  0x00002915      0x2da lib/libql_app_Longi4G.a(Wrapper.c.obj)

.debug_loc      0x00000000     0x221b
 .debug_loc     0x00000000      0x1d0 components/ql-application/init/CMakeFiles/APPIMAGE_APP.dir/ql_init.c.obj
 .debug_loc     0x000001d0      0x183 lib/libql_app_peripheral.a(led_cfg_demo.c.obj)
 .debug_loc     0x00000353      0x190 lib/libql_app_power.a(power_demo.c.obj)
 .debug_loc     0x000004e3      0x106 lib/libql_app_Longi4G.a(LongiMain.c.obj)
 .debug_loc     0x000005e9      0x5ed lib/libql_app_Longi4G.a(uart_longi.c.obj)
 .debug_loc     0x00000bd6       0x88 lib/libql_app_Longi4G.a(embed_nor_flash.c.obj)
 .debug_loc     0x00000c5e      0x112 lib/libql_app_Longi4G.a(crc.c.obj)
 .debug_loc     0x00000d70      0x509 lib/libql_app_Longi4G.a(DLMSProtocol.c.obj)
 .debug_loc     0x00001279       0xa3 lib/libql_app_Longi4G.a(DLMScrc.c.obj)
 .debug_loc     0x0000131c      0x483 lib/libql_app_Longi4G.a(socket_demo.c.obj)
 .debug_loc     0x0000179f      0x410 lib/libql_app_Longi4G.a(sms_demo.c.obj)
 .debug_loc     0x00001baf       0x6c lib/libql_app_Longi4G.a(gpio_int_demo.c.obj)
 .debug_loc     0x00001c1b      0x389 lib/libql_app_Longi4G.a(DlmsPush.c.obj)
 .debug_loc     0x00001fa4      0x277 lib/libql_app_Longi4G.a(Wrapper.c.obj)

.debug_aranges  0x00000000      0x3d0
 .debug_aranges
                0x00000000       0x38 components/ql-application/init/CMakeFiles/APPIMAGE_APP.dir/ql_init.c.obj
 .debug_aranges
                0x00000038       0x30 lib/libql_app_peripheral.a(led_cfg_demo.c.obj)
 .debug_aranges
                0x00000068       0x18 lib/libql_app_peripheral.a(ql_pin_cfg.c.obj)
 .debug_aranges
                0x00000080       0x78 lib/libql_app_power.a(power_demo.c.obj)
 .debug_aranges
                0x000000f8       0x58 lib/libql_app_Longi4G.a(LongiMain.c.obj)
 .debug_aranges
                0x00000150       0x50 lib/libql_app_Longi4G.a(uart_longi.c.obj)
 .debug_aranges
                0x000001a0       0x30 lib/libql_app_Longi4G.a(embed_nor_flash.c.obj)
 .debug_aranges
                0x000001d0       0x28 lib/libql_app_Longi4G.a(crc.c.obj)
 .debug_aranges
                0x000001f8       0x68 lib/libql_app_Longi4G.a(DLMSProtocol.c.obj)
 .debug_aranges
                0x00000260       0x20 lib/libql_app_Longi4G.a(DLMScrc.c.obj)
 .debug_aranges
                0x00000280       0x40 lib/libql_app_Longi4G.a(socket_demo.c.obj)
 .debug_aranges
                0x000002c0       0x50 lib/libql_app_Longi4G.a(sms_demo.c.obj)
 .debug_aranges
                0x00000310       0x30 lib/libql_app_Longi4G.a(gpio_int_demo.c.obj)
 .debug_aranges
                0x00000340       0x48 lib/libql_app_Longi4G.a(DlmsPush.c.obj)
 .debug_aranges
                0x00000388       0x48 lib/libql_app_Longi4G.a(Wrapper.c.obj)

.debug_ranges   0x00000000      0x428
 .debug_ranges  0x00000000       0x58 components/ql-application/init/CMakeFiles/APPIMAGE_APP.dir/ql_init.c.obj
 .debug_ranges  0x00000058       0x20 lib/libql_app_peripheral.a(led_cfg_demo.c.obj)
 .debug_ranges  0x00000078       0x68 lib/libql_app_power.a(power_demo.c.obj)
 .debug_ranges  0x000000e0       0x68 lib/libql_app_Longi4G.a(LongiMain.c.obj)
 .debug_ranges  0x00000148       0x60 lib/libql_app_Longi4G.a(uart_longi.c.obj)
 .debug_ranges  0x000001a8       0x20 lib/libql_app_Longi4G.a(embed_nor_flash.c.obj)
 .debug_ranges  0x000001c8       0x18 lib/libql_app_Longi4G.a(crc.c.obj)
 .debug_ranges  0x000001e0       0x70 lib/libql_app_Longi4G.a(DLMSProtocol.c.obj)
 .debug_ranges  0x00000250       0x28 lib/libql_app_Longi4G.a(DLMScrc.c.obj)
 .debug_ranges  0x00000278       0xa0 lib/libql_app_Longi4G.a(socket_demo.c.obj)
 .debug_ranges  0x00000318       0x80 lib/libql_app_Longi4G.a(sms_demo.c.obj)
 .debug_ranges  0x00000398       0x20 lib/libql_app_Longi4G.a(gpio_int_demo.c.obj)
 .debug_ranges  0x000003b8       0x38 lib/libql_app_Longi4G.a(DlmsPush.c.obj)
 .debug_ranges  0x000003f0       0x38 lib/libql_app_Longi4G.a(Wrapper.c.obj)

.debug_line     0x00000000     0x333f
 .debug_line    0x00000000      0x4e2 components/ql-application/init/CMakeFiles/APPIMAGE_APP.dir/ql_init.c.obj
 .debug_line    0x000004e2      0x32b lib/libql_app_peripheral.a(led_cfg_demo.c.obj)
 .debug_line    0x0000080d      0x1c1 lib/libql_app_peripheral.a(ql_pin_cfg.c.obj)
 .debug_line    0x000009ce      0x402 lib/libql_app_power.a(power_demo.c.obj)
 .debug_line    0x00000dd0      0x407 lib/libql_app_Longi4G.a(LongiMain.c.obj)
 .debug_line    0x000011d7      0x42b lib/libql_app_Longi4G.a(uart_longi.c.obj)
 .debug_line    0x00001602      0x2df lib/libql_app_Longi4G.a(embed_nor_flash.c.obj)
 .debug_line    0x000018e1       0xf7 lib/libql_app_Longi4G.a(crc.c.obj)
 .debug_line    0x000019d8      0x3db lib/libql_app_Longi4G.a(DLMSProtocol.c.obj)
 .debug_line    0x00001db3       0xdf lib/libql_app_Longi4G.a(DLMScrc.c.obj)
 .debug_line    0x00001e92      0x6f6 lib/libql_app_Longi4G.a(socket_demo.c.obj)
 .debug_line    0x00002588      0x548 lib/libql_app_Longi4G.a(sms_demo.c.obj)
 .debug_line    0x00002ad0      0x2b2 lib/libql_app_Longi4G.a(gpio_int_demo.c.obj)
 .debug_line    0x00002d82      0x290 lib/libql_app_Longi4G.a(DlmsPush.c.obj)
 .debug_line    0x00003012      0x32d lib/libql_app_Longi4G.a(Wrapper.c.obj)

.debug_str      0x00000000     0x5cd8
 .debug_str     0x00000000     0x1c77 components/ql-application/init/CMakeFiles/APPIMAGE_APP.dir/ql_init.c.obj
                               0x1df2 (size before relaxing)
 .debug_str     0x00001c77     0x1847 lib/libql_app_peripheral.a(led_cfg_demo.c.obj)
                               0x25f6 (size before relaxing)
 .debug_str     0x000034be       0x38 lib/libql_app_peripheral.a(ql_pin_cfg.c.obj)
                                0xe00 (size before relaxing)
 .debug_str     0x000034f6      0x304 lib/libql_app_power.a(power_demo.c.obj)
                               0x25a4 (size before relaxing)
 .debug_str     0x000037fa      0x4a3 lib/libql_app_Longi4G.a(LongiMain.c.obj)
                               0x188e (size before relaxing)
 .debug_str     0x00003c9d      0x611 lib/libql_app_Longi4G.a(uart_longi.c.obj)
                               0x29c3 (size before relaxing)
 .debug_str     0x000042ae       0xc2 lib/libql_app_Longi4G.a(embed_nor_flash.c.obj)
                                0xf51 (size before relaxing)
 .debug_str     0x00004370       0x4f lib/libql_app_Longi4G.a(crc.c.obj)
                                0x229 (size before relaxing)
 .debug_str     0x000043bf      0x2bb lib/libql_app_Longi4G.a(DLMSProtocol.c.obj)
                               0x1237 (size before relaxing)
 .debug_str     0x0000467a       0x43 lib/libql_app_Longi4G.a(DLMScrc.c.obj)
                                0x227 (size before relaxing)
 .debug_str     0x000046bd      0xbb7 lib/libql_app_Longi4G.a(socket_demo.c.obj)
                               0x24d0 (size before relaxing)
 .debug_str     0x00005274      0x5b6 lib/libql_app_Longi4G.a(sms_demo.c.obj)
                               0x1f9c (size before relaxing)
 .debug_str     0x0000582a      0x148 lib/libql_app_Longi4G.a(gpio_int_demo.c.obj)
                               0x15bd (size before relaxing)
 .debug_str     0x00005972      0x22e lib/libql_app_Longi4G.a(DlmsPush.c.obj)
                                0xf19 (size before relaxing)
 .debug_str     0x00005ba0      0x138 lib/libql_app_Longi4G.a(Wrapper.c.obj)
                                0xf8c (size before relaxing)

.debug_frame    0x00000000      0xb4c
 .debug_frame   0x00000000       0x8c components/ql-application/init/CMakeFiles/APPIMAGE_APP.dir/ql_init.c.obj
 .debug_frame   0x0000008c       0x68 lib/libql_app_peripheral.a(led_cfg_demo.c.obj)
 .debug_frame   0x000000f4      0x14c lib/libql_app_power.a(power_demo.c.obj)
 .debug_frame   0x00000240       0xe4 lib/libql_app_Longi4G.a(LongiMain.c.obj)
 .debug_frame   0x00000324      0x128 lib/libql_app_Longi4G.a(uart_longi.c.obj)
 .debug_frame   0x0000044c       0x6c lib/libql_app_Longi4G.a(embed_nor_flash.c.obj)
 .debug_frame   0x000004b8       0x44 lib/libql_app_Longi4G.a(crc.c.obj)
 .debug_frame   0x000004fc      0x13c lib/libql_app_Longi4G.a(DLMSProtocol.c.obj)
 .debug_frame   0x00000638       0x2c lib/libql_app_Longi4G.a(DLMScrc.c.obj)
 .debug_frame   0x00000664       0xdc lib/libql_app_Longi4G.a(socket_demo.c.obj)
 .debug_frame   0x00000740      0x104 lib/libql_app_Longi4G.a(sms_demo.c.obj)
 .debug_frame   0x00000844       0x64 lib/libql_app_Longi4G.a(gpio_int_demo.c.obj)
 .debug_frame   0x000008a8       0x98 lib/libql_app_Longi4G.a(DlmsPush.c.obj)
 .debug_frame   0x00000940       0xe8 lib/libql_app_Longi4G.a(Wrapper.c.obj)
 .debug_frame   0x00000a28       0x34 ..\..\components\newlib\armca5\libc.a(lib_a-memchr.o)
 .debug_frame   0x00000a5c       0x20 ..\..\prebuilts\win32\gcc-arm-none-eabi\lib\gcc\arm-none-eabi\7.2.1\thumb\v7-ar\fpv3\hard\libgcc.a(_udivsi3.o)
 .debug_frame   0x00000a7c       0x20 ..\..\prebuilts\win32\gcc-arm-none-eabi\lib\gcc\arm-none-eabi\7.2.1\thumb\v7-ar\fpv3\hard\libgcc.a(_divsi3.o)
 .debug_frame   0x00000a9c       0x44 ..\..\prebuilts\win32\gcc-arm-none-eabi\lib\gcc\arm-none-eabi\7.2.1\thumb\v7-ar\fpv3\hard\libgcc.a(_aeabi_ldivmod.o)
 .debug_frame   0x00000ae0       0x2c ..\..\prebuilts\win32\gcc-arm-none-eabi\lib\gcc\arm-none-eabi\7.2.1\thumb\v7-ar\fpv3\hard\libgcc.a(_aeabi_uldivmod.o)
 .debug_frame   0x00000b0c       0x40 ..\..\prebuilts\win32\gcc-arm-none-eabi\lib\gcc\arm-none-eabi\7.2.1\thumb\v7-ar\fpv3\hard\libgcc.a(_udivmoddi4.o)
