Archive member included to satisfy reference by file (symbol)

c:/program files (x86)/gnu arm embedded toolchain/10 2021.10/bin/../lib/gcc/arm-none-eabi/10.3.1/thumb/v8-m.main+fp/hard\libgcc.a(_aeabi_ldivmod.o)
                              ./src/Wrapper.o (__aeabi_ldivmod)
c:/program files (x86)/gnu arm embedded toolchain/10 2021.10/bin/../lib/gcc/arm-none-eabi/10.3.1/thumb/v8-m.main+fp/hard\libgcc.a(_udivmoddi4.o)
                              c:/program files (x86)/gnu arm embedded toolchain/10 2021.10/bin/../lib/gcc/arm-none-eabi/10.3.1/thumb/v8-m.main+fp/hard\libgcc.a(_aeabi_ldivmod.o) (__udivmoddi4)
c:/program files (x86)/gnu arm embedded toolchain/10 2021.10/bin/../lib/gcc/arm-none-eabi/10.3.1/thumb/v8-m.main+fp/hard\libgcc.a(_dvmd_tls.o)
                              c:/program files (x86)/gnu arm embedded toolchain/10 2021.10/bin/../lib/gcc/arm-none-eabi/10.3.1/thumb/v8-m.main+fp/hard\libgcc.a(_aeabi_ldivmod.o) (__aeabi_ldiv0)
c:/program files (x86)/gnu arm embedded toolchain/10 2021.10/bin/../lib/gcc/arm-none-eabi/10.3.1/../../../../arm-none-eabi/lib/thumb/v8-m.main+fp/hard\libg_nano.a(lib_a-errno.o)
                              ./ra/fsp/src/bsp/mcu/all/bsp_sbrk.o (__errno)
c:/program files (x86)/gnu arm embedded toolchain/10 2021.10/bin/../lib/gcc/arm-none-eabi/10.3.1/../../../../arm-none-eabi/lib/thumb/v8-m.main+fp/hard\libg_nano.a(lib_a-exit.o)
                              c:/program files (x86)/gnu arm embedded toolchain/10 2021.10/bin/../lib/gcc/arm-none-eabi/10.3.1/../../../../arm-none-eabi/lib/thumb/v8-m.main+fp/hard/rdimon-crt0.o (exit)
c:/program files (x86)/gnu arm embedded toolchain/10 2021.10/bin/../lib/gcc/arm-none-eabi/10.3.1/../../../../arm-none-eabi/lib/thumb/v8-m.main+fp/hard\libg_nano.a(lib_a-impure.o)
                              c:/program files (x86)/gnu arm embedded toolchain/10 2021.10/bin/../lib/gcc/arm-none-eabi/10.3.1/../../../../arm-none-eabi/lib/thumb/v8-m.main+fp/hard\libg_nano.a(lib_a-exit.o) (_global_impure_ptr)
c:/program files (x86)/gnu arm embedded toolchain/10 2021.10/bin/../lib/gcc/arm-none-eabi/10.3.1/../../../../arm-none-eabi/lib/thumb/v8-m.main+fp/hard\libg_nano.a(lib_a-init.o)
                              c:/program files (x86)/gnu arm embedded toolchain/10 2021.10/bin/../lib/gcc/arm-none-eabi/10.3.1/../../../../arm-none-eabi/lib/thumb/v8-m.main+fp/hard/rdimon-crt0.o (__libc_init_array)
c:/program files (x86)/gnu arm embedded toolchain/10 2021.10/bin/../lib/gcc/arm-none-eabi/10.3.1/../../../../arm-none-eabi/lib/thumb/v8-m.main+fp/hard\libg_nano.a(lib_a-memcmp.o)
                              ./src/flash_hp_ep.o (memcmp)
c:/program files (x86)/gnu arm embedded toolchain/10 2021.10/bin/../lib/gcc/arm-none-eabi/10.3.1/../../../../arm-none-eabi/lib/thumb/v8-m.main+fp/hard\libg_nano.a(lib_a-memcpy-stub.o)
                              ./src/SEGGER_RTT/SEGGER_RTT.o (memcpy)
c:/program files (x86)/gnu arm embedded toolchain/10 2021.10/bin/../lib/gcc/arm-none-eabi/10.3.1/../../../../arm-none-eabi/lib/thumb/v8-m.main+fp/hard\libg_nano.a(lib_a-memset.o)
                              c:/program files (x86)/gnu arm embedded toolchain/10 2021.10/bin/../lib/gcc/arm-none-eabi/10.3.1/../../../../arm-none-eabi/lib/thumb/v8-m.main+fp/hard/rdimon-crt0.o (memset)
c:/program files (x86)/gnu arm embedded toolchain/10 2021.10/bin/../lib/gcc/arm-none-eabi/10.3.1/../../../../arm-none-eabi/lib/thumb/v8-m.main+fp/hard\libg_nano.a(lib_a-sprintf.o)
                              ./src/hal_entry.o (sprintf)
c:/program files (x86)/gnu arm embedded toolchain/10 2021.10/bin/../lib/gcc/arm-none-eabi/10.3.1/../../../../arm-none-eabi/lib/thumb/v8-m.main+fp/hard\libg_nano.a(lib_a-strcat.o)
                              ./src/gsm.o (strcat)
c:/program files (x86)/gnu arm embedded toolchain/10 2021.10/bin/../lib/gcc/arm-none-eabi/10.3.1/../../../../arm-none-eabi/lib/thumb/v8-m.main+fp/hard\libg_nano.a(lib_a-strcpy.o)
                              ./src/gsm.o (strcpy)
c:/program files (x86)/gnu arm embedded toolchain/10 2021.10/bin/../lib/gcc/arm-none-eabi/10.3.1/../../../../arm-none-eabi/lib/thumb/v8-m.main+fp/hard\libg_nano.a(lib_a-strlen.o)
                              ./src/SEGGER_RTT/SEGGER_RTT.o (strlen)
c:/program files (x86)/gnu arm embedded toolchain/10 2021.10/bin/../lib/gcc/arm-none-eabi/10.3.1/../../../../arm-none-eabi/lib/thumb/v8-m.main+fp/hard\libg_nano.a(lib_a-strstr.o)
                              ./src/gsm.o (strstr)
c:/program files (x86)/gnu arm embedded toolchain/10 2021.10/bin/../lib/gcc/arm-none-eabi/10.3.1/../../../../arm-none-eabi/lib/thumb/v8-m.main+fp/hard\libg_nano.a(lib_a-nano-svfprintf.o)
                              c:/program files (x86)/gnu arm embedded toolchain/10 2021.10/bin/../lib/gcc/arm-none-eabi/10.3.1/../../../../arm-none-eabi/lib/thumb/v8-m.main+fp/hard\libg_nano.a(lib_a-sprintf.o) (_svfprintf_r)
[...]
Memory Configuration

Name             Origin             Length             Attributes
FLASH            0x00000000         0x00100000         xr
RAM              0x20000000         0x00020000         xrw
DATA_FLASH       0x08000000         0x00002000         xr
QSPI_FLASH       0x60000000         0x04000000         xr
OSPI_DEVICE_0    0x68000000         0x00000000         xr
OSPI_DEVICE_1    0x70000000         0x00000000         xr
SDRAM            0x90000000         0x00000000         xrw
OPTION_SETTING   0x0100a100         0x00000100         r
OPTION_SETTING_S 0x0100a200         0x00000100         r
ID_CODE          0x00000000         0x00000000         xr
*default*        0x00000000         0xffffffff

Linker script and memory map

LOAD c:/program files (x86)/gnu arm embedded toolchain/10 2021.10/bin/../lib/gcc/arm-none-eabi/10.3.1/thumb/v8-m.main+fp/hard/crti.o
LOAD c:/program files (x86)/gnu arm embedded toolchain/10 2021.10/bin/../lib/gcc/arm-none-eabi/10.3.1/thumb/v8-m.main+fp/hard/crtbegin.o
LOAD c:/program files (x86)/gnu arm embedded toolchain/10 2021.10/bin/../lib/gcc/arm-none-eabi/10.3.1/../../../../arm-none-eabi/lib/thumb/v8-m.main+fp/hard/rdimon-crt0.o
START GROUP
LOAD ./src/SEGGER_RTT/SEGGER_RTT.o
LOAD ./src/SEGGER_RTT/SEGGER_RTT_printf.o
LOAD ./src/DLMScrc.o
LOAD ./src/Wrapper.o
LOAD ./src/crc.o
LOAD ./src/flash_hp_ep.o
LOAD ./src/gsm.o
LOAD ./src/hal_entry.o
LOAD ./src/srec2bin.o
LOAD ./src/uart_LTE.o
LOAD ./src/utils.o
LOAD ./ra_gen/common_data.o
LOAD ./ra_gen/hal_data.o
LOAD ./ra_gen/main.o
LOAD ./ra_gen/pin_data.o
LOAD ./ra_gen/vector_data.o
LOAD ./ra/fsp/src/r_sci_uart/r_sci_uart.o
LOAD ./ra/fsp/src/r_rtc/r_rtc.o
LOAD ./ra/fsp/src/r_lvd/r_lvd.o
LOAD ./ra/fsp/src/r_lpm/r_lpm.o
LOAD ./ra/fsp/src/r_iwdt/r_iwdt.o
LOAD ./ra/fsp/src/r_ioport/r_ioport.o
LOAD ./ra/fsp/src/r_icu/r_icu.o
LOAD ./ra/fsp/src/r_gpt/r_gpt.o
LOAD ./ra/fsp/src/r_flash_hp/r_flash_hp.o
LOAD ./ra/fsp/src/r_cgc/r_cgc.o
LOAD ./ra/fsp/src/r_agt/r_agt.o
LOAD ./ra/fsp/src/r_adc/r_adc.o
LOAD ./ra/fsp/src/bsp/mcu/all/bsp_clocks.o
LOAD ./ra/fsp/src/bsp/mcu/all/bsp_common.o
LOAD ./ra/fsp/src/bsp/mcu/all/bsp_delay.o
LOAD ./ra/fsp/src/bsp/mcu/all/bsp_group_irq.o
LOAD ./ra/fsp/src/bsp/mcu/all/bsp_guard.o
LOAD ./ra/fsp/src/bsp/mcu/all/bsp_io.o
LOAD ./ra/fsp/src/bsp/mcu/all/bsp_irq.o
LOAD ./ra/fsp/src/bsp/mcu/all/bsp_register_protection.o
LOAD ./ra/fsp/src/bsp/mcu/all/bsp_rom_registers.o
LOAD ./ra/fsp/src/bsp/mcu/all/bsp_sbrk.o
LOAD ./ra/fsp/src/bsp/mcu/all/bsp_security.o
LOAD ./ra/fsp/src/bsp/cmsis/Device/RENESAS/Source/startup.o
LOAD ./ra/fsp/src/bsp/cmsis/Device/RENESAS/Source/system.o
LOAD ./ra/board/ra4m3_ek/board_init.o
LOAD ./ra/board/ra4m3_ek/board_leds.o
END GROUP
START GROUP
LOAD c:/program files (x86)/gnu arm embedded toolchain/10 2021.10/bin/../lib/gcc/arm-none-eabi/10.3.1/thumb/v8-m.main+fp/hard\libgcc.a
LOAD c:/program files (x86)/gnu arm embedded toolchain/10 2021.10/bin/../lib/gcc/arm-none-eabi/10.3.1/../../../../arm-none-eabi/lib/thumb/v8-m.main+fp/hard\libg_nano.a
LOAD c:/program files (x86)/gnu arm embedded toolchain/10 2021.10/bin/../lib/gcc/arm-none-eabi/10.3.1/../../../../arm-none-eabi/lib/thumb/v8-m.main+fp/hard\libc_nano.a
END GROUP
START GROUP
LOAD c:/program files (x86)/gnu arm embedded toolchain/10 2021.10/bin/../lib/gcc/arm-none-eabi/10.3.1/thumb/v8-m.main+fp/hard\libgcc.a
LOAD c:/program files (x86)/gnu arm embedded toolchain/10 2021.10/bin/../lib/gcc/arm-none-eabi/10.3.1/../../../../arm-none-eabi/lib/thumb/v8-m.main+fp/hard\libc_nano.a
LOAD c:/program files (x86)/gnu arm embedded toolchain/10 2021.10/bin/../lib/gcc/arm-none-eabi/10.3.1/../../../../arm-none-eabi/lib/thumb/v8-m.main+fp/hard\librdimon_nano.a
END GROUP
START GROUP
LOAD c:/program files (x86)/gnu arm embedded toolchain/10 2021.10/bin/../lib/gcc/arm-none-eabi/10.3.1/thumb/v8-m.main+fp/hard\libgcc.a
LOAD c:/program files (x86)/gnu arm embedded toolchain/10 2021.10/bin/../lib/gcc/arm-none-eabi/10.3.1/../../../../arm-none-eabi/lib/thumb/v8-m.main+fp/hard\libc_nano.a
LOAD c:/program files (x86)/gnu arm embedded toolchain/10 2021.10/bin/../lib/gcc/arm-none-eabi/10.3.1/../../../../arm-none-eabi/lib/thumb/v8-m.main+fp/hard\librdimon_nano.a
END GROUP
LOAD c:/program files (x86)/gnu arm embedded toolchain/10 2021.10/bin/../lib/gcc/arm-none-eabi/10.3.1/thumb/v8-m.main+fp/hard/crtend.o
LOAD c:/program files (x86)/gnu arm embedded toolchain/10 2021.10/bin/../lib/gcc/arm-none-eabi/10.3.1/thumb/v8-m.main+fp/hard/crtn.o
                0x20000000                RAM_START = 0x20000000
                0x00020000                RAM_LENGTH = 0x20000
                0x00000000                FLASH_START = 0x0
                0x00100000                FLASH_LENGTH = 0x100000
                0x08000000                DATA_FLASH_START = 0x8000000
                0x00002000                DATA_FLASH_LENGTH = 0x2000
                0x0100a100                OPTION_SETTING_START = 0x100a100
                0x00000100                OPTION_SETTING_LENGTH = 0x100
                0x0100a200                OPTION_SETTING_S_START = 0x100a200
                0x00000100                OPTION_SETTING_S_LENGTH = 0x100
                0x00000000                ID_CODE_START = 0x0
                0x00000000                ID_CODE_LENGTH = 0x0
                0x90000000                SDRAM_START = 0x90000000
                0x00000000                SDRAM_LENGTH = 0x0
                0x60000000                QSPI_FLASH_START = 0x60000000
                0x04000000                QSPI_FLASH_LENGTH = 0x4000000
                0x68000000                OSPI_DEVICE_0_START = 0x68000000
                0x00000000                OSPI_DEVICE_0_LENGTH = 0x0
                0x70000000                OSPI_DEVICE_1_START = 0x70000000
                0x00000000                OSPI_DEVICE_1_LENGTH = 0x0
                0x04000000                QSPI_FLASH_PRV_LENGTH = DEFINED (QSPI_FLASH_SIZE)?ABSOLUTE (QSPI_FLASH_SIZE):ABSOLUTE (QSPI_FLASH_LENGTH)
                0x00000000                OSPI_DEVICE_0_PRV_LENGTH = DEFINED (OSPI_DEVICE_0_SIZE)?ABSOLUTE (OSPI_DEVICE_0_SIZE):ABSOLUTE (OSPI_DEVICE_0_LENGTH)
                0x00000000                OSPI_DEVICE_1_PRV_LENGTH = DEFINED (OSPI_DEVICE_1_SIZE)?ABSOLUTE (OSPI_DEVICE_1_SIZE):ABSOLUTE (OSPI_DEVICE_1_LENGTH)
                0x00000000                __TZ_NS_PROJECT = ((LENGTH (OPTION_SETTING) && DEFINED (OPTION_SETTING_S_START)) && (ABSOLUTE (OPTION_SETTING_START_S) != ORIGIN (OPTION_SETTING)))
                0x00000001                __TZ_S_PROJECT = ((LENGTH (OPTION_SETTING) && DEFINED (OPTION_SETTING_S_START)) && (ABSOLUTE (OPTION_SETTING_START_S) == ORIGIN (OPTION_SETTING)))
                0x00000000                __RESERVE_NS_RAM = (__TZ_S_PROJECT && DEFINED (RAM_NS_BUFFER_LENGTH))
                0x00000000                RAM_NS_BUFFER_BLOCK_LENGTH = DEFINED (RAM_NS_BUFFER_LENGTH)?ALIGN (RAM_NS_BUFFER_LENGTH, 0x2000):0x0
                0x00000000                RAM_NS_BUFFER_LENGTH = DEFINED (RAM_NS_BUFFER_LENGTH)?RAM_NS_BUFFER_LENGTH:0x0
                0x20020000                RAM_NS_BUFFER_START = ((RAM_START + RAM_LENGTH) - RAM_NS_BUFFER_LENGTH)
                0x20020000                RAM_NS_BUFFER_BLOCK_START = ((RAM_START + RAM_LENGTH) - RAM_NS_BUFFER_BLOCK_LENGTH)
                0x0100a180                OPTION_SETTING_START_NS = 0x100a180
                0x0100a100                OPTION_SETTING_START_S = 0x100a100
START GROUP
LOAD c:/program files (x86)/gnu arm embedded toolchain/10 2021.10/bin/../lib/gcc/arm-none-eabi/10.3.1/thumb/v8-m.main+fp/hard\libgcc.a
LOAD c:/program files (x86)/gnu arm embedded toolchain/10 2021.10/bin/../lib/gcc/arm-none-eabi/10.3.1/../../../../arm-none-eabi/lib/thumb/v8-m.main+fp/hard\libc.a
LOAD c:/program files (x86)/gnu arm embedded toolchain/10 2021.10/bin/../lib/gcc/arm-none-eabi/10.3.1/../../../../arm-none-eabi/lib/thumb/v8-m.main+fp/hard\libm.a
LOAD c:/program files (x86)/gnu arm embedded toolchain/10 2021.10/bin/../lib/gcc/arm-none-eabi/10.3.1/../../../../arm-none-eabi/lib/thumb/v8-m.main+fp/hard\libnosys.a
END GROUP

.text           0x00000000     0x61c4
                0x00000000                __tz_FLASH_S = ABSOLUTE (FLASH_START)
                0x00000000                __ROM_Start = .
 *(.fixed_vectors*)
 .fixed_vectors
                0x00000000       0x40 ./ra/fsp/src/bsp/cmsis/Device/RENESAS/Source/startup.o
                0x00000000                __Vectors
 *(.application_vectors*)
 .application_vectors
                0x00000040      0x180 ./ra_gen/vector_data.o
                0x00000040                g_vector_table
                0x000001c0                __Vectors_End = .
                0x00000400                . = (__ROM_Start + 0x400)
 *fill*         0x000001c0      0x240 ff
 *(.rom_registers*)
                0x00000500                . = (__ROM_Start + 0x500)
 *fill*         0x00000400      0x100 ff
                0x00000500                . = ALIGN (0x80)
 *(.wmp_firmware_version*)
 .wmp_firmware_version*
                0x00000500        0x4 ./src/hal_entry.o
                0x00000500                CurrentFirmwareVersion
 *(.wmp_manufacture_date*)
 .wmp_manufacture_date*
                0x00000504        0x4 ./src/hal_entry.o
                0x00000504                firmware_date
 *(.text*)
 .text          0x00000508       0x40 c:/program files (x86)/gnu arm embedded toolchain/10 2021.10/bin/../lib/gcc/arm-none-eabi/10.3.1/thumb/v8-m.main+fp/hard/crtbegin.o
 .text._WriteNoCheck
                0x00000548       0x50 ./src/SEGGER_RTT/SEGGER_RTT.o
 .text._WriteBlocking
                0x00000598       0x60 ./src/SEGGER_RTT/SEGGER_RTT.o
 .text._DoInit  0x000005f8       0x74 ./src/SEGGER_RTT/SEGGER_RTT.o
 .text.SEGGER_RTT_WriteNoLock
                0x0000066c       0x88 ./src/SEGGER_RTT/SEGGER_RTT.o
                0x0000066c                SEGGER_RTT_WriteNoLock
 .text.SEGGER_RTT_Write
                0x000006f4       0x38 ./src/SEGGER_RTT/SEGGER_RTT.o
                0x000006f4                SEGGER_RTT_Write
 .text._StoreChar
                0x0000072c       0x40 ./src/SEGGER_RTT/SEGGER_RTT_printf.o
 .text._PrintUnsigned
                0x0000076c       0xe0 ./src/SEGGER_RTT/SEGGER_RTT_printf.o
 .text.SEGGER_RTT_vprintf
                0x0000084c      0x2c8 ./src/SEGGER_RTT/SEGGER_RTT_printf.o
                0x0000084c                SEGGER_RTT_vprintf
 .text.SEGGER_RTT_printf
                0x00000b14       0x20 ./src/SEGGER_RTT/SEGGER_RTT_printf.o
                0x00000b14                SEGGER_RTT_printf
 .text.DLMSCrcCalc
                0x00000b34       0x3c ./src/DLMScrc.o
                0x00000b34                DLMSCrcCalc
 .text.ExtractWrapper
                0x00000b70       0x50 ./src/Wrapper.o
                0x00000b70                ExtractWrapper
 .text.HandleRXRFGwWrapperFromMeter
                0x00000bc0       0x54 ./src/Wrapper.o
                0x00000bc0                HandleRXRFGwWrapperFromMeter
 .text.SendWrapper2Server
                0x00000c14       0x84 ./src/Wrapper.o
                0x00000c14                SendWrapper2Server
 .text.SendHeartBit2Server
                0x00000c98       0x98 ./src/Wrapper.o
                0x00000c98                SendHeartBit2Server
 .text.SendLogin2Server
                0x00000d30       0x9c ./src/Wrapper.o
                0x00000d30                SendLogin2Server
 .text.CrcBlockCalc
                0x00000dcc       0x48 ./src/crc.o
                0x00000dcc                CrcBlockCalc
 .text.FLashCheck
                0x00000e14       0x30 ./src/flash_hp_ep.o
                0x00000e14                FLashCheck
 .text.flash_hp_data_flash_operations
                0x00000e44      0x220 ./src/flash_hp_ep.o
                0x00000e44                flash_hp_data_flash_operations
 .text.WriteInternalFlashConfig
                0x00001064       0x7c ./src/flash_hp_ep.o
                0x00001064                WriteInternalFlashConfig
 .text.ResetUpgradeState
                0x000010e0       0x3c ./src/flash_hp_ep.o
                0x000010e0                ResetUpgradeState
 .text.bgo_callback
                0x0000111c       0x40 ./src/flash_hp_ep.o
                0x0000111c                bgo_callback
 .text.GsmCompleateStatus
                0x0000115c        0xc ./src/gsm.o
                0x0000115c                GsmCompleateStatus
 .text.ClrGsmCompleate
                0x00001168        0xc ./src/gsm.o
                0x00001168                ClrGsmCompleate
 .text.Gsm_Init
                0x00001174       0x2c ./src/gsm.o
                0x00001174                Gsm_Init
 .text.SendSimReady2Modem
                0x000011a0       0x30 ./src/gsm.o
                0x000011a0                SendSimReady2Modem
 .text.SendQIOPEN2Modem
                0x000011d0       0x7c ./src/gsm.o
                0x000011d0                SendQIOPEN2Modem
 .text.SendConfig2Modem
                0x0000124c       0x80 ./src/gsm.o
                0x0000124c                SendConfig2Modem
 .text.modem_SW_reset
                0x000012cc       0x60 ./src/gsm.o
                0x000012cc                modem_SW_reset
 .text.SetSMSconfig
                0x0000132c       0xa4 ./src/gsm.o
                0x0000132c                SetSMSconfig
 .text.sendsmstest
                0x000013d0      0x15c ./src/gsm.o
                0x000013d0                sendsmstest
 .text.ReadConfigFromSMS
                0x0000152c      0x188 ./src/gsm.o
                0x0000152c                ReadConfigFromSMS
 .text.Gsm_Handler
                0x000016b4      0x7a8 ./src/gsm.o
                0x000016b4                Gsm_Handler
 .text.ModemSequence
                0x00001e5c      0x3d4 ./src/hal_entry.o
                0x00001e5c                ModemSequence
 .text.RTC_Alarm_Set
                0x00002230       0x2c ./src/hal_entry.o
                0x00002230                RTC_Alarm_Set
 .text.R_BSP_WarmStart
                0x0000225c       0x18 ./src/hal_entry.o
                0x0000225c                R_BSP_WarmStart
 .text.yos1_rtc_callback
                0x00002274       0x10 ./src/hal_entry.o
                0x00002274                yos1_rtc_callback
 .text.ToggleLeds
                0x00002284      0x1d0 ./src/hal_entry.o
                0x00002284                ToggleLeds
 .text.SetLed   0x00002454       0xc4 ./src/hal_entry.o
                0x00002454                SetLed
 .text.EnterDefaultConfig
                0x00002518       0xa4 ./src/hal_entry.o
                0x00002518                EnterDefaultConfig
 *fill*         0x000025bc        0x4 ff
 .text.hal_entry
                0x000025c0      0x28c ./src/hal_entry.o
                0x000025c0                hal_entry
 .text.Battery_low_callback
                0x0000284c       0x14 ./src/hal_entry.o
                0x0000284c                Battery_low_callback
 .text.Uarts_Initialize
                0x00002860       0x28 ./src/uart_LTE.o
                0x00002860                Uarts_Initialize
 .text.Debug_uart_callback
                0x00002888       0x40 ./src/uart_LTE.o
                0x00002888                Debug_uart_callback
 .text.LTE_uart_callback
                0x000028c8       0x44 ./src/uart_LTE.o
                0x000028c8                LTE_uart_callback
 .text.Pulser_timer_generic_callback
                0x0000290c      0x100 ./src/uart_LTE.o
                0x0000290c                Pulser_timer_generic_callback
 .text.SendData2Modem
                0x00002a0c       0x34 ./src/uart_LTE.o
                0x00002a0c                SendData2Modem
 .text.startup.main
                0x00002a40        0xc ./ra_gen/main.o
                0x00002a40                main
 .text.R_SCI_UART_Write
                0x00002a4c       0x48 ./ra/fsp/src/r_sci_uart/r_sci_uart.o
                0x00002a4c                R_SCI_UART_Write
 .text.r_sci_uart_call_callback
                0x00002a94       0x44 ./ra/fsp/src/r_sci_uart/r_sci_uart.o
 .text.R_SCI_UART_Open
                0x00002ad8      0x338 ./ra/fsp/src/r_sci_uart/r_sci_uart.o
                0x00002ad8                R_SCI_UART_Open
 .text.sci_uart_txi_isr
                0x00002e10       0x88 ./ra/fsp/src/r_sci_uart/r_sci_uart.o
                0x00002e10                sci_uart_txi_isr
 .text.sci_uart_rxi_isr
                0x00002e98       0x8c ./ra/fsp/src/r_sci_uart/r_sci_uart.o
                0x00002e98                sci_uart_rxi_isr
 .text.sci_uart_tei_isr
                0x00002f24       0x3c ./ra/fsp/src/r_sci_uart/r_sci_uart.o
                0x00002f24                sci_uart_tei_isr
 .text.sci_uart_eri_isr
                0x00002f60       0x70 ./ra/fsp/src/r_sci_uart/r_sci_uart.o
                0x00002f60                sci_uart_eri_isr
 .text.R_RTC_CalendarTimeGet
                0x00002fd0      0x198 ./ra/fsp/src/r_rtc/r_rtc.o
                0x00002fd0                R_RTC_CalendarTimeGet
 .text.r_rtc_error_adjustment_set.isra.0
                0x00003168       0x84 ./ra/fsp/src/r_rtc/r_rtc.o
 .text.R_RTC_CalendarTimeSet
                0x000031ec      0x134 ./ra/fsp/src/r_rtc/r_rtc.o
                0x000031ec                R_RTC_CalendarTimeSet
 .text.R_RTC_Open
                0x00003320      0x128 ./ra/fsp/src/r_rtc/r_rtc.o
                0x00003320                R_RTC_Open
 .text.R_RTC_CalendarAlarmSet
                0x00003448      0x224 ./ra/fsp/src/r_rtc/r_rtc.o
                0x00003448                R_RTC_CalendarAlarmSet
 .text.rtc_alarm_periodic_isr
                0x0000366c       0x68 ./ra/fsp/src/r_rtc/r_rtc.o
                0x0000366c                rtc_alarm_periodic_isr
 .text.rtc_carry_isr
                0x000036d4       0x2c ./ra/fsp/src/r_rtc/r_rtc.o
                0x000036d4                rtc_carry_isr
 .text.R_LVD_StatusGet
                0x00003700       0x28 ./ra/fsp/src/r_lvd/r_lvd.o
                0x00003700                R_LVD_StatusGet
 .text.R_LVD_Open
                0x00003728      0x1e0 ./ra/fsp/src/r_lvd/r_lvd.o
                0x00003728                R_LVD_Open
 .text.lvd_common_isr_handler
                0x00003908       0x5c ./ra/fsp/src/r_lvd/r_lvd.o
 .text.lvd_nmi_handler
                0x00003964       0x10 ./ra/fsp/src/r_lvd/r_lvd.o
 .text.lvd_lvd_isr
                0x00003974       0x34 ./ra/fsp/src/r_lvd/r_lvd.o
                0x00003974                lvd_lvd_isr
 .text.bsp_vbatt_init
                0x000039a8       0xac ./ra/fsp/src/r_ioport/r_ioport.o
 .text.r_ioport_pins_config
                0x00003a54       0xc0 ./ra/fsp/src/r_ioport/r_ioport.o
 .text.R_IOPORT_Open
                0x00003b14       0x14 ./ra/fsp/src/r_ioport/r_ioport.o
                0x00003b14                R_IOPORT_Open
 .text.flash_hp_init
                0x00003b28      0x114 ./ra/fsp/src/r_flash_hp/r_flash_hp.o
 .text.r_flash_hp_call_callback
                0x00003c3c       0x38 ./ra/fsp/src/r_flash_hp/r_flash_hp.o
 .text.flash_hp_enter_pe_df_mode
                0x00003c74       0xbc ./ra/fsp/src/r_flash_hp/r_flash_hp.o
 .text.R_FLASH_HP_Open
                0x00003d30       0xdc ./ra/fsp/src/r_flash_hp/r_flash_hp.o
                0x00003d30                R_FLASH_HP_Open
 .text.R_FLASH_HP_BlankCheck
                0x00003e0c       0xe0 ./ra/fsp/src/r_flash_hp/r_flash_hp.o
                0x00003e0c                R_FLASH_HP_BlankCheck
 .text.R_FLASH_HP_Write
                0x00003eec      0x10c ./ra/fsp/src/r_flash_hp/r_flash_hp.o
                0x00003eec                R_FLASH_HP_Write
 .text.R_FLASH_HP_Erase
                0x00003ff8       0xdc ./ra/fsp/src/r_flash_hp/r_flash_hp.o
                0x00003ff8                R_FLASH_HP_Erase
 .text.fcu_fiferr_isr
                0x000040d4       0x70 ./ra/fsp/src/r_flash_hp/r_flash_hp.o
                0x000040d4                fcu_fiferr_isr
 .text.fcu_frdyi_isr
                0x00004144       0xe8 ./ra/fsp/src/r_flash_hp/r_flash_hp.o
                0x00004144                fcu_frdyi_isr
 .text.R_AGT_Start
                0x0000422c       0x1c ./ra/fsp/src/r_agt/r_agt.o
                0x0000422c                R_AGT_Start
 .text.R_AGT_Enable
                0x00004248       0x14 ./ra/fsp/src/r_agt/r_agt.o
                0x00004248                R_AGT_Enable
 .text.R_AGT_Disable
                0x0000425c        0xc ./ra/fsp/src/r_agt/r_agt.o
                0x0000425c                R_AGT_Disable
 .text.R_AGT_Open
                0x00004268      0x138 ./ra/fsp/src/r_agt/r_agt.o
                0x00004268                R_AGT_Open
 .text.agt_int_isr
                0x000043a0       0x9c ./ra/fsp/src/r_agt/r_agt.o
                0x000043a0                agt_int_isr
 .text.SystemCoreClockUpdate
                0x0000443c       0x28 ./ra/fsp/src/bsp/mcu/all/bsp_clocks.o
                0x0000443c                SystemCoreClockUpdate
 .text.bsp_clock_init
                0x00004464      0x10c ./ra/fsp/src/bsp/mcu/all/bsp_clocks.o
                0x00004464                bsp_clock_init
 .text.bsp_init_internal
                0x00004570        0x4 ./ra/fsp/src/bsp/mcu/all/bsp_common.o
                0x00004570                bsp_init_internal
                0x00004570                bsp_init
 .text.bsp_prv_software_delay_loop
                0x00004574        0xc ./ra/fsp/src/bsp/mcu/all/bsp_delay.o
                0x00004574                bsp_prv_software_delay_loop
 .text.R_BSP_SoftwareDelay
                0x00004580       0x68 ./ra/fsp/src/bsp/mcu/all/bsp_delay.o
                0x00004580                R_BSP_SoftwareDelay
 .text.R_BSP_GroupIrqWrite
                0x000045e8       0x10 ./ra/fsp/src/bsp/mcu/all/bsp_group_irq.o
                0x000045e8                R_BSP_GroupIrqWrite
 .text.NMI_Handler
                0x000045f8       0x38 ./ra/fsp/src/bsp/mcu/all/bsp_group_irq.o
                0x000045f8                NMI_Handler
 .text.bsp_irq_cfg
                0x00004630       0xa0 ./ra/fsp/src/bsp/mcu/all/bsp_irq.o
                0x00004630                bsp_irq_cfg
 .text.R_BSP_RegisterProtectEnable
                0x000046d0       0x60 ./ra/fsp/src/bsp/mcu/all/bsp_register_protection.o
                0x000046d0                R_BSP_RegisterProtectEnable
 .text.R_BSP_RegisterProtectDisable
                0x00004730       0x54 ./ra/fsp/src/bsp/mcu/all/bsp_register_protection.o
                0x00004730                R_BSP_RegisterProtectDisable
 .text._sbrk    0x00004784       0x44 ./ra/fsp/src/bsp/mcu/all/bsp_sbrk.o
                0x00004784                _sbrk
 .text.Default_Handler
                0x000047c8       0x24 ./ra/fsp/src/bsp/cmsis/Device/RENESAS/Source/startup.o
                0x000047c8                DebugMon_Handler
                0x000047c8                HardFault_Handler
                0x000047c8                SysTick_Handler
                0x000047c8                PendSV_Handler
                0x000047c8                UsageFault_Handler
                0x000047c8                SecureFault_Handler
                0x000047c8                Default_Handler
                0x000047c8                MemManage_Handler
                0x000047c8                SVC_Handler
                0x000047c8                BusFault_Handler
 .text.Reset_Handler
                0x000047ec        0xc ./ra/fsp/src/bsp/cmsis/Device/RENESAS/Source/startup.o
                0x000047ec                Reset_Handler
 .text.SystemInit
                0x000047f8       0xc0 ./ra/fsp/src/bsp/cmsis/Device/RENESAS/Source/system.o
                0x000047f8                SystemInit
 .text          0x000048b8       0xa0 c:/program files (x86)/gnu arm embedded toolchain/10 2021.10/bin/../lib/gcc/arm-none-eabi/10.3.1/thumb/v8-m.main+fp/hard\libgcc.a(_aeabi_ldivmod.o)
                0x000048b8                __aeabi_ldivmod
 .text          0x00004958      0x2ec c:/program files (x86)/gnu arm embedded toolchain/10 2021.10/bin/../lib/gcc/arm-none-eabi/10.3.1/thumb/v8-m.main+fp/hard\libgcc.a(_udivmoddi4.o)
                0x00004958                __udivmoddi4
 .text          0x00004c44        0x4 c:/program files (x86)/gnu arm embedded toolchain/10 2021.10/bin/../lib/gcc/arm-none-eabi/10.3.1/thumb/v8-m.main+fp/hard\libgcc.a(_dvmd_tls.o)
                0x00004c44                __aeabi_idiv0
                0x00004c44                __aeabi_ldiv0
 .text.__errno  0x00004c48        0xc c:/program files (x86)/gnu arm embedded toolchain/10 2021.10/bin/../lib/gcc/arm-none-eabi/10.3.1/../../../../arm-none-eabi/lib/thumb/v8-m.main+fp/hard\libg_nano.a(lib_a-errno.o)
                0x00004c48                __errno
 .text.memcmp   0x00004c54       0x20 c:/program files (x86)/gnu arm embedded toolchain/10 2021.10/bin/../lib/gcc/arm-none-eabi/10.3.1/../../../../arm-none-eabi/lib/thumb/v8-m.main+fp/hard\libg_nano.a(lib_a-memcmp.o)
                0x00004c54                memcmp
 .text.memcpy   0x00004c74       0x1a c:/program files (x86)/gnu arm embedded toolchain/10 2021.10/bin/../lib/gcc/arm-none-eabi/10.3.1/../../../../arm-none-eabi/lib/thumb/v8-m.main+fp/hard\libg_nano.a(lib_a-memcpy-stub.o)
                0x00004c74                memcpy
 .text.memset   0x00004c8e       0x10 c:/program files (x86)/gnu arm embedded toolchain/10 2021.10/bin/../lib/gcc/arm-none-eabi/10.3.1/../../../../arm-none-eabi/lib/thumb/v8-m.main+fp/hard\libg_nano.a(lib_a-memset.o)
                0x00004c8e                memset
 *fill*         0x00004c9e        0x2 ff
 .text.sprintf  0x00004ca0       0x40 c:/program files (x86)/gnu arm embedded toolchain/10 2021.10/bin/../lib/gcc/arm-none-eabi/10.3.1/../../../../arm-none-eabi/lib/thumb/v8-m.main+fp/hard\libg_nano.a(lib_a-sprintf.o)
                0x00004ca0                siprintf
                0x00004ca0                sprintf
 .text.strcat   0x00004ce0       0x1e c:/program files (x86)/gnu arm embedded toolchain/10 2021.10/bin/../lib/gcc/arm-none-eabi/10.3.1/../../../../arm-none-eabi/lib/thumb/v8-m.main+fp/hard\libg_nano.a(lib_a-strcat.o)
                0x00004ce0                strcat
 .text.strcpy   0x00004cfe       0x10 c:/program files (x86)/gnu arm embedded toolchain/10 2021.10/bin/../lib/gcc/arm-none-eabi/10.3.1/../../../../arm-none-eabi/lib/thumb/v8-m.main+fp/hard\libg_nano.a(lib_a-strcpy.o)
                0x00004cfe                strcpy
 .text          0x00004d0e       0x10 c:/program files (x86)/gnu arm embedded toolchain/10 2021.10/bin/../lib/gcc/arm-none-eabi/10.3.1/../../../../arm-none-eabi/lib/thumb/v8-m.main+fp/hard\libg_nano.a(lib_a-strlen.o)
                0x00004d0e                strlen
 .text.strstr   0x00004d1e       0x2c c:/program files (x86)/gnu arm embedded toolchain/10 2021.10/bin/../lib/gcc/arm-none-eabi/10.3.1/../../../../arm-none-eabi/lib/thumb/v8-m.main+fp/hard\libg_nano.a(lib_a-strstr.o)
                0x00004d1e                strstr
 .text.__ssputs_r
                0x00004d4a       0xb6 c:/program files (x86)/gnu arm embedded toolchain/10 2021.10/bin/../lib/gcc/arm-none-eabi/10.3.1/../../../../arm-none-eabi/lib/thumb/v8-m.main+fp/hard\libg_nano.a(lib_a-nano-svfprintf.o)
                0x00004d4a                __ssputs_r
 .text._svfprintf_r
                0x00004e00      0x200 c:/program files (x86)/gnu arm embedded toolchain/10 2021.10/bin/../lib/gcc/arm-none-eabi/10.3.1/../../../../arm-none-eabi/lib/thumb/v8-m.main+fp/hard\libg_nano.a(lib_a-nano-svfprintf.o)
                0x00004e00                _svfiprintf_r
                0x00004e00                _svfprintf_r
 .text._printf_common
                0x00005000       0xe0 c:/program files (x86)/gnu arm embedded toolchain/10 2021.10/bin/../lib/gcc/arm-none-eabi/10.3.1/../../../../arm-none-eabi/lib/thumb/v8-m.main+fp/hard\libg_nano.a(lib_a-nano-vfprintf_i.o)
                0x00005000                _printf_common
 .text._printf_i
                0x000050e0      0x24c c:/program files (x86)/gnu arm embedded toolchain/10 2021.10/bin/../lib/gcc/arm-none-eabi/10.3.1/../../../../arm-none-eabi/lib/thumb/v8-m.main+fp/hard\libg_nano.a(lib_a-nano-vfprintf_i.o)
                0x000050e0                _printf_i
 .text.memchr   0x0000532c       0x1c c:/program files (x86)/gnu arm embedded toolchain/10 2021.10/bin/../lib/gcc/arm-none-eabi/10.3.1/../../../../arm-none-eabi/lib/thumb/v8-m.main+fp/hard\libg_nano.a(lib_a-memchr-stub.o)
                0x0000532c                memchr
 .text.memmove  0x00005348       0x34 c:/program files (x86)/gnu arm embedded toolchain/10 2021.10/bin/../lib/gcc/arm-none-eabi/10.3.1/../../../../arm-none-eabi/lib/thumb/v8-m.main+fp/hard\libg_nano.a(lib_a-memmove.o)
                0x00005348                memmove
 .text._free_r  0x0000537c       0x98 c:/program files (x86)/gnu arm embedded toolchain/10 2021.10/bin/../lib/gcc/arm-none-eabi/10.3.1/../../../../arm-none-eabi/lib/thumb/v8-m.main+fp/hard\libg_nano.a(lib_a-nano-freer.o)
                0x0000537c                _free_r
 .text.sbrk_aligned
                0x00005414       0x40 c:/program files (x86)/gnu arm embedded toolchain/10 2021.10/bin/../lib/gcc/arm-none-eabi/10.3.1/../../../../arm-none-eabi/lib/thumb/v8-m.main+fp/hard\libg_nano.a(lib_a-nano-mallocr.o)
 .text._malloc_r
                0x00005454       0xe8 c:/program files (x86)/gnu arm embedded toolchain/10 2021.10/bin/../lib/gcc/arm-none-eabi/10.3.1/../../../../arm-none-eabi/lib/thumb/v8-m.main+fp/hard\libg_nano.a(lib_a-nano-mallocr.o)
                0x00005454                _malloc_r
 .text._realloc_r
                0x0000553c       0x5e c:/program files (x86)/gnu arm embedded toolchain/10 2021.10/bin/../lib/gcc/arm-none-eabi/10.3.1/../../../../arm-none-eabi/lib/thumb/v8-m.main+fp/hard\libg_nano.a(lib_a-nano-reallocr.o)
                0x0000553c                _realloc_r
 *fill*         0x0000559a        0x2 ff
 .text._sbrk_r  0x0000559c       0x20 c:/program files (x86)/gnu arm embedded toolchain/10 2021.10/bin/../lib/gcc/arm-none-eabi/10.3.1/../../../../arm-none-eabi/lib/thumb/v8-m.main+fp/hard\libg_nano.a(lib_a-sbrkr.o)
                0x0000559c                _sbrk_r
 .text.__malloc_lock
                0x000055bc        0xc c:/program files (x86)/gnu arm embedded toolchain/10 2021.10/bin/../lib/gcc/arm-none-eabi/10.3.1/../../../../arm-none-eabi/lib/thumb/v8-m.main+fp/hard\libg_nano.a(lib_a-mlock.o)
                0x000055bc                __malloc_lock
 .text.__malloc_unlock
                0x000055c8        0xc c:/program files (x86)/gnu arm embedded toolchain/10 2021.10/bin/../lib/gcc/arm-none-eabi/10.3.1/../../../../arm-none-eabi/lib/thumb/v8-m.main+fp/hard\libg_nano.a(lib_a-mlock.o)
                0x000055c8                __malloc_unlock
 .text._malloc_usable_size_r
                0x000055d4       0x10 c:/program files (x86)/gnu arm embedded toolchain/10 2021.10/bin/../lib/gcc/arm-none-eabi/10.3.1/../../../../arm-none-eabi/lib/thumb/v8-m.main+fp/hard\libg_nano.a(lib_a-nano-msizer.o)
                0x000055d4                _malloc_usable_size_r
 .text.__retarget_lock_acquire_recursive
                0x000055e4        0x2 c:/program files (x86)/gnu arm embedded toolchain/10 2021.10/bin/../lib/gcc/arm-none-eabi/10.3.1/../../../../arm-none-eabi/lib/thumb/v8-m.main+fp/hard\libg_nano.a(lib_a-lock.o)
                0x000055e4                __retarget_lock_acquire_recursive
 .text.__retarget_lock_release_recursive
                0x000055e6        0x2 c:/program files (x86)/gnu arm embedded toolchain/10 2021.10/bin/../lib/gcc/arm-none-eabi/10.3.1/../../../../arm-none-eabi/lib/thumb/v8-m.main+fp/hard\libg_nano.a(lib_a-lock.o)
                0x000055e6                __retarget_lock_release_recursive
 *(.version)
 .version       0x000055e8       0x50 ./ra/fsp/src/bsp/mcu/all/bsp_common.o
 *(.init)
 .init          0x00005638        0x4 c:/program files (x86)/gnu arm embedded toolchain/10 2021.10/bin/../lib/gcc/arm-none-eabi/10.3.1/thumb/v8-m.main+fp/hard/crti.o
                0x00005638                _init
 .init          0x0000563c        0x8 c:/program files (x86)/gnu arm embedded toolchain/10 2021.10/bin/../lib/gcc/arm-none-eabi/10.3.1/thumb/v8-m.main+fp/hard/crtn.o
 *(.fini)
 .fini          0x00005644        0x4 c:/program files (x86)/gnu arm embedded toolchain/10 2021.10/bin/../lib/gcc/arm-none-eabi/10.3.1/thumb/v8-m.main+fp/hard/crti.o
                0x00005644                _fini
 .fini          0x00005648        0x8 c:/program files (x86)/gnu arm embedded toolchain/10 2021.10/bin/../lib/gcc/arm-none-eabi/10.3.1/thumb/v8-m.main+fp/hard/crtn.o
 .fini.__stub   0x00005650       0x50 linker stubs
 *crtbegin.o(.ctors)
 *crtbegin?.o(.ctors)
 *(EXCLUDE_FILE(*crtend.o *crtend?.o) .ctors)
 *(SORT_BY_NAME(.ctors.*))
 *(.ctors)
 *crtbegin.o(.dtors)
 *crtbegin?.o(.dtors)
 *(EXCLUDE_FILE(*crtend.o *crtend?.o) .dtors)
 *(SORT_BY_NAME(.dtors.*))
 *(.dtors)
 *(.rodata*)
 .rodata._DoInit.str1.4
                0x000056a0        0x9 ./src/SEGGER_RTT/SEGGER_RTT.o
 *fill*         0x000056a9        0x3 ff
 .rodata._aInitStr.0
                0x000056ac       0x11 ./src/SEGGER_RTT/SEGGER_RTT.o
 *fill*         0x000056bd        0x3 ff
 .rodata._aV2C.0
                0x000056c0       0x10 ./src/SEGGER_RTT/SEGGER_RTT_printf.o
 .rodata.HandleRXRFGwWrapperFromMeter.str1.4
                0x000056d0        0xf ./src/Wrapper.o
 *fill*         0x000056df        0x1 ff
 .rodata.SendWrapper2Server.str1.4
                0x000056e0       0x10 ./src/Wrapper.o
 .rodata.flash_hp_code_flash_operations.str1.4
                0x000056f0      0x1dd ./src/flash_hp_ep.o
                                0x1e1 (size before relaxing)
 *fill*         0x000058cd        0x3 ff
 .rodata.flash_hp_data_flash_operations.str1.4
                0x000058d0       0xd6 ./src/flash_hp_ep.o
 *fill*         0x000059a6        0x2 ff
 .rodata.ResetUpgradeState.str1.4
                0x000059a8       0x1c ./src/flash_hp_ep.o
 .rodata.__FUNCTION__.1
                0x000059c4       0x16 ./src/flash_hp_ep.o
 *fill*         0x000059da        0x2 ff
 .rodata.__FUNCTION__.2
                0x000059dc       0x1f ./src/flash_hp_ep.o
 *fill*         0x000059fb        0x1 ff
 .rodata.sendsmstest.str1.4
                0x000059fc       0x22 ./src/gsm.o
 *fill*         0x00005a1e        0x2 ff
 .rodata.ReadConfigFromSMS.str1.4
                0x00005a20       0x25 ./src/gsm.o
 *fill*         0x00005a45        0x3 ff
 .rodata.Gsm_Handler.str1.4
                0x00005a48      0x240 ./src/gsm.o
 .rodata.ATD    0x00005c88        0xa ./src/gsm.o
                0x00005c88                ATD
 *fill*         0x00005c92        0x2 ff
 .rodata.ATE0   0x00005c94        0x9 ./src/gsm.o
                0x00005c94                ATE0
 *fill*         0x00005c9d        0x3 ff
 .rodata.CGDCONT_FOOTER
                0x00005ca0        0xf ./src/gsm.o
                0x00005ca0                CGDCONT_FOOTER
 *fill*         0x00005caf        0x1 ff
 .rodata.CGDCONT_HEADER
                0x00005cb0       0x11 ./src/gsm.o
                0x00005cb0                CGDCONT_HEADER
 *fill*         0x00005cc1        0x3 ff
 .rodata.CGREG  0x00005cc4        0xe ./src/gsm.o
                0x00005cc4                CGREG
 *fill*         0x00005cd2        0x2 ff
 .rodata.CGREG_RESP
                0x00005cd4       0x10 ./src/gsm.o
                0x00005cd4                CGREG_RESP
 .rodata.CMGD   0x00005ce4       0x10 ./src/gsm.o
                0x00005ce4                CMGD
 .rodata.CMGL   0x00005cf4       0x17 ./src/gsm.o
                0x00005cf4                CMGL
 *fill*         0x00005d0b        0x1 ff
 .rodata.COMMAND_MODE
                0x00005d0c        0x3 ./src/gsm.o
                0x00005d0c                COMMAND_MODE
 .rodata.CONTROL_Z
                0x00005d0f        0x1 ./src/gsm.o
                0x00005d0f                CONTROL_Z
 .rodata.ERRORRESP
                0x00005d10        0xa ./src/gsm.o
                0x00005d10                ERRORRESP
 *fill*         0x00005d1a        0x2 ff
 .rodata.MODEM_RESET
                0x00005d1c       0x10 ./src/gsm.o
                0x00005d1c                MODEM_RESET
 .rodata.NOCARRIERRESP
                0x00005d2c        0xf ./src/gsm.o
                0x00005d2c                NOCARRIERRESP
 *fill*         0x00005d3b        0x1 ff
 .rodata.OK     0x00005d3c        0x7 ./src/gsm.o
                0x00005d3c                OK
 *fill*         0x00005d43        0x1 ff
 .rodata.QIACT_CHECK_RESP
                0x00005d44       0x10 ./src/gsm.o
                0x00005d44                QIACT_CHECK_RESP
 .rodata.QIACT_REQ
                0x00005d54        0xe ./src/gsm.o
                0x00005d54                QIACT_REQ
 *fill*         0x00005d62        0x2 ff
 .rodata.QIACT_SET
                0x00005d64        0xf ./src/gsm.o
                0x00005d64                QIACT_SET
 *fill*         0x00005d73        0x1 ff
 .rodata.QICLOSE
                0x00005d74       0x11 ./src/gsm.o
                0x00005d74                QICLOSE
 *fill*         0x00005d85        0x3 ff
 .rodata.QIOPEN_FOOTER
                0x00005d88        0x7 ./src/gsm.o
                0x00005d88                QIOPEN_FOOTER
 *fill*         0x00005d8f        0x1 ff
 .rodata.QIOPEN_HEADER
                0x00005d90       0x13 ./src/gsm.o
                0x00005d90                QIOPEN_HEADER
 *fill*         0x00005da3        0x1 ff
 .rodata.QIOPEN_RESP
                0x00005da4        0xc ./src/gsm.o
                0x00005da4                QIOPEN_RESP
 .rodata.SIM_READY
                0x00005db0        0xd ./src/gsm.o
                0x00005db0                SIM_READY
 *fill*         0x00005dbd        0x3 ff
 .rodata.SIM_RESP
                0x00005dc0        0x6 ./src/gsm.o
                0x00005dc0                SIM_RESP
 *fill*         0x00005dc6        0x2 ff
 .rodata.SMS_CHARSET
                0x00005dc8       0x10 ./src/gsm.o
                0x00005dc8                SMS_CHARSET
 .rodata.SMS_DELIVERY_FORMAT
                0x00005dd8       0x17 ./src/gsm.o
                0x00005dd8                SMS_DELIVERY_FORMAT
 *fill*         0x00005def        0x1 ff
 .rodata.SMS_FORMAT
                0x00005df0        0xe ./src/gsm.o
                0x00005df0                SMS_FORMAT
 *fill*         0x00005dfe        0x2 ff
 .rodata.SMS_IN_HEADER
                0x00005e00        0x7 ./src/gsm.o
                0x00005e00                SMS_IN_HEADER
 *fill*         0x00005e07        0x1 ff
 .rodata.SMS_TEST_SEND_FOOTER
                0x00005e08        0x2 ./src/gsm.o
                0x00005e08                SMS_TEST_SEND_FOOTER
 *fill*         0x00005e0a        0x2 ff
 .rodata.SMS_TEST_SEND_HEADER
                0x00005e0c        0xb ./src/gsm.o
                0x00005e0c                SMS_TEST_SEND_HEADER
 *fill*         0x00005e17        0x1 ff
 .rodata.yossiphon
                0x00005e18        0xe ./src/gsm.o
                0x00005e18                yossiphon
 *fill*         0x00005e26        0x2 ff
 .rodata.EnterDefaultConfig.str1.4
                0x00005e28       0x21 ./src/hal_entry.o
 *fill*         0x00005e49        0x3 ff
 .rodata.hal_entry.str1.4
                0x00005e4c       0x34 ./src/hal_entry.o
 .rodata.Battery_g_lvd_cfg
                0x00005e80       0x18 ./ra_gen/hal_data.o
                0x00005e80                Battery_g_lvd_cfg
 .rodata.Debug_Uart1_cfg
                0x00005e98       0x20 ./ra_gen/hal_data.o
                0x00005e98                Debug_Uart1_cfg
 .rodata.Debug_Uart1_cfg_extend
                0x00005eb8       0x10 ./ra_gen/hal_data.o
                0x00005eb8                Debug_Uart1_cfg_extend
 .rodata.LTE_Uart_cfg
                0x00005ec8       0x20 ./ra_gen/hal_data.o
                0x00005ec8                LTE_Uart_cfg
 .rodata.LTE_Uart_cfg_extend
                0x00005ee8       0x10 ./ra_gen/hal_data.o
                0x00005ee8                LTE_Uart_cfg_extend
 .rodata.Pulser_Timer0_Generic_cfg
                0x00005ef8       0x20 ./ra_gen/hal_data.o
                0x00005ef8                Pulser_Timer0_Generic_cfg
 .rodata.Pulser_Timer0_Generic_extend
                0x00005f18        0x7 ./ra_gen/hal_data.o
                0x00005f18                Pulser_Timer0_Generic_extend
 *fill*         0x00005f1f        0x1 ff
 .rodata.Yos1_RTC_cfg
                0x00005f20       0x20 ./ra_gen/hal_data.o
                0x00005f20                Yos1_RTC_cfg
 .rodata.Yos1_RTC_err_cfg
                0x00005f40        0x8 ./ra_gen/hal_data.o
                0x00005f40                Yos1_RTC_err_cfg
 .rodata.g_flash_cfg
                0x00005f48       0x14 ./ra_gen/hal_data.o
                0x00005f48                g_flash_cfg
 .rodata.g_bsp_pin_cfg
                0x00005f5c        0x8 ./ra_gen/pin_data.o
                0x00005f5c                g_bsp_pin_cfg
 .rodata.g_bsp_pin_cfg_data
                0x00005f64       0xd8 ./ra_gen/pin_data.o
                0x00005f64                g_bsp_pin_cfg_data
 .rodata.g_interrupt_event_link_select
                0x0000603c       0xc0 ./ra_gen/vector_data.o
                0x0000603c                g_interrupt_event_link_select
 .rodata.g_lvdncmpcr_lut
                0x000060fc        0x8 ./ra/fsp/src/r_lvd/r_lvd.o
 .rodata.g_lvdncr0_lut
                0x00006104        0x8 ./ra/fsp/src/r_lvd/r_lvd.o
 .rodata.g_lvdncr1_lut
                0x0000610c        0x8 ./ra/fsp/src/r_lvd/r_lvd.o
 .rodata.g_lvdnlvl_mask_lut
                0x00006114        0x8 ./ra/fsp/src/r_lvd/r_lvd.o
 .rodata.g_lvdnsr_lut
                0x0000611c        0x8 ./ra/fsp/src/r_lvd/r_lvd.o
 .rodata.g_prcr_masks
                0x00006124        0x8 ./ra/fsp/src/bsp/mcu/all/bsp_register_protection.o
 .rodata._svfprintf_r.str1.1
                0x0000612c       0x11 c:/program files (x86)/gnu arm embedded toolchain/10 2021.10/bin/../lib/gcc/arm-none-eabi/10.3.1/../../../../arm-none-eabi/lib/thumb/v8-m.main+fp/hard\libg_nano.a(lib_a-nano-svfprintf.o)
 .rodata._printf_i.str1.1
                0x0000613d       0x22 c:/program files (x86)/gnu arm embedded toolchain/10 2021.10/bin/../lib/gcc/arm-none-eabi/10.3.1/../../../../arm-none-eabi/lib/thumb/v8-m.main+fp/hard\libg_nano.a(lib_a-nano-vfprintf_i.o)
 *fill*         0x0000615f        0x1 ff
 .rodata.__sf_fake_stderr
                0x00006160       0x20 c:/program files (x86)/gnu arm embedded toolchain/10 2021.10/bin/../lib/gcc/arm-none-eabi/10.3.1/../../../../arm-none-eabi/lib/thumb/v8-m.main+fp/hard\libc_nano.a(lib_a-findfp.o)
                0x00006160                __sf_fake_stderr
 .rodata.__sf_fake_stdin
                0x00006180       0x20 c:/program files (x86)/gnu arm embedded toolchain/10 2021.10/bin/../lib/gcc/arm-none-eabi/10.3.1/../../../../arm-none-eabi/lib/thumb/v8-m.main+fp/hard\libc_nano.a(lib_a-findfp.o)
                0x00006180                __sf_fake_stdin
 .rodata.__sf_fake_stdout
                0x000061a0       0x20 c:/program files (x86)/gnu arm embedded toolchain/10 2021.10/bin/../lib/gcc/arm-none-eabi/10.3.1/../../../../arm-none-eabi/lib/thumb/v8-m.main+fp/hard\libc_nano.a(lib_a-findfp.o)
                0x000061a0                __sf_fake_stdout
                0x000061c0                __usb_dev_descriptor_start_fs = .
 *(.usb_device_desc_fs*)
                0x000061c0                __usb_cfg_descriptor_start_fs = .
 *(.usb_config_desc_fs*)
                0x000061c0                __usb_interface_descriptor_start_fs = .
 *(.usb_interface_desc_fs*)
                0x000061c0                __usb_descriptor_end_fs = .
                0x000061c0                __usb_dev_descriptor_start_hs = .
 *(.usb_device_desc_hs*)
                0x000061c0                __usb_cfg_descriptor_start_hs = .
 *(.usb_config_desc_hs*)
                0x000061c0                __usb_interface_descriptor_start_hs = .
 *(.usb_interface_desc_hs*)
                0x000061c0                __usb_descriptor_end_hs = .
 *(.eh_frame*)
 .eh_frame      0x000061c0        0x0 c:/program files (x86)/gnu arm embedded toolchain/10 2021.10/bin/../lib/gcc/arm-none-eabi/10.3.1/thumb/v8-m.main+fp/hard/crtbegin.o
 .eh_frame      0x000061c0        0x4 c:/program files (x86)/gnu arm embedded toolchain/10 2021.10/bin/../lib/gcc/arm-none-eabi/10.3.1/thumb/v8-m.main+fp/hard/crtend.o
                0x000061c4                __ROM_End = .
                0x000001c0                __Vectors_Size = (__Vectors_End - __Vectors)

.glue_7         0x000061c4        0x0
 .glue_7        0x000061c4        0x0 linker stubs

.glue_7t        0x000061c4        0x0
 .glue_7t       0x000061c4        0x0 linker stubs

.vfp11_veneer   0x000061c4        0x0
 .vfp11_veneer  0x000061c4        0x0 linker stubs

.v4_bx          0x000061c4        0x0
 .v4_bx         0x000061c4        0x0 linker stubs

.iplt           0x000061c4        0x0
 .iplt          0x000061c4        0x0 c:/program files (x86)/gnu arm embedded toolchain/10 2021.10/bin/../lib/gcc/arm-none-eabi/10.3.1/thumb/v8-m.main+fp/hard/crtbegin.o

.ARM.extab
 *(.ARM.extab* .gnu.linkonce.armextab.*)
                0x000061c4                __exidx_start = .

.ARM.exidx      0x000061c4        0x8
 *(.ARM.exidx* .gnu.linkonce.armexidx.*)
 .ARM.exidx     0x000061c4        0x8 c:/program files (x86)/gnu arm embedded toolchain/10 2021.10/bin/../lib/gcc/arm-none-eabi/10.3.1/thumb/v8-m.main+fp/hard\libgcc.a(_udivmoddi4.o)
                0x000061cc                __exidx_end = .
                0x000061cc                __etext = .
                0x20000000                __tz_RAM_S = ORIGIN (RAM)

.fsp_dtc_vector_table
                0x20000000        0x0
                0x20000000                . = ORIGIN (RAM)
 *(.fsp_dtc_vector_table)

.data           0x20000000      0xa68 load address 0x000061cc
                0x20000000                __data_start__ = .
                0x20000000                . = ALIGN (0x4)
                0x20000000                __Code_In_RAM_Start = .
 *(.code_in_ram*)
 .code_in_ram   0x20000000      0x7a4 ./ra/fsp/src/r_flash_hp/r_flash_hp.o
 *fill*         0x200007a4        0x4 
 .code_in_ram.__stub
                0x200007a8       0x10 linker stubs
                0x200007b8                __Code_In_RAM_End = .
 *(vtable)
 *(.data.*)
 .data.FCS16Table
                0x200007b8      0x200 ./src/DLMScrc.o
                0x200007b8                FCS16Table
 .data.ConnectRetries
                0x200009b8        0x1 ./src/gsm.o
                0x200009b8                ConnectRetries
 *fill*         0x200009b9        0x1 
 .data.SendRetry
                0x200009ba        0x2 ./src/gsm.o
                0x200009ba                SendRetry
 .data.g_set_time.0
                0x200009bc       0x24 ./src/hal_entry.o
 .data.powerup_start
                0x200009e0        0x1 ./src/hal_entry.o
                0x200009e0                powerup_start
 *fill*         0x200009e1        0x3 
 .data.Debug_Uart1_baud_setting
                0x200009e4        0x4 ./ra_gen/hal_data.o
                0x200009e4                Debug_Uart1_baud_setting
 .data.LTE_Uart_baud_setting
                0x200009e8        0x4 ./ra_gen/hal_data.o
                0x200009e8                LTE_Uart_baud_setting
 .data.g_configuration_area_data
                0x200009ec       0x10 ./ra/fsp/src/r_flash_hp/r_flash_hp.o
 .data._impure_ptr
                0x200009fc        0x4 c:/program files (x86)/gnu arm embedded toolchain/10 2021.10/bin/../lib/gcc/arm-none-eabi/10.3.1/../../../../arm-none-eabi/lib/thumb/v8-m.main+fp/hard\libg_nano.a(lib_a-impure.o)
                0x200009fc                _impure_ptr
 .data.impure_data
                0x20000a00       0x60 c:/program files (x86)/gnu arm embedded toolchain/10 2021.10/bin/../lib/gcc/arm-none-eabi/10.3.1/../../../../arm-none-eabi/lib/thumb/v8-m.main+fp/hard\libg_nano.a(lib_a-impure.o)
 *(.data)
                0x20000a60                . = ALIGN (0x4)
                0x20000a60                PROVIDE (__preinit_array_start = .)
 *(.preinit_array)
                0x20000a60                PROVIDE (__preinit_array_end = .)
                0x20000a60                . = ALIGN (0x4)
                0x20000a60                PROVIDE (__init_array_start = .)
 *(SORT_BY_NAME(.init_array.*))
 *(.init_array)
 .init_array    0x20000a60        0x4 c:/program files (x86)/gnu arm embedded toolchain/10 2021.10/bin/../lib/gcc/arm-none-eabi/10.3.1/thumb/v8-m.main+fp/hard/crtbegin.o
                0x20000a64                PROVIDE (__init_array_end = .)
                0x20000a64                . = ALIGN (0x4)
                [!provide]                PROVIDE (__fini_array_start = .)
 *(SORT_BY_NAME(.fini_array.*))
 *(.fini_array)
 .fini_array    0x20000a64        0x4 c:/program files (x86)/gnu arm embedded toolchain/10 2021.10/bin/../lib/gcc/arm-none-eabi/10.3.1/thumb/v8-m.main+fp/hard/crtbegin.o
                [!provide]                PROVIDE (__fini_array_end = .)
 *(.jcr*)
                0x20000a68                . = ALIGN (0x4)
                0x20000a68                __data_end__ = .

.igot.plt       0x20000a68        0x0 load address 0x00006c34
 .igot.plt      0x20000a68        0x0 c:/program files (x86)/gnu arm embedded toolchain/10 2021.10/bin/../lib/gcc/arm-none-eabi/10.3.1/thumb/v8-m.main+fp/hard/crtbegin.o

.gnu.sgstubs    0x00007000        0x0
                0x00007000                . = DEFINED (FLASH_NSC_START)?ABSOLUTE (FLASH_NSC_START):ALIGN (0x400)
                0x00007000                __tz_FLASH_C = DEFINED (FLASH_NSC_START)?ABSOLUTE (FLASH_NSC_START):__RESERVE_NS_RAM?ABSOLUTE ((FLASH_START + FLASH_LENGTH)):ALIGN (0x400)
                0x00007000                _start_sg = .
 *(.gnu.sgstubs*)
                0x00007000                . = ALIGN (0x20)
                0x00007000                _end_sg = .
                0x00008000                __tz_FLASH_N = DEFINED (FLASH_NS_START)?ABSOLUTE (FLASH_NS_START):__RESERVE_NS_RAM?ABSOLUTE ((FLASH_START + FLASH_LENGTH)):ALIGN (0x8000)
                0x60000000                __tz_QSPI_FLASH_S = ORIGIN (QSPI_FLASH)

.qspi_flash     0x60000000        0x0
                0x60000000                __qspi_flash_start__ = .
 *(.qspi_flash*)
 *(.code_in_qspi*)
                0x60000000                __qspi_flash_end__ = .
                0x00000000                __qspi_flash_code_size__ = (__qspi_flash_end__ - __qspi_flash_start__)
                0x00006c34                __qspi_flash_code_addr__ = (__etext + (__data_end__ - __data_start__))

.qspi_non_retentive
                0x60000000        0x0 load address 0x00006c34
                0x60000000                __qspi_non_retentive_start__ = .
 *(.qspi_non_retentive*)
                0x60000000                __qspi_non_retentive_end__ = .
                0x00000000                __qspi_non_retentive_size__ = (__qspi_non_retentive_end__ - __qspi_non_retentive_start__)
                0x04000000                __qspi_region_max_size__ = 0x4000000
                0x60000000                __qspi_region_start_address__ = __qspi_flash_start__
                0x64000000                __qspi_region_end_address__ = (__qspi_flash_start__ + __qspi_region_max_size__)
                0x60000000                __tz_QSPI_FLASH_N = __qspi_non_retentive_end__
                0x68000000                __tz_OSPI_DEVICE_0_S = ORIGIN (OSPI_DEVICE_0)

.OSPI_DEVICE_0  0x68000000        0x0
                0x68000000                __ospi_device_0_start__ = .
 *(.ospi_device_0*)
 *(.code_in_ospi_device_0*)
                0x68000000                __ospi_device_0_end__ = .
                0x00000000                __ospi_device_0_code_size__ = (__ospi_device_0_end__ - __ospi_device_0_start__)
                0x00006c34                __ospi_device_0_code_addr__ = (__etext + (__data_end__ - __data_start__))

.ospi_device_0_non_retentive
                0x68000000        0x0 load address 0x00006c34
                0x68000000                __ospi_device_0_non_retentive_start__ = .
 *(.ospi_device_0_non_retentive*)
                0x68000000                __ospi_device_0_non_retentive_end__ = .
                0x00000000                __ospi_device_0_non_retentive_size__ = (__ospi_device_0_non_retentive_end__ - __ospi_device_0_non_retentive_start__)
                0x08000000                __ospi_device_0_region_max_size__ = 0x8000000
                0x68000000                __ospi_device_0_region_start_address__ = __ospi_device_0_start__
                0x70000000                __ospi_device_0_region_end_address__ = (__ospi_device_0_start__ + __ospi_device_0_region_max_size__)
                0x68000000                __tz_OSPI_DEVICE_0_N = __ospi_device_0_non_retentive_end__
                0x70000000                __tz_OSPI_DEVICE_1_S = ORIGIN (OSPI_DEVICE_1)

.OSPI_DEVICE_1  0x70000000        0x0
                0x70000000                __ospi_device_1_start__ = .
 *(.ospi_device_1*)
 *(.code_in_ospi_device_1*)
                0x70000000                __ospi_device_1_end__ = .
                0x00000000                __ospi_device_1_code_size__ = (__ospi_device_1_end__ - __ospi_device_1_start__)
                0x00006c34                __ospi_device_1_code_addr__ = (__etext + (__data_end__ - __data_start__))

.ospi_device_1_non_retentive
                0x70000000        0x0 load address 0x00006c34
                0x70000000                __ospi_device_1_non_retentive_start__ = .
 *(.ospi_device_1_non_retentive*)
                0x70000000                __ospi_device_1_non_retentive_end__ = .
                0x00000000                __ospi_device_1_non_retentive_size__ = (__ospi_device_1_non_retentive_end__ - __ospi_device_1_non_retentive_start__)
                0x10000000                __ospi_device_1_region_max_size__ = 0x10000000
                0x70000000                __ospi_device_1_region_start_address__ = __ospi_device_1_start__
                0x80000000                __ospi_device_1_region_end_address__ = (__ospi_device_1_start__ + __ospi_device_1_region_max_size__)
                0x70000000                __tz_OSPI_DEVICE_1_N = __ospi_device_1_non_retentive_end__

.noinit         0x20000a68       0x18
                0x20000a68                . = ALIGN (0x4)
                0x20000a68                __noinit_start = .
 *(.noinit*)
 .noinit        0x20000a68       0x18 ./ra/fsp/src/bsp/mcu/all/bsp_clocks.o
                0x20000a80                . = ALIGN (0x8)
 *fill*         0x20000a80        0x0 
 *(.heap.*)
                0x20000a80                __noinit_end = .

.bss            0x20000a80     0x10a0
                0x20000a80                . = ALIGN (0x4)
                0x20000a80                __bss_start__ = .
 *(.bss*)
 .bss           0x20000a80       0x1c c:/program files (x86)/gnu arm embedded toolchain/10 2021.10/bin/../lib/gcc/arm-none-eabi/10.3.1/thumb/v8-m.main+fp/hard/crtbegin.o
 .bss._SEGGER_RTT
                0x20000a9c       0xa8 ./src/SEGGER_RTT/SEGGER_RTT.o
                0x20000a9c                _SEGGER_RTT
 .bss._acDownBuffer
                0x20000b44       0x10 ./src/SEGGER_RTT/SEGGER_RTT.o
 .bss._acUpBuffer
                0x20000b54      0x400 ./src/SEGGER_RTT/SEGGER_RTT.o
 .bss.bufout    0x20000f54      0x200 ./src/Wrapper.o
                0x20000f54                bufout
 .bss.g_b_flash_event_blank
                0x20001154        0x1 ./src/flash_hp_ep.o
 .bss.g_b_flash_event_erase_complete
                0x20001155        0x1 ./src/flash_hp_ep.o
 .bss.g_b_flash_event_not_blank
                0x20001156        0x1 ./src/flash_hp_ep.o
 .bss.g_b_flash_event_write_complete
                0x20001157        0x1 ./src/flash_hp_ep.o
 .bss.AT_bufferTransmit
                0x20001158      0x100 ./src/gsm.o
 .bss.ConnectionState
                0x20001258        0x1 ./src/gsm.o
                0x20001258                ConnectionState
 *fill*         0x20001259        0x3 
 .bss.heartbit_count
                0x2000125c        0x4 ./src/gsm.o
 .bss.sms_config
                0x20001260        0x1 ./src/gsm.o
 .bss.sms_config_received
                0x20001261        0x1 ./src/gsm.o
                0x20001261                sms_config_received
 *fill*         0x20001262        0x2 
 .bss.CurrentTime
                0x20001264       0x24 ./src/hal_entry.o
                0x20001264                CurrentTime
 .bss.Event_status
                0x20001288        0x1 ./src/hal_entry.o
                0x20001288                Event_status
 .bss.LtuGSM_Timeout
                0x20001289        0x1 ./src/hal_entry.o
                0x20001289                LtuGSM_Timeout
 *fill*         0x2000128a        0x2 
 .bss.Ltutemputartin
                0x2000128c       0xff ./src/hal_entry.o
                0x2000128c                Ltutemputartin
 *fill*         0x2000138b        0x1 
 .bss.Ltutemputartout
                0x2000138c       0xff ./src/hal_entry.o
                0x2000138c                Ltutemputartout
 *fill*         0x2000148b        0x1 
 .bss.Ltutmpindexin
                0x2000148c        0x4 ./src/hal_entry.o
                0x2000148c                Ltutmpindexin
 .bss.Ltutmpindexout
                0x20001490        0x4 ./src/hal_entry.o
                0x20001490                Ltutmpindexout
 .bss.RTC_Event
                0x20001494        0x1 ./src/hal_entry.o
                0x20001494                RTC_Event
 *fill*         0x20001495        0x3 
 .bss.RepeaterConfig
                0x20001498       0x67 ./src/hal_entry.o
                0x20001498                RepeaterConfig
 .bss.modem_seq_state
                0x200014ff        0x1 ./src/hal_entry.o
                0x200014ff                modem_seq_state
 .bss.toggle    0x20001500        0x1 ./src/hal_entry.o
                0x20001500                toggle
 *fill*         0x20001501        0x3 
 .bss.upgradestate
                0x20001504        0x4 ./src/hal_entry.o
                0x20001504                upgradestate
 .bss.write_internal_config_flag
                0x20001508        0x1 ./src/hal_entry.o
                0x20001508                write_internal_config_flag
 *fill*         0x20001509        0x3 
 .bss.GsmTimer  0x2000150c        0x4 ./src/uart_LTE.o
                0x2000150c                GsmTimer
 .bss.TimingDelay
                0x20001510        0x4 ./src/uart_LTE.o
                0x20001510                TimingDelay
 .bss.ToggleLedsReq
                0x20001514        0x1 ./src/uart_LTE.o
                0x20001514                ToggleLedsReq
 *fill*         0x20001515        0x3 
 .bss.bufintmp  0x20001518       0xff ./src/uart_LTE.o
                0x20001518                bufintmp
 .bss.g_DEBUG_counter_var
                0x20001617        0x1 ./src/uart_LTE.o
 .bss.g_DEBUG_temp_buffer
                0x20001618       0xff ./src/uart_LTE.o
 .bss.g_DEBUG_timout_cntr
                0x20001717        0x1 ./src/uart_LTE.o
 .bss.g_DEBUG_uart_event
                0x20001718        0x1 ./src/uart_LTE.o
 *fill*         0x20001719        0x3 
 .bss.g_LTE_counter_var
                0x2000171c        0x4 ./src/uart_LTE.o
 .bss.g_LTE_temp_buffer
                0x20001720       0xff ./src/uart_LTE.o
 .bss.g_LTE_timout_cntr
                0x2000181f        0x1 ./src/uart_LTE.o
 .bss.g_LTE_uart_event
                0x20001820        0x1 ./src/uart_LTE.o
 *fill*         0x20001821        0x3 
 .bss.yos_temp  0x20001824        0x4 ./src/uart_LTE.o
 .bss.g_ioport_ctrl
                0x20001828        0x8 ./ra_gen/common_data.o
                0x20001828                g_ioport_ctrl
 .bss.Battery_g_lvd_ctrl
                0x20001830       0x14 ./ra_gen/hal_data.o
                0x20001830                Battery_g_lvd_ctrl
 .bss.Debug_Uart1_ctrl
                0x20001844       0x30 ./ra_gen/hal_data.o
                0x20001844                Debug_Uart1_ctrl
 .bss.LTE_Uart_ctrl
                0x20001874       0x30 ./ra_gen/hal_data.o
                0x20001874                LTE_Uart_ctrl
 .bss.Pulser_Timer0_Generic_ctrl
                0x200018a4       0x1c ./ra_gen/hal_data.o
                0x200018a4                Pulser_Timer0_Generic_ctrl
 .bss.Yos1_RTC_ctrl
                0x200018c0       0x18 ./ra_gen/hal_data.o
                0x200018c0                Yos1_RTC_ctrl
 .bss.g_flash_ctrl
                0x200018d8       0x44 ./ra_gen/hal_data.o
                0x200018d8                g_flash_ctrl
 .bss.gp_ctrls  0x2000191c        0x8 ./ra/fsp/src/r_lvd/r_lvd.o
 .bss.gp_prv_agt_periods
                0x20001924       0x18 ./ra/fsp/src/r_agt/r_agt.o
 .bss.g_bsp_group_irq_sources
                0x2000193c       0x40 ./ra/fsp/src/bsp/mcu/all/bsp_group_irq.o
 .bss.g_protect_pfswe_counter
                0x2000197c        0x4 ./ra/fsp/src/bsp/mcu/all/bsp_io.o
                0x2000197c                g_protect_pfswe_counter
 .bss.gp_renesas_isr_context
                0x20001980      0x180 ./ra/fsp/src/bsp/mcu/all/bsp_irq.o
                0x20001980                gp_renesas_isr_context
 .bss.g_protect_counters
                0x20001b00        0x8 ./ra/fsp/src/bsp/mcu/all/bsp_register_protection.o
 .bss.current_heap_end.0
                0x20001b08        0x4 ./ra/fsp/src/bsp/mcu/all/bsp_sbrk.o
 .bss.SystemCoreClock
                0x20001b0c        0x4 ./ra/fsp/src/bsp/cmsis/Device/RENESAS/Source/system.o
                0x20001b0c                SystemCoreClock
 .bss.__malloc_free_list
                0x20001b10        0x4 c:/program files (x86)/gnu arm embedded toolchain/10 2021.10/bin/../lib/gcc/arm-none-eabi/10.3.1/../../../../arm-none-eabi/lib/thumb/v8-m.main+fp/hard\libg_nano.a(lib_a-nano-mallocr.o)
                0x20001b10                __malloc_free_list
 .bss.__malloc_sbrk_start
                0x20001b14        0x4 c:/program files (x86)/gnu arm embedded toolchain/10 2021.10/bin/../lib/gcc/arm-none-eabi/10.3.1/../../../../arm-none-eabi/lib/thumb/v8-m.main+fp/hard\libg_nano.a(lib_a-nano-mallocr.o)
                0x20001b14                __malloc_sbrk_start
 .bss.errno     0x20001b18        0x4 c:/program files (x86)/gnu arm embedded toolchain/10 2021.10/bin/../lib/gcc/arm-none-eabi/10.3.1/../../../../arm-none-eabi/lib/thumb/v8-m.main+fp/hard\libg_nano.a(lib_a-reent.o)
                0x20001b18                errno
 .bss.__lock___malloc_recursive_mutex
                0x20001b1c        0x1 c:/program files (x86)/gnu arm embedded toolchain/10 2021.10/bin/../lib/gcc/arm-none-eabi/10.3.1/../../../../arm-none-eabi/lib/thumb/v8-m.main+fp/hard\libg_nano.a(lib_a-lock.o)
                0x20001b1c                __lock___malloc_recursive_mutex
 *(COMMON)
                0x20001b20                . = ALIGN (0x4)
 *fill*         0x20001b1d        0x3 
                0x20001b20                __bss_end__ = .

.heap           0x20001b20      0x400
                0x20001b20                . = ALIGN (0x8)
                0x20001b20                __HeapBase = .
 *(.heap)
 .heap          0x20001b20      0x400 ./ra/fsp/src/bsp/cmsis/Device/RENESAS/Source/startup.o
                0x20001f20                __HeapLimit = .

.stack_dummy    0x20001f20     0x1000
                0x20001f20                . = ALIGN (0x8)
                0x20001f20                __StackLimit = .
 *(.stack)
 .stack         0x20001f20     0x1000 ./ra/fsp/src/bsp/cmsis/Device/RENESAS/Source/startup.o
                0x20002f20                __StackTop = .
 *(.stack*)
                0x20002f20                __StackTopAll = .
                0x20002f20                PROVIDE (__stack = __StackTopAll)
                0x20002f20                __RAM_segment_used_end__ = ALIGN (__StackTopAll, 0x4)
                0x20003000                __tz_RAM_C = DEFINED (RAM_NSC_START)?ABSOLUTE (RAM_NSC_START):__RESERVE_NS_RAM?ABSOLUTE (RAM_NS_BUFFER_BLOCK_START):ALIGN (__RAM_segment_used_end__, 0x400)
                0x20004000                __tz_RAM_N = DEFINED (RAM_NS_START)?ABSOLUTE (RAM_NS_START):__RESERVE_NS_RAM?ABSOLUTE (RAM_NS_BUFFER_BLOCK_START):ALIGN (__tz_RAM_C, 0x2000)

.ns_buffer      0x20002f20        0x0
                0x20002f20                . = __RESERVE_NS_RAM?ABSOLUTE ((RAM_NS_BUFFER_START & 0xffffffe0)):.
 *(.ns_buffer*)

.data_flash     0x08000000        0x0
                0x08000000                . = ORIGIN (DATA_FLASH)
                0x08000000                __tz_DATA_FLASH_S = .
                0x08000000                __Data_Flash_Start = .
 *(.data_flash*)
                0x08000000                __Data_Flash_End = .
                0x08000000                __tz_DATA_FLASH_N = DEFINED (DATA_FLASH_NS_START)?ABSOLUTE (DATA_FLASH_NS_START):__RESERVE_NS_RAM?ABSOLUTE ((DATA_FLASH_START + DATA_FLASH_LENGTH)):ALIGN (0x400)
                0x90000000                __tz_SDRAM_S = ORIGIN (SDRAM)

.sdram          0x90000000        0x0
                0x90000000                __SDRAM_Start = .
 *(.sdram*)
 *(.frame*)
                0x90000000                __SDRAM_End = .
                0x90000000                __tz_SDRAM_N = __SDRAM_End
                0x00000000                __tz_ID_CODE_S = ORIGIN (ID_CODE)

.id_code        0x00000000        0x0
                0x00000000                __ID_Code_Start = .
 *(.id_code*)
                0x00000000                __ID_Code_End = .
                0x00000000                __tz_ID_CODE_N = __ID_Code_End
                0x0100a100                __tz_OPTION_SETTING_S = ORIGIN (OPTION_SETTING)

.option_setting
                0x0100a100       0x38
                0x0100a100                __OPTION_SETTING_Start = .
 *(.option_setting_ofs0)
 .option_setting_ofs0
                0x0100a100        0x4 ./ra/fsp/src/bsp/mcu/all/bsp_rom_registers.o
                0x0100a110                . = __TZ_S_PROJECT?(__OPTION_SETTING_Start + 0x10):__OPTION_SETTING_Start
 *fill*         0x0100a104        0xc ff
 *(.option_setting_dualsel)
 .option_setting_dualsel
                0x0100a110        0x4 ./ra/fsp/src/bsp/mcu/all/bsp_rom_registers.o
                0x0100a134                . = __TZ_S_PROJECT?(__OPTION_SETTING_Start + 0x34):__OPTION_SETTING_Start
 *fill*         0x0100a114       0x20 ff
 *(.option_setting_sas)
 .option_setting_sas
                0x0100a134        0x4 ./ra/fsp/src/bsp/mcu/all/bsp_rom_registers.o
                0x0100a138                __OPTION_SETTING_End = .
                0x0100a180                __tz_OPTION_SETTING_N = OPTION_SETTING_START_NS

.option_setting_ns
                0x0100a138        0x0
                0x0100a138                __OPTION_SETTING_NS_Start = .
 *(.option_setting_ofs1)
                0x0100a138                . = __TZ_NS_PROJECT?(__OPTION_SETTING_NS_Start + 0x10):__OPTION_SETTING_NS_Start
 *(.option_setting_banksel)
                0x0100a138                . = __TZ_NS_PROJECT?(__OPTION_SETTING_NS_Start + 0x40):__OPTION_SETTING_NS_Start
 *(.option_setting_bps0)
                0x0100a138                . = __TZ_NS_PROJECT?(__OPTION_SETTING_NS_Start + 0x44):__OPTION_SETTING_NS_Start
 *(.option_setting_bps1)
                0x0100a138                . = __TZ_NS_PROJECT?(__OPTION_SETTING_NS_Start + 0x48):__OPTION_SETTING_NS_Start
 *(.option_setting_bps2)
                0x0100a138                . = __TZ_NS_PROJECT?(__OPTION_SETTING_NS_Start + 0x60):__OPTION_SETTING_NS_Start
 *(.option_setting_pbps0)
                0x0100a138                . = __TZ_NS_PROJECT?(__OPTION_SETTING_NS_Start + 0x64):__OPTION_SETTING_NS_Start
 *(.option_setting_pbps1)
                0x0100a138                . = __TZ_NS_PROJECT?(__OPTION_SETTING_NS_Start + 0x68):__OPTION_SETTING_NS_Start
 *(.option_setting_pbps2)
                0x0100a138                __OPTION_SETTING_NS_End = .
                0x0100a200                __tz_OPTION_SETTING_S_S = ORIGIN (OPTION_SETTING_S)

.option_setting_s
                0x0100a200       0xcc
                0x0100a200                __OPTION_SETTING_S_Start = .
 *(.option_setting_ofs1_sec)
 .option_setting_ofs1_sec
                0x0100a200        0x4 ./ra/fsp/src/bsp/mcu/all/bsp_rom_registers.o
                0x0100a210                . = __TZ_S_PROJECT?(__OPTION_SETTING_S_Start + 0x10):__OPTION_SETTING_S_Start
 *fill*         0x0100a204        0xc ff
 *(.option_setting_banksel_sec)
 .option_setting_banksel_sec
                0x0100a210        0x4 ./ra/fsp/src/bsp/mcu/all/bsp_rom_registers.o
                0x0100a240                . = __TZ_S_PROJECT?(__OPTION_SETTING_S_Start + 0x40):__OPTION_SETTING_S_Start
 *fill*         0x0100a214       0x2c ff
 *(.option_setting_bps_sec0)
 .option_setting_bps_sec0
                0x0100a240        0x4 ./ra/fsp/src/bsp/mcu/all/bsp_rom_registers.o
                0x0100a244                . = __TZ_S_PROJECT?(__OPTION_SETTING_S_Start + 0x44):__OPTION_SETTING_S_Start
 *(.option_setting_bps_sec1)
 .option_setting_bps_sec1
                0x0100a244        0x4 ./ra/fsp/src/bsp/mcu/all/bsp_rom_registers.o
                0x0100a248                . = __TZ_S_PROJECT?(__OPTION_SETTING_S_Start + 0x48):__OPTION_SETTING_S_Start
 *(.option_setting_bps_sec2)
 .option_setting_bps_sec2
                0x0100a248        0x4 ./ra/fsp/src/bsp/mcu/all/bsp_rom_registers.o
                0x0100a260                . = __TZ_S_PROJECT?(__OPTION_SETTING_S_Start + 0x60):__OPTION_SETTING_S_Start
 *fill*         0x0100a24c       0x14 ff
 *(.option_setting_pbps_sec0)
 .option_setting_pbps_sec0
                0x0100a260        0x4 ./ra/fsp/src/bsp/mcu/all/bsp_rom_registers.o
                0x0100a264                . = __TZ_S_PROJECT?(__OPTION_SETTING_S_Start + 0x64):__OPTION_SETTING_S_Start
 *(.option_setting_pbps_sec1)
 .option_setting_pbps_sec1
                0x0100a264        0x4 ./ra/fsp/src/bsp/mcu/all/bsp_rom_registers.o
                0x0100a268                . = __TZ_S_PROJECT?(__OPTION_SETTING_S_Start + 0x68):__OPTION_SETTING_S_Start
 *(.option_setting_pbps_sec2)
 .option_setting_pbps_sec2
                0x0100a268        0x4 ./ra/fsp/src/bsp/mcu/all/bsp_rom_registers.o
                0x0100a280                . = __TZ_S_PROJECT?(__OPTION_SETTING_S_Start + 0x80):__OPTION_SETTING_S_Start
 *fill*         0x0100a26c       0x14 ff
 *(.option_setting_ofs1_sel)
 .option_setting_ofs1_sel
                0x0100a280        0x4 ./ra/fsp/src/bsp/mcu/all/bsp_rom_registers.o
                0x0100a290                . = __TZ_S_PROJECT?(__OPTION_SETTING_S_Start + 0x90):__OPTION_SETTING_S_Start
 *fill*         0x0100a284        0xc ff
 *(.option_setting_banksel_sel)
 .option_setting_banksel_sel
                0x0100a290        0x4 ./ra/fsp/src/bsp/mcu/all/bsp_rom_registers.o
                0x0100a2c0                . = __TZ_S_PROJECT?(__OPTION_SETTING_S_Start + 0xc0):__OPTION_SETTING_S_Start
 *fill*         0x0100a294       0x2c ff
 *(.option_setting_bps_sel0)
 .option_setting_bps_sel0
                0x0100a2c0        0x4 ./ra/fsp/src/bsp/mcu/all/bsp_rom_registers.o
                0x0100a2c4                . = __TZ_S_PROJECT?(__OPTION_SETTING_S_Start + 0xc4):__OPTION_SETTING_S_Start
 *(.option_setting_bps_sel1)
 .option_setting_bps_sel1
                0x0100a2c4        0x4 ./ra/fsp/src/bsp/mcu/all/bsp_rom_registers.o
                0x0100a2c8                . = __TZ_S_PROJECT?(__OPTION_SETTING_S_Start + 0xc8):__OPTION_SETTING_S_Start
 *(.option_setting_bps_sel2)
 .option_setting_bps_sel2
                0x0100a2c8        0x4 ./ra/fsp/src/bsp/mcu/all/bsp_rom_registers.o
                0x0100a2cc                __OPTION_SETTING_S_End = .
                0x0100a2cc                __tz_OPTION_SETTING_S_N = __OPTION_SETTING_S_End
OUTPUT(gw_ra4m3.elf elf32-littlearm)
LOAD linker stubs

.rel.dyn        0x0100a2cc        0x0
 .rel.iplt      0x0100a2cc        0x0 c:/program files (x86)/gnu arm embedded toolchain/10 2021.10/bin/../lib/gcc/arm-none-eabi/10.3.1/thumb/v8-m.main+fp/hard/crtbegin.o

.ARM.attributes
                0x00000000       0x36
 .ARM.attributes
                0x00000000       0x22 c:/program files (x86)/gnu arm embedded toolchain/10 2021.10/bin/../lib/gcc/arm-none-eabi/10.3.1/thumb/v8-m.main+fp/hard/crti.o
 .ARM.attributes
                0x00000022       0x38 c:/program files (x86)/gnu arm embedded toolchain/10 2021.10/bin/../lib/gcc/arm-none-eabi/10.3.1/thumb/v8-m.main+fp/hard/crtbegin.o
 .ARM.attributes
                0x0000005a       0x3a ./src/SEGGER_RTT/SEGGER_RTT.o
 .ARM.attributes
                0x00000094       0x3a ./src/SEGGER_RTT/SEGGER_RTT_printf.o
 .ARM.attributes
                0x000000ce       0x3a ./src/DLMScrc.o
 .ARM.attributes
                0x00000108       0x3a ./src/Wrapper.o
 .ARM.attributes
                0x00000142       0x3a ./src/crc.o
 .ARM.attributes
                0x0000017c       0x3a ./src/flash_hp_ep.o
 .ARM.attributes
                0x000001b6       0x3a ./src/gsm.o
 .ARM.attributes
                0x000001f0       0x3a ./src/hal_entry.o
 .ARM.attributes
                0x0000022a       0x3a ./src/uart_LTE.o
 .ARM.attributes
                0x00000264       0x3a ./ra_gen/common_data.o
 .ARM.attributes
                0x0000029e       0x3a ./ra_gen/hal_data.o
 .ARM.attributes
                0x000002d8       0x3a ./ra_gen/main.o
 .ARM.attributes
                0x00000312       0x3a ./ra_gen/pin_data.o
 .ARM.attributes
                0x0000034c       0x3a ./ra_gen/vector_data.o
 .ARM.attributes
                0x00000386       0x3a ./ra/fsp/src/r_sci_uart/r_sci_uart.o
 .ARM.attributes
                0x000003c0       0x3a ./ra/fsp/src/r_rtc/r_rtc.o
 .ARM.attributes
                0x000003fa       0x3a ./ra/fsp/src/r_lvd/r_lvd.o
 .ARM.attributes
                0x00000434       0x3a ./ra/fsp/src/r_ioport/r_ioport.o
 .ARM.attributes
                0x0000046e       0x3a ./ra/fsp/src/r_flash_hp/r_flash_hp.o
 .ARM.attributes
                0x000004a8       0x3a ./ra/fsp/src/r_agt/r_agt.o
 .ARM.attributes
                0x000004e2       0x3a ./ra/fsp/src/bsp/mcu/all/bsp_clocks.o
 .ARM.attributes
                0x0000051c       0x3a ./ra/fsp/src/bsp/mcu/all/bsp_common.o
 .ARM.attributes
                0x00000556       0x3a ./ra/fsp/src/bsp/mcu/all/bsp_delay.o
 .ARM.attributes
                0x00000590       0x3a ./ra/fsp/src/bsp/mcu/all/bsp_group_irq.o
 .ARM.attributes
                0x000005ca       0x3a ./ra/fsp/src/bsp/mcu/all/bsp_io.o
 .ARM.attributes
                0x00000604       0x3a ./ra/fsp/src/bsp/mcu/all/bsp_irq.o
 .ARM.attributes
                0x0000063e       0x3a ./ra/fsp/src/bsp/mcu/all/bsp_register_protection.o
 .ARM.attributes
                0x00000678       0x3a ./ra/fsp/src/bsp/mcu/all/bsp_rom_registers.o
 .ARM.attributes
                0x000006b2       0x3a ./ra/fsp/src/bsp/mcu/all/bsp_sbrk.o
 .ARM.attributes
                0x000006ec       0x3a ./ra/fsp/src/bsp/cmsis/Device/RENESAS/Source/startup.o
 .ARM.attributes
                0x00000726       0x3a ./ra/fsp/src/bsp/cmsis/Device/RENESAS/Source/system.o
 .ARM.attributes
                0x00000760       0x22 c:/program files (x86)/gnu arm embedded toolchain/10 2021.10/bin/../lib/gcc/arm-none-eabi/10.3.1/thumb/v8-m.main+fp/hard\libgcc.a(_aeabi_ldivmod.o)
 .ARM.attributes
                0x00000782       0x38 c:/program files (x86)/gnu arm embedded toolchain/10 2021.10/bin/../lib/gcc/arm-none-eabi/10.3.1/thumb/v8-m.main+fp/hard\libgcc.a(_udivmoddi4.o)
 .ARM.attributes
                0x000007ba       0x22 c:/program files (x86)/gnu arm embedded toolchain/10 2021.10/bin/../lib/gcc/arm-none-eabi/10.3.1/thumb/v8-m.main+fp/hard\libgcc.a(_dvmd_tls.o)
 .ARM.attributes
                0x000007dc       0x38 c:/program files (x86)/gnu arm embedded toolchain/10 2021.10/bin/../lib/gcc/arm-none-eabi/10.3.1/../../../../arm-none-eabi/lib/thumb/v8-m.main+fp/hard\libg_nano.a(lib_a-errno.o)
 .ARM.attributes
                0x00000814       0x38 c:/program files (x86)/gnu arm embedded toolchain/10 2021.10/bin/../lib/gcc/arm-none-eabi/10.3.1/../../../../arm-none-eabi/lib/thumb/v8-m.main+fp/hard\libg_nano.a(lib_a-impure.o)
 .ARM.attributes
                0x0000084c       0x38 c:/program files (x86)/gnu arm embedded toolchain/10 2021.10/bin/../lib/gcc/arm-none-eabi/10.3.1/../../../../arm-none-eabi/lib/thumb/v8-m.main+fp/hard\libg_nano.a(lib_a-memcmp.o)
 .ARM.attributes
                0x00000884       0x38 c:/program files (x86)/gnu arm embedded toolchain/10 2021.10/bin/../lib/gcc/arm-none-eabi/10.3.1/../../../../arm-none-eabi/lib/thumb/v8-m.main+fp/hard\libg_nano.a(lib_a-memcpy-stub.o)
 .ARM.attributes
                0x000008bc       0x38 c:/program files (x86)/gnu arm embedded toolchain/10 2021.10/bin/../lib/gcc/arm-none-eabi/10.3.1/../../../../arm-none-eabi/lib/thumb/v8-m.main+fp/hard\libg_nano.a(lib_a-memset.o)
 .ARM.attributes
                0x000008f4       0x38 c:/program files (x86)/gnu arm embedded toolchain/10 2021.10/bin/../lib/gcc/arm-none-eabi/10.3.1/../../../../arm-none-eabi/lib/thumb/v8-m.main+fp/hard\libg_nano.a(lib_a-sprintf.o)
 .ARM.attributes
                0x0000092c       0x38 c:/program files (x86)/gnu arm embedded toolchain/10 2021.10/bin/../lib/gcc/arm-none-eabi/10.3.1/../../../../arm-none-eabi/lib/thumb/v8-m.main+fp/hard\libg_nano.a(lib_a-strcat.o)
 .ARM.attributes
                0x00000964       0x38 c:/program files (x86)/gnu arm embedded toolchain/10 2021.10/bin/../lib/gcc/arm-none-eabi/10.3.1/../../../../arm-none-eabi/lib/thumb/v8-m.main+fp/hard\libg_nano.a(lib_a-strcpy.o)
 .ARM.attributes
                0x0000099c       0x17 c:/program files (x86)/gnu arm embedded toolchain/10 2021.10/bin/../lib/gcc/arm-none-eabi/10.3.1/../../../../arm-none-eabi/lib/thumb/v8-m.main+fp/hard\libg_nano.a(lib_a-strlen.o)
 .ARM.attributes
                0x000009b3       0x38 c:/program files (x86)/gnu arm embedded toolchain/10 2021.10/bin/../lib/gcc/arm-none-eabi/10.3.1/../../../../arm-none-eabi/lib/thumb/v8-m.main+fp/hard\libg_nano.a(lib_a-strstr.o)
 .ARM.attributes
                0x000009eb       0x38 c:/program files (x86)/gnu arm embedded toolchain/10 2021.10/bin/../lib/gcc/arm-none-eabi/10.3.1/../../../../arm-none-eabi/lib/thumb/v8-m.main+fp/hard\libg_nano.a(lib_a-nano-svfprintf.o)
 .ARM.attributes
                0x00000a23       0x38 c:/program files (x86)/gnu arm embedded toolchain/10 2021.10/bin/../lib/gcc/arm-none-eabi/10.3.1/../../../../arm-none-eabi/lib/thumb/v8-m.main+fp/hard\libg_nano.a(lib_a-nano-vfprintf_i.o)
 .ARM.attributes
                0x00000a5b       0x38 c:/program files (x86)/gnu arm embedded toolchain/10 2021.10/bin/../lib/gcc/arm-none-eabi/10.3.1/../../../../arm-none-eabi/lib/thumb/v8-m.main+fp/hard\libg_nano.a(lib_a-memchr-stub.o)
 .ARM.attributes
                0x00000a93       0x38 c:/program files (x86)/gnu arm embedded toolchain/10 2021.10/bin/../lib/gcc/arm-none-eabi/10.3.1/../../../../arm-none-eabi/lib/thumb/v8-m.main+fp/hard\libg_nano.a(lib_a-memmove.o)
 .ARM.attributes
                0x00000acb       0x38 c:/program files (x86)/gnu arm embedded toolchain/10 2021.10/bin/../lib/gcc/arm-none-eabi/10.3.1/../../../../arm-none-eabi/lib/thumb/v8-m.main+fp/hard\libg_nano.a(lib_a-nano-freer.o)
 .ARM.attributes
                0x00000b03       0x38 c:/program files (x86)/gnu arm embedded toolchain/10 2021.10/bin/../lib/gcc/arm-none-eabi/10.3.1/../../../../arm-none-eabi/lib/thumb/v8-m.main+fp/hard\libg_nano.a(lib_a-nano-mallocr.o)
 .ARM.attributes
                0x00000b3b       0x38 c:/program files (x86)/gnu arm embedded toolchain/10 2021.10/bin/../lib/gcc/arm-none-eabi/10.3.1/../../../../arm-none-eabi/lib/thumb/v8-m.main+fp/hard\libg_nano.a(lib_a-nano-reallocr.o)
 .ARM.attributes
                0x00000b73       0x38 c:/program files (x86)/gnu arm embedded toolchain/10 2021.10/bin/../lib/gcc/arm-none-eabi/10.3.1/../../../../arm-none-eabi/lib/thumb/v8-m.main+fp/hard\libg_nano.a(lib_a-sbrkr.o)
 .ARM.attributes
                0x00000bab       0x38 c:/program files (x86)/gnu arm embedded toolchain/10 2021.10/bin/../lib/gcc/arm-none-eabi/10.3.1/../../../../arm-none-eabi/lib/thumb/v8-m.main+fp/hard\libg_nano.a(lib_a-mlock.o)
 .ARM.attributes
                0x00000be3       0x38 c:/program files (x86)/gnu arm embedded toolchain/10 2021.10/bin/../lib/gcc/arm-none-eabi/10.3.1/../../../../arm-none-eabi/lib/thumb/v8-m.main+fp/hard\libg_nano.a(lib_a-nano-msizer.o)
 .ARM.attributes
                0x00000c1b       0x38 c:/program files (x86)/gnu arm embedded toolchain/10 2021.10/bin/../lib/gcc/arm-none-eabi/10.3.1/../../../../arm-none-eabi/lib/thumb/v8-m.main+fp/hard\libg_nano.a(lib_a-reent.o)
 .ARM.attributes
                0x00000c53       0x38 c:/program files (x86)/gnu arm embedded toolchain/10 2021.10/bin/../lib/gcc/arm-none-eabi/10.3.1/../../../../arm-none-eabi/lib/thumb/v8-m.main+fp/hard\libg_nano.a(lib_a-lock.o)
 .ARM.attributes
                0x00000c8b       0x38 c:/program files (x86)/gnu arm embedded toolchain/10 2021.10/bin/../lib/gcc/arm-none-eabi/10.3.1/../../../../arm-none-eabi/lib/thumb/v8-m.main+fp/hard\libc_nano.a(lib_a-findfp.o)
 .ARM.attributes
                0x00000cc3       0x38 c:/program files (x86)/gnu arm embedded toolchain/10 2021.10/bin/../lib/gcc/arm-none-eabi/10.3.1/thumb/v8-m.main+fp/hard/crtend.o
 .ARM.attributes
                0x00000cfb       0x22 c:/program files (x86)/gnu arm embedded toolchain/10 2021.10/bin/../lib/gcc/arm-none-eabi/10.3.1/thumb/v8-m.main+fp/hard/crtn.o

.comment        0x00000000       0x49
 .comment       0x00000000       0x49 ./src/SEGGER_RTT/SEGGER_RTT.o
                                 0x4a (size before relaxing)
 .comment       0x00000049       0x4a ./src/SEGGER_RTT/SEGGER_RTT_printf.o
 .comment       0x00000049       0x4a ./src/DLMScrc.o
 .comment       0x00000049       0x4a ./src/Wrapper.o
 .comment       0x00000049       0x4a ./src/crc.o
 .comment       0x00000049       0x4a ./src/flash_hp_ep.o
 .comment       0x00000049       0x4a ./src/gsm.o
 .comment       0x00000049       0x4a ./src/hal_entry.o
 .comment       0x00000049       0x4a ./src/uart_LTE.o
 .comment       0x00000049       0x4a ./ra_gen/common_data.o
 .comment       0x00000049       0x4a ./ra_gen/hal_data.o
 .comment       0x00000049       0x4a ./ra_gen/main.o
 .comment       0x00000049       0x4a ./ra_gen/pin_data.o
 .comment       0x00000049       0x4a ./ra_gen/vector_data.o
 .comment       0x00000049       0x4a ./ra/fsp/src/r_sci_uart/r_sci_uart.o
 .comment       0x00000049       0x4a ./ra/fsp/src/r_rtc/r_rtc.o
 .comment       0x00000049       0x4a ./ra/fsp/src/r_lvd/r_lvd.o
 .comment       0x00000049       0x4a ./ra/fsp/src/r_ioport/r_ioport.o
 .comment       0x00000049       0x4a ./ra/fsp/src/r_flash_hp/r_flash_hp.o
 .comment       0x00000049       0x4a ./ra/fsp/src/r_agt/r_agt.o
 .comment       0x00000049       0x4a ./ra/fsp/src/bsp/mcu/all/bsp_clocks.o
 .comment       0x00000049       0x4a ./ra/fsp/src/bsp/mcu/all/bsp_common.o
 .comment       0x00000049       0x4a ./ra/fsp/src/bsp/mcu/all/bsp_delay.o
 .comment       0x00000049       0x4a ./ra/fsp/src/bsp/mcu/all/bsp_group_irq.o
 .comment       0x00000049       0x4a ./ra/fsp/src/bsp/mcu/all/bsp_io.o
 .comment       0x00000049       0x4a ./ra/fsp/src/bsp/mcu/all/bsp_irq.o
 .comment       0x00000049       0x4a ./ra/fsp/src/bsp/mcu/all/bsp_register_protection.o
 .comment       0x00000049       0x4a ./ra/fsp/src/bsp/mcu/all/bsp_rom_registers.o
 .comment       0x00000049       0x4a ./ra/fsp/src/bsp/mcu/all/bsp_sbrk.o
 .comment       0x00000049       0x4a ./ra/fsp/src/bsp/cmsis/Device/RENESAS/Source/startup.o
 .comment       0x00000049       0x4a ./ra/fsp/src/bsp/cmsis/Device/RENESAS/Source/system.o

.debug_info     0x00000000    0x5799e
 .debug_info    0x00000000     0x2320 ./src/SEGGER_RTT/SEGGER_RTT.o
 .debug_info    0x00002320      0x6b0 ./src/SEGGER_RTT/SEGGER_RTT_printf.o
 .debug_info    0x000029d0      0x136 ./src/DLMScrc.o
 .debug_info    0x00002b06     0x3a43 ./src/Wrapper.o
 .debug_info    0x00006549      0x1b7 ./src/crc.o
 .debug_info    0x00006700     0x419a ./src/flash_hp_ep.o
 .debug_info    0x0000a89a     0x58d7 ./src/gsm.o
 .debug_info    0x00010171     0x783c ./src/hal_entry.o
 .debug_info    0x000179ad     0x36a3 ./src/uart_LTE.o
 .debug_info    0x0001b050     0x10b0 ./ra_gen/common_data.o
 .debug_info    0x0001c100     0x6498 ./ra_gen/hal_data.o
 .debug_info    0x00022598       0xaa ./ra_gen/main.o
 .debug_info    0x00022642      0x839 ./ra_gen/pin_data.o
 .debug_info    0x00022e7b      0x6a1 ./ra_gen/vector_data.o
 .debug_info    0x0002351c     0x91e8 ./ra/fsp/src/r_sci_uart/r_sci_uart.o
 .debug_info    0x0002c704     0x4301 ./ra/fsp/src/r_rtc/r_rtc.o
 .debug_info    0x00030a05     0x58fa ./ra/fsp/src/r_lvd/r_lvd.o
 .debug_info    0x000362ff     0x64e6 ./ra/fsp/src/r_ioport/r_ioport.o
 .debug_info    0x0003c7e5     0x832f ./ra/fsp/src/r_flash_hp/r_flash_hp.o
 .debug_info    0x00044b14     0x6a42 ./ra/fsp/src/r_agt/r_agt.o
 .debug_info    0x0004b556     0x426c ./ra/fsp/src/bsp/mcu/all/bsp_clocks.o
 .debug_info    0x0004f7c2      0x88d ./ra/fsp/src/bsp/mcu/all/bsp_common.o
 .debug_info    0x0005004f      0x1d1 ./ra/fsp/src/bsp/mcu/all/bsp_delay.o
 .debug_info    0x00050220     0x135a ./ra/fsp/src/bsp/mcu/all/bsp_group_irq.o
 .debug_info    0x0005157a       0xa3 ./ra/fsp/src/bsp/mcu/all/bsp_io.o
 .debug_info    0x0005161d     0x1b5d ./ra/fsp/src/bsp/mcu/all/bsp_irq.o
 .debug_info    0x0005317a     0x37b8 ./ra/fsp/src/bsp/mcu/all/bsp_register_protection.o
 .debug_info    0x00056932      0x1a8 ./ra/fsp/src/bsp/mcu/all/bsp_rom_registers.o
 .debug_info    0x00056ada      0x13b ./ra/fsp/src/bsp/mcu/all/bsp_sbrk.o
 .debug_info    0x00056c15      0x4ef ./ra/fsp/src/bsp/cmsis/Device/RENESAS/Source/startup.o
 .debug_info    0x00057104      0x89a ./ra/fsp/src/bsp/cmsis/Device/RENESAS/Source/system.o

.debug_abbrev   0x00000000     0x564b
 .debug_abbrev  0x00000000      0x345 ./src/SEGGER_RTT/SEGGER_RTT.o
 .debug_abbrev  0x00000345      0x287 ./src/SEGGER_RTT/SEGGER_RTT_printf.o
 .debug_abbrev  0x000005cc       0xd9 ./src/DLMScrc.o
 .debug_abbrev  0x000006a5      0x394 ./src/Wrapper.o
 .debug_abbrev  0x00000a39      0x128 ./src/crc.o
 .debug_abbrev  0x00000b61      0x47d ./src/flash_hp_ep.o
 .debug_abbrev  0x00000fde      0x5b0 ./src/gsm.o
 .debug_abbrev  0x0000158e      0x585 ./src/hal_entry.o
 .debug_abbrev  0x00001b13      0x365 ./src/uart_LTE.o
 .debug_abbrev  0x00001e78      0x150 ./ra_gen/common_data.o
 .debug_abbrev  0x00001fc8      0x2d3 ./ra_gen/hal_data.o
 .debug_abbrev  0x0000229b       0x66 ./ra_gen/main.o
 .debug_abbrev  0x00002301       0xdc ./ra_gen/pin_data.o
 .debug_abbrev  0x000023dd       0xa7 ./ra_gen/vector_data.o
 .debug_abbrev  0x00002484      0x5b7 ./ra/fsp/src/r_sci_uart/r_sci_uart.o
 .debug_abbrev  0x00002a3b      0x597 ./ra/fsp/src/r_rtc/r_rtc.o
 .debug_abbrev  0x00002fd2      0x542 ./ra/fsp/src/r_lvd/r_lvd.o
 .debug_abbrev  0x00003514      0x428 ./ra/fsp/src/r_ioport/r_ioport.o
 .debug_abbrev  0x0000393c      0x5ff ./ra/fsp/src/r_flash_hp/r_flash_hp.o
 .debug_abbrev  0x00003f3b      0x535 ./ra/fsp/src/r_agt/r_agt.o
 .debug_abbrev  0x00004470      0x2e7 ./ra/fsp/src/bsp/mcu/all/bsp_clocks.o
 .debug_abbrev  0x00004757      0x177 ./ra/fsp/src/bsp/mcu/all/bsp_common.o
 .debug_abbrev  0x000048ce      0x111 ./ra/fsp/src/bsp/mcu/all/bsp_delay.o
 .debug_abbrev  0x000049df      0x252 ./ra/fsp/src/bsp/mcu/all/bsp_group_irq.o
 .debug_abbrev  0x00004c31       0x5e ./ra/fsp/src/bsp/mcu/all/bsp_io.o
 .debug_abbrev  0x00004c8f      0x251 ./ra/fsp/src/bsp/mcu/all/bsp_irq.o
 .debug_abbrev  0x00004ee0      0x264 ./ra/fsp/src/bsp/mcu/all/bsp_register_protection.o
 .debug_abbrev  0x00005144       0x4d ./ra/fsp/src/bsp/mcu/all/bsp_rom_registers.o
 .debug_abbrev  0x00005191       0xcc ./ra/fsp/src/bsp/mcu/all/bsp_sbrk.o
 .debug_abbrev  0x0000525d      0x175 ./ra/fsp/src/bsp/cmsis/Device/RENESAS/Source/startup.o
 .debug_abbrev  0x000053d2      0x279 ./ra/fsp/src/bsp/cmsis/Device/RENESAS/Source/system.o

.debug_loc      0x00000000     0xe717
 .debug_loc     0x00000000     0x301d ./src/SEGGER_RTT/SEGGER_RTT.o
 .debug_loc     0x0000301d      0x8ef ./src/SEGGER_RTT/SEGGER_RTT_printf.o
 .debug_loc     0x0000390c       0xb3 ./src/DLMScrc.o
 .debug_loc     0x000039bf      0x3b4 ./src/Wrapper.o
 .debug_loc     0x00003d73      0x1e3 ./src/crc.o
 .debug_loc     0x00003f56      0x3f1 ./src/flash_hp_ep.o
 .debug_loc     0x00004347      0xd27 ./src/gsm.o
 .debug_loc     0x0000506e     0x1b65 ./src/hal_entry.o
 .debug_loc     0x00006bd3      0x172 ./src/uart_LTE.o
 .debug_loc     0x00006d45     0x1545 ./ra/fsp/src/r_sci_uart/r_sci_uart.o
 .debug_loc     0x0000828a      0xe52 ./ra/fsp/src/r_rtc/r_rtc.o
 .debug_loc     0x000090dc      0x84b ./ra/fsp/src/r_lvd/r_lvd.o
 .debug_loc     0x00009927      0xdfe ./ra/fsp/src/r_ioport/r_ioport.o
 .debug_loc     0x0000a725     0x29c1 ./ra/fsp/src/r_flash_hp/r_flash_hp.o
 .debug_loc     0x0000d0e6      0xe78 ./ra/fsp/src/r_agt/r_agt.o
 .debug_loc     0x0000df5e      0x191 ./ra/fsp/src/bsp/mcu/all/bsp_clocks.o
 .debug_loc     0x0000e0ef       0x22 ./ra/fsp/src/bsp/mcu/all/bsp_common.o
 .debug_loc     0x0000e111      0x178 ./ra/fsp/src/bsp/mcu/all/bsp_delay.o
 .debug_loc     0x0000e289       0xaa ./ra/fsp/src/bsp/mcu/all/bsp_group_irq.o
 .debug_loc     0x0000e333      0x121 ./ra/fsp/src/bsp/mcu/all/bsp_irq.o
 .debug_loc     0x0000e454      0x105 ./ra/fsp/src/bsp/mcu/all/bsp_register_protection.o
 .debug_loc     0x0000e559      0x11a ./ra/fsp/src/bsp/mcu/all/bsp_sbrk.o
 .debug_loc     0x0000e673       0xa4 ./ra/fsp/src/bsp/cmsis/Device/RENESAS/Source/system.o

.debug_aranges  0x00000000      0xa38
 .debug_aranges
                0x00000000      0x128 ./src/SEGGER_RTT/SEGGER_RTT.o
 .debug_aranges
                0x00000128       0x38 ./src/SEGGER_RTT/SEGGER_RTT_printf.o
 .debug_aranges
                0x00000160       0x20 ./src/DLMScrc.o
 .debug_aranges
                0x00000180       0x40 ./src/Wrapper.o
 .debug_aranges
                0x000001c0       0x28 ./src/crc.o
 .debug_aranges
                0x000001e8       0x58 ./src/flash_hp_ep.o
 .debug_aranges
                0x00000240      0x148 ./src/gsm.o
 .debug_aranges
                0x00000388       0x78 ./src/hal_entry.o
 .debug_aranges
                0x00000400       0x50 ./src/uart_LTE.o
 .debug_aranges
                0x00000450       0x20 ./ra_gen/common_data.o
 .debug_aranges
                0x00000470       0x20 ./ra_gen/hal_data.o
 .debug_aranges
                0x00000490       0x20 ./ra_gen/main.o
 .debug_aranges
                0x000004b0       0x18 ./ra_gen/pin_data.o
 .debug_aranges
                0x000004c8       0x18 ./ra_gen/vector_data.o
 .debug_aranges
                0x000004e0       0x90 ./ra/fsp/src/r_sci_uart/r_sci_uart.o
 .debug_aranges
                0x00000570       0x80 ./ra/fsp/src/r_rtc/r_rtc.o
 .debug_aranges
                0x000005f0       0x58 ./ra/fsp/src/r_lvd/r_lvd.o
 .debug_aranges
                0x00000648       0x98 ./ra/fsp/src/r_ioport/r_ioport.o
 .debug_aranges
                0x000006e0      0x128 ./ra/fsp/src/r_flash_hp/r_flash_hp.o
 .debug_aranges
                0x00000808       0x80 ./ra/fsp/src/r_agt/r_agt.o
 .debug_aranges
                0x00000888       0x48 ./ra/fsp/src/bsp/mcu/all/bsp_clocks.o
 .debug_aranges
                0x000008d0       0x30 ./ra/fsp/src/bsp/mcu/all/bsp_common.o
 .debug_aranges
                0x00000900       0x28 ./ra/fsp/src/bsp/mcu/all/bsp_delay.o
 .debug_aranges
                0x00000928       0x28 ./ra/fsp/src/bsp/mcu/all/bsp_group_irq.o
 .debug_aranges
                0x00000950       0x18 ./ra/fsp/src/bsp/mcu/all/bsp_io.o
 .debug_aranges
                0x00000968       0x20 ./ra/fsp/src/bsp/mcu/all/bsp_irq.o
 .debug_aranges
                0x00000988       0x28 ./ra/fsp/src/bsp/mcu/all/bsp_register_protection.o
 .debug_aranges
                0x000009b0       0x18 ./ra/fsp/src/bsp/mcu/all/bsp_rom_registers.o
 .debug_aranges
                0x000009c8       0x20 ./ra/fsp/src/bsp/mcu/all/bsp_sbrk.o
 .debug_aranges
                0x000009e8       0x28 ./ra/fsp/src/bsp/cmsis/Device/RENESAS/Source/startup.o
 .debug_aranges
                0x00000a10       0x28 ./ra/fsp/src/bsp/cmsis/Device/RENESAS/Source/system.o

.debug_ranges   0x00000000     0x2a18
 .debug_ranges  0x00000000      0x5e8 ./src/SEGGER_RTT/SEGGER_RTT.o
 .debug_ranges  0x000005e8       0x78 ./src/SEGGER_RTT/SEGGER_RTT_printf.o
 .debug_ranges  0x00000660       0x30 ./src/DLMScrc.o
 .debug_ranges  0x00000690       0x30 ./src/Wrapper.o
 .debug_ranges  0x000006c0       0x30 ./src/crc.o
 .debug_ranges  0x000006f0       0x78 ./src/flash_hp_ep.o
 .debug_ranges  0x00000768      0x358 ./src/gsm.o
 .debug_ranges  0x00000ac0      0x230 ./src/hal_entry.o
 .debug_ranges  0x00000cf0       0x40 ./src/uart_LTE.o
 .debug_ranges  0x00000d30       0x10 ./ra_gen/common_data.o
 .debug_ranges  0x00000d40       0x10 ./ra_gen/hal_data.o
 .debug_ranges  0x00000d50       0x10 ./ra_gen/main.o
 .debug_ranges  0x00000d60      0x728 ./ra/fsp/src/r_sci_uart/r_sci_uart.o
 .debug_ranges  0x00001488      0x600 ./ra/fsp/src/r_rtc/r_rtc.o
 .debug_ranges  0x00001a88      0x1f0 ./ra/fsp/src/r_lvd/r_lvd.o
 .debug_ranges  0x00001c78      0x160 ./ra/fsp/src/r_ioport/r_ioport.o
 .debug_ranges  0x00001dd8      0x6c8 ./ra/fsp/src/r_flash_hp/r_flash_hp.o
 .debug_ranges  0x000024a0      0x2d0 ./ra/fsp/src/r_agt/r_agt.o
 .debug_ranges  0x00002770      0x128 ./ra/fsp/src/bsp/mcu/all/bsp_clocks.o
 .debug_ranges  0x00002898       0x20 ./ra/fsp/src/bsp/mcu/all/bsp_common.o
 .debug_ranges  0x000028b8       0x18 ./ra/fsp/src/bsp/mcu/all/bsp_delay.o
 .debug_ranges  0x000028d0       0x58 ./ra/fsp/src/bsp/mcu/all/bsp_group_irq.o
 .debug_ranges  0x00002928       0x68 ./ra/fsp/src/bsp/mcu/all/bsp_irq.o
 .debug_ranges  0x00002990       0x48 ./ra/fsp/src/bsp/mcu/all/bsp_register_protection.o
 .debug_ranges  0x000029d8       0x10 ./ra/fsp/src/bsp/mcu/all/bsp_sbrk.o
 .debug_ranges  0x000029e8       0x18 ./ra/fsp/src/bsp/cmsis/Device/RENESAS/Source/startup.o
 .debug_ranges  0x00002a00       0x18 ./ra/fsp/src/bsp/cmsis/Device/RENESAS/Source/system.o

.debug_line     0x00000000    0x10fa6
 .debug_line    0x00000000     0x1975 ./src/SEGGER_RTT/SEGGER_RTT.o
 .debug_line    0x00001975      0x6c1 ./src/SEGGER_RTT/SEGGER_RTT_printf.o
 .debug_line    0x00002036      0x193 ./src/DLMScrc.o
 .debug_line    0x000021c9      0x75b ./src/Wrapper.o
 .debug_line    0x00002924      0x203 ./src/crc.o
 .debug_line    0x00002b27      0xa28 ./src/flash_hp_ep.o
 .debug_line    0x0000354f     0x16e9 ./src/gsm.o
 .debug_line    0x00004c38     0x1ebf ./src/hal_entry.o
 .debug_line    0x00006af7      0x68f ./src/uart_LTE.o
 .debug_line    0x00007186      0x2e4 ./ra_gen/common_data.o
 .debug_line    0x0000746a      0x494 ./ra_gen/hal_data.o
 .debug_line    0x000078fe       0x5e ./ra_gen/main.o
 .debug_line    0x0000795c      0x1b8 ./ra_gen/pin_data.o
 .debug_line    0x00007b14       0xf9 ./ra_gen/vector_data.o
 .debug_line    0x00007c0d     0x1624 ./ra/fsp/src/r_sci_uart/r_sci_uart.o
 .debug_line    0x00009231     0x163e ./ra/fsp/src/r_rtc/r_rtc.o