Archive member included to satisfy reference by file (symbol)

lib/libbootloader.a(boot_platform_8910.c.obj)
                              (--whole-archive)
lib/libbootloader.a(boot_secure.c.obj)
                              (--whole-archive)
lib/libbootloader.a(boot_entry_v7a.S.obj)
                              (--whole-archive)
lib/libbootloader.a(boot_sffs_port.c.obj)
                              (--whole-archive)
lib/libbootloader.a(boot_stub.c.obj)
                              (--whole-archive)
lib/libbootloader.a(boot_delay.c.obj)
                              (--whole-archive)
lib/libbootloader.a(boot_mem.c.obj)
                              (--whole-archive)
lib/libbootloader.a(boot_spi_flash.c.obj)
                              (--whole-archive)
lib/libbootloader.a(boot_debuguart.c.obj)
                              (--whole-archive)
lib/libbootloader.a(boot_trace.c.obj)
                              (--whole-archive)
lib/libbootloader.a(boot_fdl.c.obj)
                              (--whole-archive)
lib/libbootloader.a(boot_fdl_dnld.c.obj)
                              (--whole-archive)
lib/libbootloader.a(boot_aes.c.obj)
                              (--whole-archive)
lib/libbootloader.a(boot_vfs.c.obj)
                              (--whole-archive)
lib/libbootloader.a(boot_irq.c.obj)
                              (--whole-archive)
lib/libbootloader.a(boot_timer.c.obj)
                              (--whole-archive)
lib/libbootloader.a(boot_uart.c.obj)
                              (--whole-archive)
lib/libbootloader.a(boot_uart_cmn.c.obj)
                              (--whole-archive)
lib/libbootloader.a(boot_mmu.c.obj)
                              (--whole-archive)
lib/libbootloader.a(boot_uimage.c.obj)
                              (--whole-archive)
lib/libbootloader.a(boot_udc.c.obj)
                              (--whole-archive)
lib/libbootloader.a(boot_usb_fdl_channel.c.obj)
                              (--whole-archive)
lib/libbootloader.a(boot_pdl.c.obj)
                              (--whole-archive)
lib/libbootloader.a(boot_pdl_uimage.c.obj)
                              (--whole-archive)
lib/libbootloader.a(boot_adi_bus.c.obj)
                              (--whole-archive)
lib/libbootloader.a(boot_log.c.obj)
                              (--whole-archive)
lib/libhal.a(hal_clock_init.c.obj)
                              components/bootloader/CMakeFiles/fdl1.dir/fdl1/fdl1_main.c.obj (halClockInit)
lib/libhal.a(hal_chip_8910.c.obj)
                              lib/libbootloader.a(boot_usb_fdl_channel.c.obj) (osiDCacheClean)
lib/libhal.a(hal_efuse_8910.c.obj)
                              lib/libbootloader.a(boot_secure.c.obj) (halEfuseOpen)
lib/libhal.a(hal_delay.c.obj)
                              components/bootloader/CMakeFiles/fdl1.dir/fdl1/fdl1_main.c.obj (osiDelayUS)
lib/libhal.a(hal_iomux.c.obj)
                              lib/libhal.a(hal_chip_8910.c.obj) (halIomuxSetFunction)
lib/libhal.a(hal_reg_apply.c.obj)
                              lib/libhal.a(hal_clock_init.c.obj) (halApplyRegisters)
lib/libhal.a(hal_chip.c.obj)  lib/libbootloader.a(boot_uart.c.obj) (halCalcDivider20)
lib/libhal.a(hal_hwspinlock.c.obj)
                              lib/libhal.a(hal_efuse_8910.c.obj) (halHwspinlockAcquire)
lib/libhal.a(hal_spi_flash.c.obj)
                              lib/libbootloader.a(boot_spi_flash.c.obj) (halSpiFlashPageProgram)
lib/libhal.a(hal_blue_screen.c.obj)
                              lib/libbootloader.a(boot_platform_8910.c.obj) (halBlueScreenSaveContext)
lib/libosi_lib.a(osi_fifo.c.obj)
                              lib/libbootloader.a(boot_usb_fdl_channel.c.obj) (osiFifoInit)
../../components/newlib/armca5/libc.a(lib_a-impure.o)
                              components/bootloader/CMakeFiles/fdl1.dir/fdl1/fdl1_main.c.obj (_global_impure_ptr)
../../components/newlib/armca5/libc.a(lib_a-memcmp.o)
                              lib/libbootloader.a(boot_secure.c.obj) (memcmp)
../../components/newlib/armca5/libc.a(lib_a-memcpy-stub.o)
                              components/bootloader/CMakeFiles/fdl1.dir/fdl1/fdl1_main.c.obj (memcpy)
../../components/newlib/armca5/libc.a(lib_a-memset.o)
                              components/bootloader/CMakeFiles/fdl1.dir/fdl1/fdl1_main.c.obj (memset)
../../components/newlib/armca5/libc.a(lib_a-snprintf.o)
                              lib/libbootloader.a(boot_fdl_dnld.c.obj) (snprintf)
../../components/newlib/armca5/libc.a(lib_a-strcat.o)
                              lib/libbootloader.a(boot_vfs.c.obj) (strcat)
../../components/newlib/armca5/libc.a(lib_a-strchr.o)
                              lib/libbootloader.a(boot_vfs.c.obj) (strchr)
../../components/newlib/armca5/libc.a(lib_a-strcpy.o)
                              ../../components/newlib/armca5/libc.a(lib_a-strcat.o) (strcpy)
../../components/newlib/armca5/libc.a(lib_a-strdup.o)
                              lib/libbootloader.a(boot_vfs.c.obj) (strdup)
[...]
Memory Configuration

Name             Origin             Length             Attributes
sram             0x00800100         0x0000ff00         xrw
*default*        0x00000000         0xffffffff

Linker script and memory map

LOAD components/bootloader/CMakeFiles/fdl1.dir/fdl1/fdl1_main.c.obj
LOAD lib/libbootloader.a
START GROUP
LOAD lib/libhal.a
LOAD lib/libosi_lib.a
END GROUP
LOAD ../../components/newlib/armca5/libc.a
LOAD ../../prebuilts/win32/gcc-arm-none-eabi/bin/../lib/gcc/arm-none-eabi/7.2.1/thumb/v7-ar/fpv3/hard/libgcc.a
LOAD lib/libfupdate_core.a
LOAD lib/libboot_ex_ql.a
LOAD lib/libboot_ex_fat_rdonly.a
LOAD lib/libboot_ex_sdmmc.a
LOAD lib/libboot_ex_spi6nor.a
LOAD lib/libboot_ex_ql_pin.a
LOAD ../../components/libs/boot_encrypt/libboot_encrypt.a
LOAD lib/libcalclib.a
LOAD lib/libhal.a
LOAD lib/libdriver.a
LOAD lib/libhal_prop.a
LOAD lib/libdriver_lcd.a
LOAD lib/liboql_core_boot_virt_func.a
LOAD lib/libdriver_camera.a
LOAD lib/libhal.a
LOAD lib/libdriver.a
LOAD lib/libhal_prop.a
LOAD lib/libdriver_lcd.a
LOAD lib/liboql_core_boot_virt_func.a
LOAD lib/libdriver_camera.a

.text           0x00800100     0x2b80
                0x00800100                __text_start = .
 *(BOOT_ENTRY)
 BOOT_ENTRY     0x00800100      0x184 lib/libbootloader.a(boot_entry_v7a.S.obj)
                0x008001b0                bootEntry
                0x0080021c                bootJumpImageEntry
 SORT_BY_NAME(*)(.sramboottext .sramboottext.*)
 .sramboottext  0x00800284       0x6c lib/libhal.a(hal_delay.c.obj)
                0x00800284                osiDelayLoops
                0x00800290                osiDelayUS
                0x008002b0                osiDebugEvent
                0x008002e4                osiHWTick16K
 .sramboottext  0x008002f0       0x56 lib/libhal.a(hal_reg_apply.c.obj)
                0x008002f0                halApplyRegisters
                0x00800322                halApplyRegisterList
 SORT_BY_NAME(*)(.sramtext .sramtext.*)
 .sramtext      0x00800346       0x1e lib/libhal.a(hal_chip_8910.c.obj)
                0x00800346                uxPortSetInterruptMaskFromISR
                0x00800346                vPortDisableInterrupts
                0x00800346                uxPortEnterCritical
                0x00800346                osiEnterCritical
                0x00800346                osiIrqSave
                0x00800356                osiExitCritical
                0x00800356                osiIrqRestore
                0x00800356                vPortExitCritical
                0x00800356                vPortClearInterruptMaskFromISR
 SORT_BY_NAME(*)(.ramtext .ramtext.*)
 .ramtext.osi_log.430
                0x00800364       0x98 lib/libbootloader.a(boot_log.c.obj)
 .ramtext.osi_log.521
                0x008003fc       0x24 lib/libbootloader.a(boot_log.c.obj)
                0x008003fc                osiTraceBasic
                0x008003fc                boot_osiTraceBasic
 SORT_BY_NAME(*)(.text .text.* .gnu.linkonce.t.* .rdata .rodata .rodata.* .rodata1 .gnu.linkonce.r.*)
 .rodata._global_impure_ptr
                0x00800420        0x4 ../../components/newlib/armca5/libc.a(lib_a-impure.o)
                0x00800420                _global_impure_ptr
 .text.memcmp   0x00800424       0x5c ../../components/newlib/armca5/libc.a(lib_a-memcmp.o)
                0x00800424                memcmp
 .text.memcpy   0x00800480       0xc8 ../../components/newlib/armca5/libc.a(lib_a-memcpy-stub.o)
                0x00800480                memcpy
 .text.memset   0x00800548       0xa8 ../../components/newlib/armca5/libc.a(lib_a-memset.o)
                0x00800548                memset
 *fill*         0x008005f0       0x10 
 .text          0x00800600       0xdc ../../components/newlib/armca5/libc.a(lib_a-strlen.o)
                0x00800600                strlen
 .text          0x008006dc        0x4 ../../prebuilts/win32/gcc-arm-none-eabi/bin/../lib/gcc/arm-none-eabi/7.2.1/thumb/v7-ar/fpv3/hard/libgcc.a(_dvmd_tls.o)
                0x008006dc                __aeabi_idiv0
                0x008006dc                __aeabi_ldiv0
 .text          0x008006e0      0x278 ../../prebuilts/win32/gcc-arm-none-eabi/bin/../lib/gcc/arm-none-eabi/7.2.1/thumb/v7-ar/fpv3/hard/libgcc.a(_udivsi3.o)
                0x008006e0                __aeabi_uidiv
                0x008006e0                __udivsi3
                0x0080093c                __aeabi_uidivmod
 .text.prvProcess
                0x00800958      0x1a4 components/bootloader/CMakeFiles/fdl1.dir/fdl1/fdl1_main.c.obj
 .text.bootStart
                0x00800afc      0x1ec components/bootloader/CMakeFiles/fdl1.dir/fdl1/fdl1_main.c.obj
                0x00800afc                bootStart
 .rodata.bootStart.str1.1
                0x00800ce8       0x78 components/bootloader/CMakeFiles/fdl1.dir/fdl1/fdl1_main.c.obj
 .rodata.prvProcess.str1.1
                0x00800d60       0xf0 components/bootloader/CMakeFiles/fdl1.dir/fdl1/fdl1_main.c.obj
 .text.bootAdiBusInit
                0x00800e50       0x28 lib/libbootloader.a(boot_adi_bus.c.obj)
                0x00800e50                bootAdiBusInit
                0x00800e50                halAdiBusInit
 .text.bootAdiBusRead
                0x00800e78       0x2c lib/libbootloader.a(boot_adi_bus.c.obj)
                0x00800e78                halAdiBusRead
                0x00800e78                bootAdiBusRead
 .text.bootAdiBusWrite
                0x00800ea4       0x1c lib/libbootloader.a(boot_adi_bus.c.obj)
                0x00800ea4                halAdiBusWrite
                0x00800ea4                bootAdiBusWrite
 .text.bootAdiBusBatchChange
                0x00800ec0       0x78 lib/libbootloader.a(boot_adi_bus.c.obj)
                0x00800ec0                bootAdiBusBatchChange
                0x00800ec0                halAdiBusBatchChange
 .text.bootAdiBusChange
                0x00800f38        0x6 lib/libbootloader.a(boot_adi_bus.c.obj)
                0x00800f38                halAdiBusChange
                0x00800f38                bootAdiBusChange
 *fill*         0x00800f3e        0x2 
 .rodata        0x00800f40        0x4 lib/libbootloader.a(boot_adi_bus.c.obj)
 .text.bootDebuguartInit
                0x00800f44       0x3c lib/libbootloader.a(boot_debuguart.c.obj)
                0x00800f44                bootDebuguartInit
 .text.bootDebuguartWrite
                0x00800f80       0x34 lib/libbootloader.a(boot_debuguart.c.obj)
                0x00800f80                bootDebuguartWrite
 .text.bootDebuguartWriteAll
                0x00800fb4       0x2e lib/libbootloader.a(boot_debuguart.c.obj)
                0x00800fb4                bootDebuguartWriteAll
 .text.bootPanic
                0x00800fe2        0x2 lib/libbootloader.a(boot_delay.c.obj)
                0x00800fe2                osiPanic
                0x00800fe2                bootPanic
 .text.bootElapsedTimerStart
                0x00800fe4       0x10 lib/libbootloader.a(boot_delay.c.obj)
                0x00800fe4                osiElapsedTimerStart
                0x00800fe4                bootElapsedTimerStart
 .text.bootElapsedTimeUS
                0x00800ff4       0x14 lib/libbootloader.a(boot_delay.c.obj)
                0x00800ff4                bootElapsedTimeUS
                0x00800ff4                osiElapsedTimeUS
 .text._fdl_read.isra.1
                0x00801008       0x2e lib/libbootloader.a(boot_fdl.c.obj)
 .text._fdl_write_all.isra.2
                0x00801036       0x1c lib/libbootloader.a(boot_fdl.c.obj)
 .text._calc_crc16_frm
                0x00801052       0x4e lib/libbootloader.a(boot_fdl.c.obj)
                0x00801052                _calc_crc16_frm
 .text.fdlEngineCreate
                0x008010a0       0x34 lib/libbootloader.a(boot_fdl.c.obj)
                0x008010a0                fdlEngineCreate
 .text.fdlEngineReadRaw
                0x008010d4        0xe lib/libbootloader.a(boot_fdl.c.obj)
                0x008010d4                fdlEngineReadRaw
 .text.fdlEngineSendPacket
                0x008010e2      0x114 lib/libbootloader.a(boot_fdl.c.obj)
                0x008010e2                fdlEngineSendPacket
 *fill*         0x008011f6        0x2 
 .text.fdlEngineSendVersion
                0x008011f8       0x40 lib/libbootloader.a(boot_fdl.c.obj)
                0x008011f8                fdlEngineSendVersion
 .text.fdlEngineSendRespNoData
                0x00801238       0x1a lib/libbootloader.a(boot_fdl.c.obj)
                0x00801238                fdlEngineSendRespNoData
 .text.fdlEngineSetBaud
                0x00801252        0xa lib/libbootloader.a(boot_fdl.c.obj)
                0x00801252                fdlEngineSetBaud
 .text.fdlEngineProcess
                0x0080125c      0x178 lib/libbootloader.a(boot_fdl.c.obj)
                0x0080125c                fdlEngineProcess
 .rodata.fdlEngineCreate.str1.1
                0x008013d4       0x23 lib/libbootloader.a(boot_fdl.c.obj)
 .rodata.fdlEngineProcess.str1.1
                0x008013f7       0x7e lib/libbootloader.a(boot_fdl.c.obj)
 .rodata.fdlEngineSendVersion.str1.1
                0x00801475       0x22 lib/libbootloader.a(boot_fdl.c.obj)
 *fill*         0x00801497        0x1 
 .text.bootIrqHandler
                0x00801498       0x1c lib/libbootloader.a(boot_irq.c.obj)
                0x00801498                bootIrqHandler
 .text._heap_malloc
                0x008014b4       0x38 lib/libbootloader.a(boot_mem.c.obj)
 .text._heap_calloc
                0x008014ec       0x26 lib/libbootloader.a(boot_mem.c.obj)
 .text._heap_free
                0x00801512       0x76 lib/libbootloader.a(boot_mem.c.obj)
 .text.bootHeapInit
                0x00801588       0x48 lib/libbootloader.a(boot_mem.c.obj)
                0x00801588                bootHeapInit
 .text.bootFree
                0x008015d0       0x38 lib/libbootloader.a(boot_mem.c.obj)
                0x008015d0                bootFree
 .text.malloc   0x00801608       0x10 lib/libbootloader.a(boot_mem.c.obj)
                0x00801608                malloc
 .text.calloc   0x00801618       0x10 lib/libbootloader.a(boot_mem.c.obj)
                0x00801618                calloc
 .text.free     0x00801628        0x4 lib/libbootloader.a(boot_mem.c.obj)
                0x00801628                free
 .text.bootResetPinEnable
                0x0080162c       0x44 lib/libbootloader.a(boot_platform_8910.c.obj)
                0x0080162c                bootResetPinEnable
 .text.bootBlueScreen
                0x00801670        0xc lib/libbootloader.a(boot_platform_8910.c.obj)
                0x00801670                bootBlueScreen
 .text.prvRomHashInit
                0x0080167c       0x10 lib/libbootloader.a(boot_secure.c.obj)
 .text.prvRomHashUpdate
                0x0080168c        0xc lib/libbootloader.a(boot_secure.c.obj)
 .text.prvSecureInit
                0x00801698       0x8c lib/libbootloader.a(boot_secure.c.obj)
 .text.prvEmbeddedSigCheck
                0x00801724      0x100 lib/libbootloader.a(boot_secure.c.obj)
 .text.bootSecureBootEnable
                0x00801824       0x28 lib/libbootloader.a(boot_secure.c.obj)
                0x00801824                bootSecureBootEnable
 .text.bootSecureUimageSigCheck
                0x0080184c       0x22 lib/libbootloader.a(boot_secure.c.obj)
                0x0080184c                bootSecureUimageSigCheck
 .rodata.prvEmbeddedSigCheck.str1.1
                0x0080186e       0x10 lib/libbootloader.a(boot_secure.c.obj)
 *fill*         0x0080187e        0x2 
 .text.bootTimerISR
                0x00801880       0x1c lib/libbootloader.a(boot_timer.c.obj)
                0x00801880                bootTimerISR
 .text.bootTraceInit
                0x0080189c       0x18 lib/libbootloader.a(boot_trace.c.obj)
                0x0080189c                bootTraceInit
 .text.bootTraceBufPutMulti
                0x008018b4       0x22 lib/libbootloader.a(boot_trace.c.obj)
                0x008018b4                bootTraceBufPutMulti
                0x008018b4                osiTraceBufPutMulti
 .text.prvUartAvail
                0x008018d6        0xa lib/libbootloader.a(boot_uart.c.obj)
 .text.prvUartFlush
                0x008018e0        0x2 lib/libbootloader.a(boot_uart.c.obj)
 .text.prvUartConnected
                0x008018e2        0x4 lib/libbootloader.a(boot_uart.c.obj)
 .text.prvUartDestroy
                0x008018e6        0x4 lib/libbootloader.a(boot_uart.c.obj)
 .text.prvUartBaudSupported
                0x008018ea        0xa lib/libbootloader.a(boot_uart.c.obj)
 .text.bootUartSetBaud
                0x008018f4       0x24 lib/libbootloader.a(boot_uart.c.obj)
                0x008018f4                bootUartSetBaud
 .text.bootUartOpen
                0x00801918       0x94 lib/libbootloader.a(boot_uart.c.obj)
                0x00801918                bootUartOpen
 .text.prvUartSetBaud
                0x008019ac        0x6 lib/libbootloader.a(boot_uart.c.obj)
 .text.bootUartRead
                0x008019b2       0x24 lib/libbootloader.a(boot_uart.c.obj)
                0x008019b2                bootUartRead
 .text.prvUartFlushInput
                0x008019d6       0x18 lib/libbootloader.a(boot_uart.c.obj)
 .text.prvUartRead
                0x008019ee        0x6 lib/libbootloader.a(boot_uart.c.obj)
 .text.bootUartWrite
                0x008019f4       0x2e lib/libbootloader.a(boot_uart.c.obj)
                0x008019f4                bootUartWrite
 .text.prvUartWrite
                0x00801a22        0x6 lib/libbootloader.a(boot_uart.c.obj)
 .text.fdlOpenUart
                0x00801a28       0x7c lib/libbootloader.a(boot_uart.c.obj)
                0x00801a28                fdlOpenUart
 .text._giveBackComplete.isra.1
                0x00801aa4       0x1e lib/libbootloader.a(boot_udc.c.obj)
 *fill*         0x00801ac2        0x2 
 .text._epXferStart
                0x00801ac4      0x140 lib/libbootloader.a(boot_udc.c.obj)
 .text._txFifoFlush.isra.4
                0x00801c04       0x18 lib/libbootloader.a(boot_udc.c.obj)
 .text._epIsr   0x00801c1c      0x18c lib/libbootloader.a(boot_udc.c.obj)
 .text._initUdcCommonConfig.constprop.8
                0x00801da8       0x78 lib/libbootloader.a(boot_udc.c.obj)
 .text._setHwEpMps.isra.0.constprop.9
                0x00801e20       0x2e lib/libbootloader.a(boot_udc.c.obj)
 *fill*         0x00801e4e        0x2 
 .text.bootUdcOpen
                0x00801e50       0xa0 lib/libbootloader.a(boot_udc.c.obj)
                0x00801e50                bootUdcOpen
 .text.bootUdcClose
                0x00801ef0        0x2 lib/libbootloader.a(boot_udc.c.obj)
                0x00801ef0                bootUdcClose
 .text.bootUdcConnected
                0x00801ef2       0x18 lib/libbootloader.a(boot_udc.c.obj)
                0x00801ef2                bootUdcConnected
 *fill*         0x00801f0a        0x2 
 .text.bootUdcIsrPoll
                0x00801f0c       0xd4 lib/libbootloader.a(boot_udc.c.obj)
                0x00801f0c                bootUdcIsrPoll
 .text.bootUdcXferEnqueue
                0x00801fe0       0xa0 lib/libbootloader.a(boot_udc.c.obj)
                0x00801fe0                bootUdcXferEnqueue
 .text.bootUdcXferAlloc
                0x00802080       0x24 lib/libbootloader.a(boot_udc.c.obj)
                0x00802080                bootUdcXferAlloc
 .text.bootUdcXferFree
                0x008020a4        0x6 lib/libbootloader.a(boot_udc.c.obj)
                0x008020a4                bootUdcXferFree
 .text.bootUdcRomSerialInEp
                0x008020aa        0x6 lib/libbootloader.a(boot_udc.c.obj)
                0x008020aa                bootUdcRomSerialInEp
 .text.bootUdcRomSerialOutEp
                0x008020b0        0x8 lib/libbootloader.a(boot_udc.c.obj)
                0x008020b0                bootUdcRomSerialOutEp
 .rodata._epIsr.str1.1
                0x008020b8       0xb7 lib/libbootloader.a(boot_udc.c.obj)
 .rodata._epXferStart.str1.1
                0x0080216f       0x1e lib/libbootloader.a(boot_udc.c.obj)
 .rodata.bootUdcIsrPoll.str1.1
                0x0080218d       0x2e lib/libbootloader.a(boot_udc.c.obj)
 .rodata.bootUdcXferAlloc.str1.1
                0x008021bb       0x1c lib/libbootloader.a(boot_udc.c.obj)
 .rodata.bootUdcXferEnqueue.str1.1
                0x008021d7       0x32 lib/libbootloader.a(boot_udc.c.obj)
 *fill*         0x00802209        0x1 
 .text._setBaud
                0x0080220a        0x4 lib/libbootloader.a(boot_usb_fdl_channel.c.obj)
 .text._flush   0x0080220e        0x2 lib/libbootloader.a(boot_usb_fdl_channel.c.obj)
 .text._connected
                0x00802210        0x6 lib/libbootloader.a(boot_usb_fdl_channel.c.obj)
 *fill*         0x00802216        0x2 
 .text._txComp  0x00802218       0x24 lib/libbootloader.a(boot_usb_fdl_channel.c.obj)
 .text._destroy
                0x0080223c       0x24 lib/libbootloader.a(boot_usb_fdl_channel.c.obj)
 .text._rxComp  0x00802260       0x5c lib/libbootloader.a(boot_usb_fdl_channel.c.obj)
 .text._write   0x008022bc       0xb8 lib/libbootloader.a(boot_usb_fdl_channel.c.obj)
 .text._startRx
                0x00802374       0x54 lib/libbootloader.a(boot_usb_fdl_channel.c.obj)
 .text._poll    0x008023c8       0x34 lib/libbootloader.a(boot_usb_fdl_channel.c.obj)
 .text._flushInput
                0x008023fc       0x14 lib/libbootloader.a(boot_usb_fdl_channel.c.obj)
 .text._read    0x00802410       0x1c lib/libbootloader.a(boot_usb_fdl_channel.c.obj)
 .text._avail   0x0080242c       0x10 lib/libbootloader.a(boot_usb_fdl_channel.c.obj)
 .text.fdlOpenUsbSerial
                0x0080243c      0x110 lib/libbootloader.a(boot_usb_fdl_channel.c.obj)
                0x0080243c                fdlOpenUsbSerial
 .rodata._poll.str1.1
                0x0080254c       0x15 lib/libbootloader.a(boot_usb_fdl_channel.c.obj)
 .rodata._rxComp.str1.1
                0x00802561       0x43 lib/libbootloader.a(boot_usb_fdl_channel.c.obj)
 .rodata._startRx.str1.1
                0x008025a4       0x16 lib/libbootloader.a(boot_usb_fdl_channel.c.obj)
 .rodata._txComp.str1.1
                0x008025ba       0x19 lib/libbootloader.a(boot_usb_fdl_channel.c.obj)
 .rodata._write.str1.1
                0x008025d3       0x39 lib/libbootloader.a(boot_usb_fdl_channel.c.obj)
 .text.halBlueScreenSaveContext
                0x0080260c       0x34 lib/libhal.a(hal_blue_screen.c.obj)
                0x0080260c                halBlueScreenSaveContext
 .text.halCalcDivider20
                0x00802640       0x88 lib/libhal.a(hal_chip.c.obj)
                0x00802640                halCalcDivider20
 .text.osiDCacheClean
                0x008026c8       0x1c lib/libhal.a(hal_chip_8910.c.obj)
                0x008026c8                osiDCacheClean
 .text.osiDCacheInvalidate
                0x008026e4       0x18 lib/libhal.a(hal_chip_8910.c.obj)
                0x008026e4                osiDCacheInvalidate
 .text.osiDCacheCleanInvalidateAll
                0x008026fc       0xac lib/libhal.a(hal_chip_8910.c.obj)
                0x008026fc                osiDCacheCleanInvalidateAll
 .text.prvDelayUS
                0x008027a8       0x14 lib/libhal.a(hal_clock_init.c.obj)
 .text.halClockInit
                0x008027bc      0x23c lib/libhal.a(hal_clock_init.c.obj)
                0x008027bc                halClockInit
 .text.prvEfuseSetDouble
                0x008029f8       0x10 lib/libhal.a(hal_efuse_8910.c.obj)
 .text.halEfuseOpen
                0x00802a08       0x60 lib/libhal.a(hal_efuse_8910.c.obj)
                0x00802a08                halEfuseOpen
 .text.halEfuseClose
                0x00802a68       0x48 lib/libhal.a(hal_efuse_8910.c.obj)
                0x00802a68                halEfuseClose
 .text.halEfuseDoubleRead
                0x00802ab0       0x3c lib/libhal.a(hal_efuse_8910.c.obj)
                0x00802ab0                halEfuseDoubleRead
 .text.halHwspinlockAcquire
                0x00802aec       0x38 lib/libhal.a(hal_hwspinlock.c.obj)
                0x00802aec                halHwspinlockAcquire
 .text.halHwspinlockRelease
                0x00802b24       0x14 lib/libhal.a(hal_hwspinlock.c.obj)
                0x00802b24                halHwspinlockRelease
 .text.halHwspinlockReleaseInCritical
                0x00802b38       0x14 lib/libhal.a(hal_hwspinlock.c.obj)
                0x00802b38                halHwspinlockReleaseInCritical
 .text.quec_mipi_lcd_clk_set
                0x00802b4c       0x14 lib/libhal_prop.a(ql_hal_spi_flash_prop.c.obj)
                0x00802b4c                quec_mipi_lcd_clk_set
 .text._peekInternal
                0x00802b60       0x40 lib/libosi_lib.a(osi_fifo.c.obj)
 .text.osiFifoInit
                0x00802ba0       0x1c lib/libosi_lib.a(osi_fifo.c.obj)
                0x00802ba0                osiFifoInit
 .text.osiFifoPut
                0x00802bbc       0x68 lib/libosi_lib.a(osi_fifo.c.obj)
                0x00802bbc                osiFifoPut
 .text.osiFifoGet
                0x00802c24       0x38 lib/libosi_lib.a(osi_fifo.c.obj)
                0x00802c24                osiFifoGet
 .text.osiFifoReset
                0x00802c5c       0x1a lib/libosi_lib.a(osi_fifo.c.obj)
                0x00802c5c                osiFifoReset
 *fill*         0x00802c76        0x2 
 .text.osiFifoReset.__stub
                0x00802c78        0x8 linker stubs
 *(.rokeep)
                0x00802c80                __text_end = .
                0x00802c80                . = ALIGN (0x20)
 *fill*         0x00802c80        0x0 

.data           0x00802c80      0x680
                0x00802c80                __data_start = .
 SORT_BY_NAME(*)(.sramdata .sramdata.*)
 SORT_BY_NAME(*)(.data .data.* .sdata .sdata.* .data1 .gnu.linkonce.d.*)
 .data._impure_ptr
                0x00802c80        0x4 ../../components/newlib/armca5/libc.a(lib_a-impure.o)
                0x00802c80                _impure_ptr
 *fill*         0x00802c84        0x4 
 .data.impure_data
                0x00802c88      0x428 ../../components/newlib/armca5/libc.a(lib_a-impure.o)
 .data.gBootUarts
                0x008030b0       0x18 lib/libbootloader.a(boot_uart.c.obj)
 .data.gUdc20   0x008030c8      0x210 lib/libbootloader.a(boot_udc.c.obj)
 *(.rwkeep)
 .rwkeep        0x008032d8        0xc lib/libhal.a(hal_blue_screen.c.obj)
                0x008032d8                gGdbRegAddress
                0x008032dc                gCpGdbRegAddress
                0x008032e0                gGdbCtxType
                0x008032e4                __data_end = .
                0x00803300                . = ALIGN (0x20)
 *fill*         0x008032e4       0x1c 

.lastflash      0x00803300        0x0
                0x00803300                . = ALIGN (0x20)

.bss            0x00803300       0xc0
                0x00803300                __bss_start = .
 *(.srambss .srambss.*)
 *(.bss .bss.* COMMON .scommon .sbss .sbss.* .sbss2 .sbss2.* .gnu.linkonce.b.*)
 .bss.gSecureCtx
                0x00803300       0x30 lib/libbootloader.a(boot_secure.c.obj)
 .bss.gDefaultHeap
                0x00803330        0x4 lib/libbootloader.a(boot_mem.c.obj)
 .bss.gExtRamHeap
                0x00803334        0xc lib/libbootloader.a(boot_mem.c.obj)
 .bss.gIramHeap
                0x00803340        0xc lib/libbootloader.a(boot_mem.c.obj)
 .bss.gTimerCb  0x0080334c        0x8 lib/libbootloader.a(boot_timer.c.obj)
 .bss.gTraceEnabled
                0x00803354        0x1 lib/libbootloader.a(boot_log.c.obj)
                0x00803354                gTraceEnabled
 *fill*         0x00803355        0x3 
 COMMON         0x00803358       0x54 lib/libbootloader.a(boot_log.c.obj)
                0x00803358                v_tra_pubModuleControl
                0x0080335c                v_tra_categoryControl
                0x00803360                gTraceSequence
                0x00803364                v_tra_lteModuleControl
                0x00803368                sxs_IoCtx
                0x008033ac                __bss_end = .
                0x008033c0                . = ALIGN (0x20)
 *fill*         0x008033ac       0x14 

.sys_stack      0x008033c0     0x1800
                0x008033c0                __sys_stack_start = .
                0x00804bc0                . = (. + 0x1800)
 *fill*         0x008033c0     0x1800 
                0x00804bc0                __sys_stack_end = .
                0x00804bc0                . = ALIGN (0x20)

.irq_stack      0x00804bc0      0x800
                0x00804bc0                __irq_stack_start = .
                0x008053c0                . = (. + 0x800)
 *fill*         0x00804bc0      0x800 
                0x008053c0                __irq_stack_end = .
                0x008053c0                . = ALIGN (0x20)

.blue_screen    0x008053c0      0x400
                0x008053c0                __blue_screen_start = .
                0x008057c0                . = (. + 0x400)
 *fill*         0x008053c0      0x400 
                0x008057c0                __blue_screen_end = .
                0x008057c0                . = ALIGN (0x20)

.sram_heap      0x008057c0     0xa840
                0x008057c0                __sram_heap_start = .
                0x00810000                . = (ORIGIN (sram) + LENGTH (sram))
 *fill*         0x008057c0     0xa840 
                0x00810000                __sram_heap_end = .
                0x00810000                . = ALIGN (0x20)
                0x00800100                __flash_start = LOADADDR (.text)
                0x00803300                __flash_end = ADDR (.lastflash)
                0x00000001                ASSERT (((__flash_end - 0x8000c0) <= 0xbae0), flash overflow)

.comment        0x00000000       0xf7
 *(.comment)
 .comment       0x00000000       0x7e components/bootloader/CMakeFiles/fdl1.dir/fdl1/fdl1_main.c.obj
                                 0x7f (size before relaxing)
 .comment       0x0000007e       0x7f lib/libbootloader.a(boot_platform_8910.c.obj)
 .comment       0x0000007e       0x7f lib/libbootloader.a(boot_secure.c.obj)
 .comment       0x0000007e       0x7f lib/libbootloader.a(boot_delay.c.obj)
 .comment       0x0000007e       0x7f lib/libbootloader.a(boot_mem.c.obj)
 .comment       0x0000007e       0x7f lib/libbootloader.a(boot_debuguart.c.obj)
 .comment       0x0000007e       0x7f lib/libbootloader.a(boot_trace.c.obj)
 .comment       0x0000007e       0x7f lib/libbootloader.a(boot_fdl.c.obj)
 .comment       0x0000007e       0x7f lib/libbootloader.a(boot_irq.c.obj)
 .comment       0x0000007e       0x7f lib/libbootloader.a(boot_timer.c.obj)
 .comment       0x0000007e       0x7f lib/libbootloader.a(boot_uart.c.obj)
 .comment       0x0000007e       0x7f lib/libbootloader.a(boot_udc.c.obj)
 .comment       0x0000007e       0x7f lib/libbootloader.a(boot_usb_fdl_channel.c.obj)
 .comment       0x0000007e       0x7f lib/libbootloader.a(boot_adi_bus.c.obj)
 .comment       0x0000007e       0x7f lib/libbootloader.a(boot_log.c.obj)
 .comment       0x0000007e       0x7f lib/libhal.a(hal_clock_init.c.obj)
 .comment       0x0000007e       0x7f lib/libhal.a(hal_chip_8910.c.obj)
 .comment       0x0000007e       0x7f lib/libhal.a(hal_efuse_8910.c.obj)
 .comment       0x0000007e       0x7f lib/libhal.a(hal_delay.c.obj)
 .comment       0x0000007e       0x7f lib/libhal.a(hal_reg_apply.c.obj)
 .comment       0x0000007e       0x7f lib/libhal.a(hal_chip.c.obj)
 .comment       0x0000007e       0x7f lib/libhal.a(hal_hwspinlock.c.obj)
 .comment       0x0000007e       0x7f lib/libhal.a(hal_blue_screen.c.obj)
 .comment       0x0000007e       0x7f lib/libosi_lib.a(osi_fifo.c.obj)
 .comment       0x0000007e       0x79 ../../components/newlib/armca5/libc.a(lib_a-impure.o)
                                 0x7a (size before relaxing)
 .comment       0x000000f7       0x7a ../../components/newlib/armca5/libc.a(lib_a-memcmp.o)
 .comment       0x000000f7       0x7a ../../components/newlib/armca5/libc.a(lib_a-memcpy-stub.o)
 .comment       0x000000f7       0x7a ../../components/newlib/armca5/libc.a(lib_a-memset.o)
 .comment       0x000000f7       0x7f lib/libhal_prop.a(ql_hal_spi_flash_prop.c.obj)

.ARM.attributes
                0x00000000       0x3d
 *(.ARM.attributes)
 .ARM.attributes
                0x00000000       0x3d components/bootloader/CMakeFiles/fdl1.dir/fdl1/fdl1_main.c.obj
 .ARM.attributes
                0x0000003d       0x3d lib/libbootloader.a(boot_platform_8910.c.obj)
 .ARM.attributes
                0x0000007a       0x3d lib/libbootloader.a(boot_secure.c.obj)
 .ARM.attributes
                0x000000b7       0x2b lib/libbootloader.a(boot_entry_v7a.S.obj)
 .ARM.attributes
                0x000000e2       0x3d lib/libbootloader.a(boot_delay.c.obj)
 .ARM.attributes
                0x0000011f       0x3d lib/libbootloader.a(boot_mem.c.obj)
 .ARM.attributes
                0x0000015c       0x3d lib/libbootloader.a(boot_debuguart.c.obj)
 .ARM.attributes
                0x00000199       0x3d lib/libbootloader.a(boot_trace.c.obj)
 .ARM.attributes
                0x000001d6       0x3d lib/libbootloader.a(boot_fdl.c.obj)
 .ARM.attributes
                0x00000213       0x3d lib/libbootloader.a(boot_irq.c.obj)
 .ARM.attributes
                0x00000250       0x3d lib/libbootloader.a(boot_timer.c.obj)
 .ARM.attributes
                0x0000028d       0x3d lib/libbootloader.a(boot_uart.c.obj)
 .ARM.attributes
                0x000002ca       0x3d lib/libbootloader.a(boot_udc.c.obj)
 .ARM.attributes
                0x00000307       0x3d lib/libbootloader.a(boot_usb_fdl_channel.c.obj)
 .ARM.attributes
                0x00000344       0x3d lib/libbootloader.a(boot_adi_bus.c.obj)
 .ARM.attributes
                0x00000381       0x3d lib/libbootloader.a(boot_log.c.obj)
 .ARM.attributes
                0x000003be       0x3d lib/libhal.a(hal_clock_init.c.obj)
 .ARM.attributes
                0x000003fb       0x3d lib/libhal.a(hal_chip_8910.c.obj)
 .ARM.attributes
                0x00000438       0x3d lib/libhal.a(hal_efuse_8910.c.obj)
 .ARM.attributes
                0x00000475       0x3d lib/libhal.a(hal_delay.c.obj)
 .ARM.attributes
                0x000004b2       0x3d lib/libhal.a(hal_reg_apply.c.obj)
 .ARM.attributes
                0x000004ef       0x3d lib/libhal.a(hal_chip.c.obj)
 .ARM.attributes
                0x0000052c       0x3d lib/libhal.a(hal_hwspinlock.c.obj)
 .ARM.attributes
                0x00000569       0x3d lib/libhal.a(hal_blue_screen.c.obj)
 .ARM.attributes
                0x000005a6       0x3d lib/libosi_lib.a(osi_fifo.c.obj)
 .ARM.attributes
                0x000005e3       0x3d ../../components/newlib/armca5/libc.a(lib_a-impure.o)
 .ARM.attributes
                0x00000620       0x37 ../../components/newlib/armca5/libc.a(lib_a-memcmp.o)
 .ARM.attributes
                0x00000657       0x37 ../../components/newlib/armca5/libc.a(lib_a-memcpy-stub.o)
 .ARM.attributes
                0x0000068e       0x37 ../../components/newlib/armca5/libc.a(lib_a-memset.o)
 .ARM.attributes
                0x000006c5       0x1d ../../components/newlib/armca5/libc.a(lib_a-strlen.o)
 .ARM.attributes
                0x000006e2       0x1b ../../prebuilts/win32/gcc-arm-none-eabi/bin/../lib/gcc/arm-none-eabi/7.2.1/thumb/v7-ar/fpv3/hard/libgcc.a(_udivsi3.o)
 .ARM.attributes
                0x000006fd       0x1b ../../prebuilts/win32/gcc-arm-none-eabi/bin/../lib/gcc/arm-none-eabi/7.2.1/thumb/v7-ar/fpv3/hard/libgcc.a(_dvmd_tls.o)
 .ARM.attributes
                0x00000718       0x3d lib/libhal_prop.a(ql_hal_spi_flash_prop.c.obj)

.iplt           0x00000000        0x0
 *(.iplt)
 .iplt          0x00000000        0x0 components/bootloader/CMakeFiles/fdl1.dir/fdl1/fdl1_main.c.obj

.igot.plt       0x00000000        0x0
 *(.igot.plt)
 .igot.plt      0x00000000        0x0 components/bootloader/CMakeFiles/fdl1.dir/fdl1/fdl1_main.c.obj

.rel.dyn        0x00000000        0x0
 *(.rel.dyn)
 .rel.iplt      0x00000000        0x0 components/bootloader/CMakeFiles/fdl1.dir/fdl1/fdl1_main.c.obj

.glue_7         0x00000000        0x0
 *(.glue_7)
 .glue_7        0x00000000        0x0 linker stubs

.glue_7t        0x00000000        0x0
 *(.glue_7t)
 .glue_7t       0x00000000        0x0 linker stubs

.vfp11_veneer   0x00000000        0x0
 *(.vfp11_veneer)
 .vfp11_veneer  0x00000000        0x0 linker stubs

.v4_bx          0x00000000        0x0
 *(.v4_bx)
 .v4_bx         0x00000000        0x0 linker stubs

/DISCARD/
 *(.ARM.exidx*)
 *(.gnu.linkonce.armexidx*)
OUTPUT(hex\fdl1.elf elf32-littlearm)

.debug_info     0x00000000    0x275de
 .debug_info    0x00000000     0x17e9 components/bootloader/CMakeFiles/fdl1.dir/fdl1/fdl1_main.c.obj
 .debug_info    0x000017e9     0x269b lib/libbootloader.a(boot_platform_8910.c.obj)
 .debug_info    0x00003e84     0x1ba9 lib/libbootloader.a(boot_secure.c.obj)
 .debug_info    0x00005a2d       0x26 lib/libbootloader.a(boot_entry_v7a.S.obj)
 .debug_info    0x00005a53      0x1fb lib/libbootloader.a(boot_delay.c.obj)
 .debug_info    0x00005c4e      0x97f lib/libbootloader.a(boot_mem.c.obj)
 .debug_info    0x000065cd      0x601 lib/libbootloader.a(boot_debuguart.c.obj)
 .debug_info    0x00006bce      0x1f8 lib/libbootloader.a(boot_trace.c.obj)
 .debug_info    0x00006dc6     0x1b28 lib/libbootloader.a(boot_fdl.c.obj)
 .debug_info    0x000088ee     0x14d5 lib/libbootloader.a(boot_irq.c.obj)
 .debug_info    0x00009dc3      0xe69 lib/libbootloader.a(boot_timer.c.obj)
 .debug_info    0x0000ac2c     0x15b6 lib/libbootloader.a(boot_uart.c.obj)
 .debug_info    0x0000c1e2     0x4099 lib/libbootloader.a(boot_udc.c.obj)
 .debug_info    0x0001027b     0x1708 lib/libbootloader.a(boot_usb_fdl_channel.c.obj)
 .debug_info    0x00011983      0x758 lib/libbootloader.a(boot_adi_bus.c.obj)
 .debug_info    0x000120db     0x2fd8 lib/libbootloader.a(boot_log.c.obj)
 .debug_info    0x000150b3     0x780a lib/libhal.a(hal_clock_init.c.obj)
 .debug_info    0x0001c8bd     0x3886 lib/libhal.a(hal_chip_8910.c.obj)
 .debug_info    0x00020143     0x1e65 lib/libhal.a(hal_efuse_8910.c.obj)
 .debug_info    0x00021fa8      0x3ab lib/libhal.a(hal_delay.c.obj)
 .debug_info    0x00022353      0x1b8 lib/libhal.a(hal_reg_apply.c.obj)
 .debug_info    0x0002250b      0x3e4 lib/libhal.a(hal_chip.c.obj)
 .debug_info    0x000228ef      0x68b lib/libhal.a(hal_hwspinlock.c.obj)
 .debug_info    0x00022f7a     0x229f lib/libhal.a(hal_blue_screen.c.obj)
 .debug_info    0x00025219      0xe25 lib/libosi_lib.a(osi_fifo.c.obj)
 .debug_info    0x0002603e     0x15a0 lib/libhal_prop.a(ql_hal_spi_flash_prop.c.obj)

.debug_abbrev   0x00000000     0x4b3e
 .debug_abbrev  0x00000000      0x377 components/bootloader/CMakeFiles/fdl1.dir/fdl1/fdl1_main.c.obj
 .debug_abbrev  0x00000377      0x29a lib/libbootloader.a(boot_platform_8910.c.obj)
 .debug_abbrev  0x00000611      0x4d4 lib/libbootloader.a(boot_secure.c.obj)
 .debug_abbrev  0x00000ae5       0x14 lib/libbootloader.a(boot_entry_v7a.S.obj)
 .debug_abbrev  0x00000af9       0xd2 lib/libbootloader.a(boot_delay.c.obj)
 .debug_abbrev  0x00000bcb      0x2fe lib/libbootloader.a(boot_mem.c.obj)
 .debug_abbrev  0x00000ec9      0x159 lib/libbootloader.a(boot_debuguart.c.obj)
 .debug_abbrev  0x00001022      0x116 lib/libbootloader.a(boot_trace.c.obj)
 .debug_abbrev  0x00001138      0x4b3 lib/libbootloader.a(boot_fdl.c.obj)
 .debug_abbrev  0x000015eb      0x3db lib/libbootloader.a(boot_irq.c.obj)
 .debug_abbrev  0x000019c6      0x273 lib/libbootloader.a(boot_timer.c.obj)
 .debug_abbrev  0x00001c39      0x461 lib/libbootloader.a(boot_uart.c.obj)
 .debug_abbrev  0x0000209a      0x5d0 lib/libbootloader.a(boot_udc.c.obj)
 .debug_abbrev  0x0000266a      0x41e lib/libbootloader.a(boot_usb_fdl_channel.c.obj)
 .debug_abbrev  0x00002a88      0x1a6 lib/libbootloader.a(boot_adi_bus.c.obj)
 .debug_abbrev  0x00002c2e      0x4a8 lib/libbootloader.a(boot_log.c.obj)
 .debug_abbrev  0x000030d6      0x38b lib/libhal.a(hal_clock_init.c.obj)
 .debug_abbrev  0x00003461      0x454 lib/libhal.a(hal_chip_8910.c.obj)
 .debug_abbrev  0x000038b5      0x33d lib/libhal.a(hal_efuse_8910.c.obj)
 .debug_abbrev  0x00003bf2      0x15d lib/libhal.a(hal_delay.c.obj)
 .debug_abbrev  0x00003d4f      0x10f lib/libhal.a(hal_reg_apply.c.obj)
 .debug_abbrev  0x00003e5e       0xec lib/libhal.a(hal_chip.c.obj)
 .debug_abbrev  0x00003f4a      0x174 lib/libhal.a(hal_hwspinlock.c.obj)
 .debug_abbrev  0x000040be      0x4e1 lib/libhal.a(hal_blue_screen.c.obj)
 .debug_abbrev  0x0000459f      0x332 lib/libosi_lib.a(osi_fifo.c.obj)
 .debug_abbrev  0x000048d1      0x26d lib/libhal_prop.a(ql_hal_spi_flash_prop.c.obj)

.debug_loc      0x00000000     0x9d21
 .debug_loc     0x00000000      0x6f8 components/bootloader/CMakeFiles/fdl1.dir/fdl1/fdl1_main.c.obj
 .debug_loc     0x000006f8      0x143 lib/libbootloader.a(boot_platform_8910.c.obj)
 .debug_loc     0x0000083b      0x691 lib/libbootloader.a(boot_secure.c.obj)
 .debug_loc     0x00000ecc       0x42 lib/libbootloader.a(boot_delay.c.obj)
 .debug_loc     0x00000f0e      0x94c lib/libbootloader.a(boot_mem.c.obj)
 .debug_loc     0x0000185a      0x1b5 lib/libbootloader.a(boot_debuguart.c.obj)
 .debug_loc     0x00001a0f       0xf8 lib/libbootloader.a(boot_trace.c.obj)
 .debug_loc     0x00001b07      0xc38 lib/libbootloader.a(boot_fdl.c.obj)
 .debug_loc     0x0000273f      0x2be lib/libbootloader.a(boot_irq.c.obj)
 .debug_loc     0x000029fd       0xdb lib/libbootloader.a(boot_timer.c.obj)
 .debug_loc     0x00002ad8      0x750 lib/libbootloader.a(boot_uart.c.obj)
 .debug_loc     0x00003228     0x1037 lib/libbootloader.a(boot_udc.c.obj)
 .debug_loc     0x0000425f      0x889 lib/libbootloader.a(boot_usb_fdl_channel.c.obj)
 .debug_loc     0x00004ae8      0x200 lib/libbootloader.a(boot_adi_bus.c.obj)
 .debug_loc     0x00004ce8     0x1e6f lib/libbootloader.a(boot_log.c.obj)
 .debug_loc     0x00006b57      0x560 lib/libhal.a(hal_clock_init.c.obj)
 .debug_loc     0x000070b7      0xf33 lib/libhal.a(hal_chip_8910.c.obj)
 .debug_loc     0x00007fea      0x2d3 lib/libhal.a(hal_efuse_8910.c.obj)
 .debug_loc     0x000082bd       0xdc lib/libhal.a(hal_delay.c.obj)
 .debug_loc     0x00008399       0xbe lib/libhal.a(hal_reg_apply.c.obj)
 .debug_loc     0x00008457      0x488 lib/libhal.a(hal_chip.c.obj)
 .debug_loc     0x000088df      0x127 lib/libhal.a(hal_hwspinlock.c.obj)
 .debug_loc     0x00008a06      0xcd5 lib/libhal.a(hal_blue_screen.c.obj)
 .debug_loc     0x000096db      0x5f9 lib/libosi_lib.a(osi_fifo.c.obj)
 .debug_loc     0x00009cd4       0x4d lib/libhal_prop.a(ql_hal_spi_flash_prop.c.obj)

.debug_aranges  0x00000000      0x9a0
 .debug_aranges
                0x00000000       0x28 components/bootloader/CMakeFiles/fdl1.dir/fdl1/fdl1_main.c.obj
 .debug_aranges
                0x00000028       0x58 lib/libbootloader.a(boot_platform_8910.c.obj)
 .debug_aranges
                0x00000080       0x68 lib/libbootloader.a(boot_secure.c.obj)
 .debug_aranges
                0x000000e8       0x20 lib/libbootloader.a(boot_entry_v7a.S.obj)
 .debug_aranges
                0x00000108       0x38 lib/libbootloader.a(boot_delay.c.obj)
 .debug_aranges
                0x00000140       0x98 lib/libbootloader.a(boot_mem.c.obj)
 .debug_aranges
                0x000001d8       0x30 lib/libbootloader.a(boot_debuguart.c.obj)
 .debug_aranges
                0x00000208       0x30 lib/libbootloader.a(boot_trace.c.obj)
 .debug_aranges
                0x00000238       0x98 lib/libbootloader.a(boot_fdl.c.obj)
 .debug_aranges
                0x000002d0       0x50 lib/libbootloader.a(boot_irq.c.obj)
 .debug_aranges
                0x00000320       0x30 lib/libbootloader.a(boot_timer.c.obj)
 .debug_aranges
                0x00000350       0x90 lib/libbootloader.a(boot_uart.c.obj)
 .debug_aranges
                0x000003e0       0x98 lib/libbootloader.a(boot_udc.c.obj)
 .debug_aranges
                0x00000478       0x80 lib/libbootloader.a(boot_usb_fdl_channel.c.obj)
 .debug_aranges
                0x000004f8       0x40 lib/libbootloader.a(boot_adi_bus.c.obj)
 .debug_aranges
                0x00000538      0x130 lib/libbootloader.a(boot_log.c.obj)
 .debug_aranges
                0x00000668       0x70 lib/libhal.a(hal_clock_init.c.obj)
 .debug_aranges
                0x000006d8       0xb0 lib/libhal.a(hal_chip_8910.c.obj)
 .debug_aranges
                0x00000788       0x58 lib/libhal.a(hal_efuse_8910.c.obj)
 .debug_aranges
                0x000007e0       0x38 lib/libhal.a(hal_delay.c.obj)
 .debug_aranges
                0x00000818       0x28 lib/libhal.a(hal_reg_apply.c.obj)
 .debug_aranges
                0x00000840       0x48 lib/libhal.a(hal_chip.c.obj)
 .debug_aranges
                0x00000888       0x40 lib/libhal.a(hal_hwspinlock.c.obj)
 .debug_aranges
                0x000008c8       0x58 lib/libhal.a(hal_blue_screen.c.obj)
 .debug_aranges
                0x00000920       0x58 lib/libosi_lib.a(osi_fifo.c.obj)
 .debug_aranges
                0x00000978       0x28 lib/libhal_prop.a(ql_hal_spi_flash_prop.c.obj)

.debug_ranges   0x00000000     0x1738
 .debug_ranges  0x00000000       0xd0 components/bootloader/CMakeFiles/fdl1.dir/fdl1/fdl1_main.c.obj
 .debug_ranges  0x000000d0       0x60 lib/libbootloader.a(boot_platform_8910.c.obj)
 .debug_ranges  0x00000130      0x128 lib/libbootloader.a(boot_secure.c.obj)
 .debug_ranges  0x00000258       0x28 lib/libbootloader.a(boot_delay.c.obj)
 .debug_ranges  0x00000280      0x158 lib/libbootloader.a(boot_mem.c.obj)
 .debug_ranges  0x000003d8       0x50 lib/libbootloader.a(boot_debuguart.c.obj)
 .debug_ranges  0x00000428       0x38 lib/libbootloader.a(boot_trace.c.obj)
 .debug_ranges  0x00000460      0x138 lib/libbootloader.a(boot_fdl.c.obj)
 .debug_ranges  0x00000598      0x148 lib/libbootloader.a(boot_irq.c.obj)
 .debug_ranges  0x000006e0       0x20 lib/libbootloader.a(boot_timer.c.obj)
 .debug_ranges  0x00000700       0xc8 lib/libbootloader.a(boot_uart.c.obj)
 .debug_ranges  0x000007c8      0x278 lib/libbootloader.a(boot_udc.c.obj)
 .debug_ranges  0x00000a40       0xc8 lib/libbootloader.a(boot_usb_fdl_channel.c.obj)
 .debug_ranges  0x00000b08       0x68 lib/libbootloader.a(boot_adi_bus.c.obj)
 .debug_ranges  0x00000b70      0x5b8 lib/libbootloader.a(boot_log.c.obj)
 .debug_ranges  0x00001128       0xb0 lib/libhal.a(hal_clock_init.c.obj)
 .debug_ranges  0x000011d8      0x270 lib/libhal.a(hal_chip_8910.c.obj)
 .debug_ranges  0x00001448       0x48 lib/libhal.a(hal_efuse_8910.c.obj)
 .debug_ranges  0x00001490       0x28 lib/libhal.a(hal_delay.c.obj)
 .debug_ranges  0x000014b8       0x18 lib/libhal.a(hal_reg_apply.c.obj)
 .debug_ranges  0x000014d0       0x88 lib/libhal.a(hal_chip.c.obj)
 .debug_ranges  0x00001558       0x48 lib/libhal.a(hal_hwspinlock.c.obj)
 .debug_ranges  0x000015a0       0xc8 lib/libhal.a(hal_blue_screen.c.obj)
 .debug_ranges  0x00001668       0xb8 lib/libosi_lib.a(osi_fifo.c.obj)
 .debug_ranges  0x00001720       0x18 lib/libhal_prop.a(ql_hal_spi_flash_prop.c.obj)

.debug_line     0x00000000     0x5461
 .debug_line    0x00000000      0x390 components/bootloader/CMakeFiles/fdl1.dir/fdl1/fdl1_main.c.obj
 .debug_line    0x00000390      0x2ac lib/libbootloader.a(boot_platform_8910.c.obj)
 .debug_line    0x0000063c      0x3a4 lib/libbootloader.a(boot_secure.c.obj)
 .debug_line    0x000009e0       0xce lib/libbootloader.a(boot_entry_v7a.S.obj)
 .debug_line    0x00000aae      0x164 lib/libbootloader.a(boot_delay.c.obj)
 .debug_line    0x00000c12      0x2be lib/libbootloader.a(boot_mem.c.obj)
 .debug_line    0x00000ed0      0x1e4 lib/libbootloader.a(boot_debuguart.c.obj)
 .debug_line    0x000010b4      0x17b lib/libbootloader.a(boot_trace.c.obj)
 .debug_line    0x0000122f      0x4b9 lib/libbootloader.a(boot_fdl.c.obj)
 .debug_line    0x000016e8      0x37a lib/libbootloader.a(boot_irq.c.obj)
 .debug_line    0x00001a62      0x238 lib/libbootloader.a(boot_timer.c.obj)
 .debug_line    0x00001c9a      0x3bc lib/libbootloader.a(boot_uart.c.obj)
 .debug_line    0x00002056      0x5ae lib/libbootloader.a(boot_udc.c.obj)
 .debug_line    0x00002604      0x3bd lib/libbootloader.a(boot_usb_fdl_channel.c.obj)
 .debug_line    0x000029c1      0x21b lib/libbootloader.a(boot_adi_bus.c.obj)
 .debug_line    0x00002bdc      0x8ba lib/libbootloader.a(boot_log.c.obj)
 .debug_line    0x00003496      0x50e lib/libhal.a(hal_clock_init.c.obj)
 .debug_line    0x000039a4      0x74a lib/libhal.a(hal_chip_8910.c.obj)
 .debug_line    0x000040ee      0x35c lib/libhal.a(hal_efuse_8910.c.obj)
 .debug_line    0x0000444a      0x139 lib/libhal.a(hal_delay.c.obj)
 .debug_line    0x00004583      0x1b3 lib/libhal.a(hal_reg_apply.c.obj)
 .debug_line    0x00004736      0x1b4 lib/libhal.a(hal_chip.c.obj)
 .debug_line    0x000048ea      0x18e lib/libhal.a(hal_hwspinlock.c.obj)
 .debug_line    0x00004a78      0x4b1 lib/libhal.a(hal_blue_screen.c.obj)
 .debug_line    0x00004f29      0x34d lib/libosi_lib.a(osi_fifo.c.obj)
 .debug_line    0x00005276      0x1eb lib/libhal_prop.a(ql_hal_spi_flash_prop.c.obj)

.debug_str      0x00000000    0x11335
 .debug_str     0x00000000     0x15a0 components/bootloader/CMakeFiles/fdl1.dir/fdl1/fdl1_main.c.obj
                               0x16b7 (size before relaxing)
 .debug_str     0x000015a0     0x20ea lib/libbootloader.a(boot_platform_8910.c.obj)
                               0x22f7 (size before relaxing)
 .debug_str     0x0000368a      0x9f0 lib/libbootloader.a(boot_secure.c.obj)
                               0x111e (size before relaxing)
 .debug_str     0x0000407a       0x40 lib/libbootloader.a(boot_entry_v7a.S.obj)
                                 0x68 (size before relaxing)
 .debug_str     0x000040ba      0x18c lib/libbootloader.a(boot_delay.c.obj)
                                0x364 (size before relaxing)
 .debug_str     0x00004246      0x1c4 lib/libbootloader.a(boot_mem.c.obj)
                                0x473 (size before relaxing)
 .debug_str     0x0000440a      0x344 lib/libbootloader.a(boot_debuguart.c.obj)
                                0x587 (size before relaxing)
 .debug_str     0x0000474e       0x80 lib/libbootloader.a(boot_trace.c.obj)
                                0x2b6 (size before relaxing)
 .debug_str     0x000047ce      0x211 lib/libbootloader.a(boot_fdl.c.obj)
                               0x1518 (size before relaxing)
 .debug_str     0x000049df      0xb02 lib/libbootloader.a(boot_irq.c.obj)
                               0x10e6 (size before relaxing)
 .debug_str     0x000054e1      0x143 lib/libbootloader.a(boot_timer.c.obj)
                                0xf72 (size before relaxing)
 .debug_str     0x00005624      0x3dc lib/libbootloader.a(boot_uart.c.obj)
                                0xa97 (size before relaxing)
 .debug_str     0x00005a00     0x1689 lib/libbootloader.a(boot_udc.c.obj)
                               0x1e04 (size before relaxing)
 .debug_str     0x00007089      0x1b7 lib/libbootloader.a(boot_usb_fdl_channel.c.obj)
                                0xa29 (size before relaxing)
 .debug_str     0x00007240      0x4d3 lib/libbootloader.a(boot_adi_bus.c.obj)
                                0x6e7 (size before relaxing)
 .debug_str     0x00007713      0xda9 lib/libbootloader.a(boot_log.c.obj)
                               0x1445 (size before relaxing)
 .debug_str     0x000084bc     0x60e2 lib/libhal.a(hal_clock_init.c.obj)
                               0x7855 (size before relaxing)
 .debug_str     0x0000e59e     0x1d90 lib/libhal.a(hal_chip_8910.c.obj)
                               0x30ae (size before relaxing)
 .debug_str     0x0001032e      0x151 lib/libhal.a(hal_efuse_8910.c.obj)
                               0x1786 (size before relaxing)
 .debug_str     0x0001047f       0xfd lib/libhal.a(hal_delay.c.obj)
                                0x44e (size before relaxing)
 .debug_str     0x0001057c       0x3e lib/libhal.a(hal_reg_apply.c.obj)
                                0x2a3 (size before relaxing)
 .debug_str     0x000105ba       0xd0 lib/libhal.a(hal_chip.c.obj)
                                0x409 (size before relaxing)
 .debug_str     0x0001068a      0x321 lib/libhal.a(hal_hwspinlock.c.obj)
                                0x5d8 (size before relaxing)
 .debug_str     0x000109ab      0x5ba lib/libhal.a(hal_blue_screen.c.obj)
                                0xd1f (size before relaxing)
 .debug_str     0x00010f65       0x79 lib/libosi_lib.a(osi_fifo.c.obj)
                                0x733 (size before relaxing)
 .debug_str     0x00010fde      0x357 lib/libhal_prop.a(ql_hal_spi_flash_prop.c.obj)
                               0x122a (size before relaxing)

.debug_frame    0x00000000     0x1b00
 .debug_frame   0x00000000       0x7c components/bootloader/CMakeFiles/fdl1.dir/fdl1/fdl1_main.c.obj
 .debug_frame   0x0000007c       0xe0 lib/libbootloader.a(boot_platform_8910.c.obj)
 .debug_frame   0x0000015c      0x140 lib/libbootloader.a(boot_secure.c.obj)
 .debug_frame   0x0000029c       0x50 lib/libbootloader.a(boot_delay.c.obj)
 .debug_frame   0x000002ec      0x170 lib/libbootloader.a(boot_mem.c.obj)
 .debug_frame   0x0000045c       0x58 lib/libbootloader.a(boot_debuguart.c.obj)
 .debug_frame   0x000004b4       0x5c lib/libbootloader.a(boot_trace.c.obj)
 .debug_frame   0x00000510      0x1d8 lib/libbootloader.a(boot_fdl.c.obj)
 .debug_frame   0x000006e8       0xb0 lib/libbootloader.a(boot_irq.c.obj)
 .debug_frame   0x00000798       0x48 lib/libbootloader.a(boot_timer.c.obj)
 .debug_frame   0x000007e0      0x150 lib/libbootloader.a(boot_uart.c.obj)
 .debug_frame   0x00000930      0x1d0 lib/libbootloader.a(boot_udc.c.obj)
 .debug_frame   0x00000b00      0x16c lib/libbootloader.a(boot_usb_fdl_channel.c.obj)
 .debug_frame   0x00000c6c       0x98 lib/libbootloader.a(boot_adi_bus.c.obj)
 .debug_frame   0x00000d04      0x55c lib/libbootloader.a(boot_log.c.obj)
 .debug_frame   0x00001260      0x138 lib/libhal.a(hal_clock_init.c.obj)
 .debug_frame   0x00001398      0x228 lib/libhal.a(hal_chip_8910.c.obj)
 .debug_frame   0x000015c0       0xec lib/libhal.a(hal_efuse_8910.c.obj)
 .debug_frame   0x000016ac       0x5c lib/libhal.a(hal_delay.c.obj)
 .debug_frame   0x00001708       0x5c lib/libhal.a(hal_reg_apply.c.obj)
 .debug_frame   0x00001764       0xf4 lib/libhal.a(hal_chip.c.obj)
 .debug_frame   0x00001858       0x7c lib/libhal.a(hal_hwspinlock.c.obj)
 .debug_frame   0x000018d4       0xd0 lib/libhal.a(hal_blue_screen.c.obj)
 .debug_frame   0x000019a4      0x10c lib/libosi_lib.a(osi_fifo.c.obj)
 .debug_frame   0x00001ab0       0x20 ../../prebuilts/win32/gcc-arm-none-eabi/bin/../lib/gcc/arm-none-eabi/7.2.1/thumb/v7-ar/fpv3/hard/libgcc.a(_udivsi3.o)
 .debug_frame   0x00001ad0       0x30 lib/libhal_prop.a(ql_hal_spi_flash_prop.c.obj)
